__kmp_affinity_determine_capable: affinity supported (mask size 8)
__kmp_register_root: entered
__kmp_register_root: found slot in threads array: T#0
__kmp_initialize_root: before root_team
__kmp_allocate_team: called
__kmp_allocate_team: making a new team
__kmp_initialize_team: enter: team=0x5fa38c5dea80
__kmp_reinitialize_team: enter this_thread=(nil) team=0x5fa38c5dea80
__kmp_init_implicit_task(enter): T#:0 team=0x5fa38c5dea80 task=0x5fa38c5e1180, reinit=FALSE
__kmp_init_implicit_task(exit): T#:0 team=0x5fa38c5dea80 task=0x5fa38c5e1180
__kmp_reinitialize_team: exit this_thread=(nil) team=0x5fa38c5dea80
__kmp_initialize_team: exit: team=0x5fa38c5dea80
__kmp_allocate_team: setting task_team[0] 0x5fa38c5dec28 and task_team[1] 0x5fa38c5dec30 to NULL
__kmp_allocate_team: team -1 init arrived: join=0, plain=0
__kmp_allocate_team: done creating a new team -1.
__kmp_initialize_root: after root_team = 0x5fa38c5dea80
__kmp_initialize_root: init root team -1 arrived: join=0, plain=0
__kmp_initialize_root: before hot_team
__kmp_allocate_team: called
__kmp_allocate_team: making a new team
__kmp_initialize_team: enter: team=0x5fa38c5df300
__kmp_reinitialize_team: enter this_thread=(nil) team=0x5fa38c5df300
__kmp_init_implicit_task(enter): T#:0 team=0x5fa38c5df300 task=0x5fa38c5e6a40, reinit=FALSE
__kmp_init_implicit_task(exit): T#:0 team=0x5fa38c5df300 task=0x5fa38c5e6a40
__kmp_reinitialize_team: exit this_thread=(nil) team=0x5fa38c5df300
__kmp_initialize_team: exit: team=0x5fa38c5df300
__kmp_allocate_team: setting task_team[0] 0x5fa38c5df4a8 and task_team[1] 0x5fa38c5df4b0 to NULL
__kmp_allocate_team: team -1 init arrived: join=0, plain=0
__kmp_allocate_team: done creating a new team -1.
__kmp_initialize_root: after hot_team = 0x5fa38c5df300
__kmp_register_root: before serial_team
__kmp_allocate_team: called
__kmp_allocate_team: making a new team
__kmp_initialize_team: enter: team=0x5fa38c5eb1c0
__kmp_reinitialize_team: enter this_thread=(nil) team=0x5fa38c5eb1c0
__kmp_init_implicit_task(enter): T#:0 team=0x5fa38c5eb1c0 task=0x5fa38c5e0200, reinit=FALSE
__kmp_init_implicit_task(exit): T#:0 team=0x5fa38c5eb1c0 task=0x5fa38c5e0200
__kmp_reinitialize_team: exit this_thread=(nil) team=0x5fa38c5eb1c0
__kmp_initialize_team: exit: team=0x5fa38c5eb1c0
__kmp_allocate_team: setting task_team[0] 0x5fa38c5eb368 and task_team[1] 0x5fa38c5eb370 to NULL
__kmp_allocate_team: team -1 init arrived: join=0, plain=0
__kmp_allocate_team: done creating a new team -1.
__kmp_register_root: after serial_team = 0x5fa38c5eb1c0
__kmp_initialize_info1: T#0:0 this_thread=0x5fa38c5ea6c0 curtask=(nil)
__kmp_init_implicit_task(enter): T#:0 team=0x5fa38c5dea80 task=0x5fa38c5e1180, reinit=TRUE
__kmp_push_current_task_to_thread(enter): T#0 this_thread=0x5fa38c5ea6c0 curtask=(nil) parent_task=(nil)
__kmp_push_current_task_to_thread(exit): T#0 this_thread=0x5fa38c5ea6c0 curtask=0x5fa38c5e1180 parent_task=(nil)
__kmp_init_implicit_task(exit): T#:0 team=0x5fa38c5dea80 task=0x5fa38c5e1180
__kmp_initialize_info2: T#0:0 this_thread=0x5fa38c5ea6c0 curtask=0x5fa38c5e1180
__kmp_create_worker: uber thread (0)
__kmp_check_stack_overlap: called
__kmp_check_stack_overlap: returning
__kmp_register_root: T#0 init T#0(-1:0) arrived: join=0, plain=0
__kmp_do_serial_initialize  T#0

User settings:

   KMP_AFFINITY=verbose
   KMP_A_DEBUG=20
   KMP_DEBUG=1
   KMP_F_DEBUG=20
   KMP_SETTINGS=1
   OMP_DISPLAY_AFFINITY=1
   OMP_DYNAMIC=true
   OMP_PLACES=cores
   OMP_PROC_BIND=spread

Effective settings:

   KMP_ABORT_DELAY=0
   KMP_ADAPTIVE_LOCK_PROPS='1,1024'
   KMP_ALIGN_ALLOC=64
   KMP_ALL_THREADPRIVATE=128
   KMP_ATOMIC_MODE=2
   KMP_A_DEBUG=20
   KMP_BLOCKTIME=200ms
   KMP_B_DEBUG=1
   KMP_CONSISTENCY_CHECK=none
   KMP_CPUINFO_FILE: value is not defined
   KMP_C_DEBUG=1
   KMP_DEBUG_BUF=false
   KMP_DEBUG_BUF_ATOMIC=false
   KMP_DEBUG_BUF_CHARS=128
   KMP_DEBUG_BUF_LINES=512
   KMP_DETERMINISTIC_REDUCTION=false
   KMP_DEVICE_THREAD_LIMIT=2147483647
   KMP_DIAG=0
   KMP_DISP_NUM_BUFFERS=7
   KMP_DUPLICATE_LIB_OK=false
   KMP_DYNAMIC_MODE: value is not defined 
   KMP_D_DEBUG=1
   KMP_ENABLE_TASK_THROTTLING=true
   KMP_E_DEBUG=1
   KMP_FORCE_MONOTONIC_DYNAMIC_SCHEDULE=false
   KMP_FORCE_REDUCTION: value is not defined
   KMP_FOREIGN_THREADS_THREADPRIVATE=true
   KMP_FORKJOIN_BARRIER='2,2'
   KMP_FORKJOIN_BARRIER_PATTERN='hyper,hyper'
   KMP_FORKJOIN_FRAMES=true
   KMP_FORKJOIN_FRAMES_MODE=3
   KMP_F_DEBUG=20
   KMP_GTID_MODE=3
   KMP_HANDLE_SIGNALS=false
   KMP_HIDDEN_HELPER_AFFINITY='noverbose,warnings,granularity=core,none'
   KMP_HOT_TEAMS_MAX_LEVEL=1
   KMP_HOT_TEAMS_MODE=0
   KMP_INHERIT_FP_CONTROL=true
   KMP_INIT_AT_FORK=true
   KMP_ITT_PREPARE_DELAY=0
   KMP_LIBRARY=throughput
   KMP_LOAD_BALANCE_INTERVAL=1.000000
   KMP_LOCK_KIND=queuing
   KMP_MALLOC_POOL_INCR=1M
   KMP_MWAIT_HINTS=0
   KMP_NESTING_MODE=0
   KMP_NUM_LOCKS_IN_BLOCK=1
   KMP_PLAIN_BARRIER='2,2'
   KMP_PLAIN_BARRIER_PATTERN='hyper,hyper'
   KMP_REDUCTION_BARRIER='1,1'
   KMP_REDUCTION_BARRIER_PATTERN='hyper,hyper'
   KMP_SCHEDULE='static,balanced;guided,iterative'
   KMP_SETTINGS=true
   KMP_SPIN_BACKOFF_PARAMS='4096,100'
   KMP_STACKOFFSET=64
   KMP_STACKPAD=0
   KMP_STACKSIZE=8M
   KMP_STORAGE_MAP=false
   KMP_TASKING=2
   KMP_TASKLOOP_MIN_TASKS=0
   KMP_TASK_STEALING_CONSTRAINT=1
   KMP_TEAMS_PROC_BIND=spread
   KMP_TEAMS_THREAD_LIMIT=24
   KMP_TOPOLOGY_METHOD=all
   KMP_TPAUSE=0
   KMP_USER_LEVEL_MWAIT=false
   KMP_USE_YIELD=1
   KMP_VERSION=false
   KMP_WARNINGS=true
   LIBOMP_NUM_HIDDEN_HELPER_THREADS=7
   LIBOMP_USE_HIDDEN_HELPER_TASK=true
   OMP_AFFINITY_FORMAT='OMP: pid %P tid %i thread %n bound to OS proc set {%A}'
   OMP_ALLOCATOR=omp_default_mem_alloc
   OMP_CANCELLATION=false
   OMP_DEFAULT_DEVICE=0
   OMP_DISPLAY_AFFINITY=true
   OMP_DISPLAY_ENV=false
   OMP_DYNAMIC=true
   OMP_MAX_ACTIVE_LEVELS=1
   OMP_MAX_TASK_PRIORITY=0
   OMP_NESTED: deprecated; max-active-levels-var=1
   OMP_NUM_TEAMS=0
   OMP_NUM_THREADS: value is not defined
   OMP_PLACES='cores'
   OMP_PROC_BIND='spread'
   OMP_SCHEDULE='static'
   OMP_STACKSIZE=8M
   OMP_TARGET_OFFLOAD=DEFAULT
   OMP_TEAMS_THREAD_LIMIT=0
   OMP_THREAD_LIMIT=2147483647
   OMP_TOOL=enabled
   OMP_TOOL_LIBRARIES: value is not defined
   OMP_TOOL_VERBOSE_INIT: value is not defined
   OMP_WAIT_POLICY=PASSIVE
   KMP_AFFINITY='verbose,warnings,respect,noreset,granularity=core,compact,0,0'

__kmp_do_serial_initialize: exit
__kmp_fork_call: enter T#0
__kmp_middle_initialize: enter
OMP: Info #155: KMP_AFFINITY: Initial OS proc set respected: 0-23
OMP: Info #216: KMP_AFFINITY: decoding x2APIC ids.
OMP: Info #157: KMP_AFFINITY: 24 available OS procs
OMP: Info #158: KMP_AFFINITY: Uniform topology
OMP: Info #289: KMP_AFFINITY: topology layer "LL cache" is equivalent to "socket".
OMP: Info #191: KMP_AFFINITY: 1 socket x 12 cores/socket x 2 threads/core (12 total cores)
OMP: Info #218: KMP_AFFINITY: OS proc to physical thread map:
OMP: Info #172: KMP_AFFINITY: OS proc 0 maps to socket 0 core 0 thread 0 
OMP: Info #172: KMP_AFFINITY: OS proc 12 maps to socket 0 core 0 thread 1 
OMP: Info #172: KMP_AFFINITY: OS proc 1 maps to socket 0 core 1 thread 2 
OMP: Info #172: KMP_AFFINITY: OS proc 13 maps to socket 0 core 1 thread 3 
OMP: Info #172: KMP_AFFINITY: OS proc 2 maps to socket 0 core 2 thread 4 
OMP: Info #172: KMP_AFFINITY: OS proc 14 maps to socket 0 core 2 thread 5 
OMP: Info #172: KMP_AFFINITY: OS proc 3 maps to socket 0 core 3 thread 6 
OMP: Info #172: KMP_AFFINITY: OS proc 15 maps to socket 0 core 3 thread 7 
OMP: Info #172: KMP_AFFINITY: OS proc 4 maps to socket 0 core 4 thread 8 
OMP: Info #172: KMP_AFFINITY: OS proc 16 maps to socket 0 core 4 thread 9 
OMP: Info #172: KMP_AFFINITY: OS proc 5 maps to socket 0 core 5 thread 10 
OMP: Info #172: KMP_AFFINITY: OS proc 17 maps to socket 0 core 5 thread 11 
OMP: Info #172: KMP_AFFINITY: OS proc 6 maps to socket 0 core 6 thread 12 
OMP: Info #172: KMP_AFFINITY: OS proc 18 maps to socket 0 core 6 thread 13 
OMP: Info #172: KMP_AFFINITY: OS proc 7 maps to socket 0 core 7 thread 14 
OMP: Info #172: KMP_AFFINITY: OS proc 19 maps to socket 0 core 7 thread 15 
OMP: Info #172: KMP_AFFINITY: OS proc 8 maps to socket 0 core 8 thread 16 
OMP: Info #172: KMP_AFFINITY: OS proc 20 maps to socket 0 core 8 thread 17 
OMP: Info #172: KMP_AFFINITY: OS proc 9 maps to socket 0 core 9 thread 18 
OMP: Info #172: KMP_AFFINITY: OS proc 21 maps to socket 0 core 9 thread 19 
OMP: Info #172: KMP_AFFINITY: OS proc 10 maps to socket 0 core 10 thread 20 
OMP: Info #172: KMP_AFFINITY: OS proc 22 maps to socket 0 core 10 thread 21 
OMP: Info #172: KMP_AFFINITY: OS proc 11 maps to socket 0 core 11 thread 22 
OMP: Info #172: KMP_AFFINITY: OS proc 23 maps to socket 0 core 11 thread 23 
OMP: Info #145: OMP_PLACES: Threads may migrate across 1 innermost levels of machine
__kmp_middle_initialize: setting __kmp_dflt_team_nth = __kmp_avail_proc(24)
__kmp_middle_initialize: final value for __kmp_dflt_team_nth = 24
__kmp_do_middle_initialize: exit
OMP: Info #254: OMP_PROC_BIND: pid 178729 tid 178729 thread 0 bound to OS proc set 0,12
__kmp_parallel_initialize: enter
__kmp_parallel_initialize: exit
__kmp_determine_teamsize: called
__kmp_determine_teamsize: returning 11
__kmp_fork_call: parent_team_aclevel=0, master_th=0x5fa38c5ea6c0, curtask=0x5fa38c5e1180, curtask_max_aclevel=1
__kmp_fork_call: before __kmp_allocate_team
__kmp_allocate_team: called
__kmp_allocate_team: hot team task_team[0] = (nil) task_team[1] = (nil) before reinit
__kmp_allocate_team: increasing hot team thread count to 11
__kmp_allocate_thread: T#0
__kmp_allocate_thread: before th_serial/serial_team
__kmp_allocate_team: called
__kmp_allocate_team: making a new team
__kmp_initialize_team: enter: team=0x5fa38c5efb00
__kmp_reinitialize_team: enter this_thread=(nil) team=0x5fa38c5efb00
__kmp_init_implicit_task(enter): T#:0 team=0x5fa38c5efb00 task=0x5fa38c5f0580, reinit=FALSE
__kmp_init_implicit_task(exit): T#:0 team=0x5fa38c5efb00 task=0x5fa38c5f0580
__kmp_reinitialize_team: exit this_thread=(nil) team=0x5fa38c5efb00
__kmp_initialize_team: exit: team=0x5fa38c5efb00
__kmp_allocate_team: setting task_team[0] 0x5fa38c5efca8 and task_team[1] 0x5fa38c5efcb0 to NULL
__kmp_allocate_team: team -1 init arrived: join=0, plain=0
__kmp_allocate_team: done creating a new team -1.
__kmp_allocate_thread: after th_serial/serial_team : new_thr=0x5fa38c5ef480
__kmp_initialize_info1: T#1:9 this_thread=0x5fa38c5ef480 curtask=(nil)
__kmp_init_implicit_task(enter): T#:1 team=0x5fa38c5df300 task=0x5fa38c5e6b80, reinit=TRUE
__kmp_push_current_task_to_thread(enter): T#1 this_thread=0x5fa38c5ef480 curtask=(nil) parent_task=(nil)
__kmp_push_current_task_to_thread(exit): T#1 this_thread=0x5fa38c5ef480 curtask=0x5fa38c5e6b80 parent_task=(nil)
__kmp_init_implicit_task(exit): T#:1 team=0x5fa38c5df300 task=0x5fa38c5e6b80
__kmp_initialize_info2: T#1:9 this_thread=0x5fa38c5ef480 curtask=0x5fa38c5e6b80
__kmp_allocate_thread: T#0 init go fork=0, plain=0
__kmp_allocate_thread: before __kmp_create_worker: 0x5fa38c5ef480
__kmp_create_worker: try to create thread (9)
__kmp_create_worker: T#9, default stacksize = 4194304 bytes, __kmp_stksize = 8388608 bytes, final stacksize = 8389760 bytes
__kmp_create_worker: done creating thread (9)
__kmp_allocate_thread: after __kmp_create_worker: 0x5fa38c5ef480
__kmp_allocate_thread: T#0 forked T#9
__kmp_allocate_team: team -1 init T#9 arrived: join=4294967295, plain=1
__kmp_allocate_thread: T#0
__kmp_allocate_thread: before th_serial/serial_team
__kmp_allocate_team: called
__kmp_allocate_team: making a new team
__kmp_initialize_team: enter: team=0x5fa38c5f2a80
__kmp_reinitialize_team: enter this_thread=(nil) team=0x5fa38c5f2a80
__kmp_init_implicit_task(enter): T#:0 team=0x5fa38c5f2a80 task=0x5fa38c5f3540, reinit=FALSE
__kmp_init_implicit_task(exit): T#:0 team=0x5fa38c5f2a80 task=0x5fa38c5f3540
__kmp_reinitialize_team: exit this_thread=(nil) team=0x5fa38c5f2a80
__kmp_initialize_team: exit: team=0x5fa38c5f2a80
__kmp_allocate_team: setting task_team[0] 0x5fa38c5f2c28 and task_team[1] 0x5fa38c5f2c30 to NULL
__kmp_allocate_team: team -1 init arrived: join=0, plain=0
__kmp_allocate_team: done creating a new team -1.
__kmp_allocate_thread: after th_serial/serial_team : new_thr=0x5fa38c5f2440
__kmp_initialize_info1: T#2:10 this_thread=0x5fa38c5f2440 curtask=(nil)
__kmp_init_implicit_task(enter): T#:2 team=0x5fa38c5df300 task=0x5fa38c5e6cc0, reinit=TRUE
__kmp_push_current_task_to_thread(enter): T#2 this_thread=0x5fa38c5f2440 curtask=(nil) parent_task=(nil)
__kmp_push_current_task_to_thread(exit): T#2 this_thread=0x5fa38c5f2440 curtask=0x5fa38c5e6cc0 parent_task=(nil)
__kmp_init_implicit_task(exit): T#:2 team=0x5fa38c5df300 task=0x5fa38c5e6cc0
__kmp_initialize_info2: T#2:10 this_thread=0x5fa38c5f2440 curtask=0x5fa38c5e6cc0
__kmp_allocate_thread: T#0 init go fork=0, plain=0
__kmp_allocate_thread: before __kmp_create_worker: 0x5fa38c5f2440
__kmp_create_worker: try to create thread (10)
__kmp_create_worker: T#10, default stacksize = 4194304 bytes, __kmp_stksize = 8388608 bytes, final stacksize = 8389888 bytes
__kmp_check_stack_overlap: called
__kmp_check_stack_overlap: performing extensive checking
__kmp_check_stack_overlap: returning
__kmp_launch_thread: T#9 start
__kmp_launch_thread: T#9 waiting for work
__kmp_create_worker: done creating thread (10)
__kmp_allocate_thread: after __kmp_create_worker: 0x5fa38c5f2440
__kmp_allocate_thread: T#0 forked T#10
__kmp_allocate_team: team -1 init T#10 arrived: join=4294967295, plain=2
__kmp_allocate_thread: T#0
__kmp_allocate_thread: before th_serial/serial_team
__kmp_allocate_team: called
__kmp_allocate_team: making a new team
__kmp_initialize_team: enter: team=0x5fa38c5f5a40
__kmp_reinitialize_team: enter this_thread=(nil) team=0x5fa38c5f5a40
__kmp_init_implicit_task(enter): T#:0 team=0x5fa38c5f5a40 task=0x5fa38c5f6500, reinit=FALSE
__kmp_init_implicit_task(exit): T#:0 team=0x5fa38c5f5a40 task=0x5fa38c5f6500
__kmp_reinitialize_team: exit this_thread=(nil) team=0x5fa38c5f5a40
__kmp_initialize_team: exit: team=0x5fa38c5f5a40
__kmp_allocate_team: setting task_team[0] 0x5fa38c5f5be8 and task_team[1] 0x5fa38c5f5bf0 to NULL
__kmp_allocate_team: team -1 init arrived: join=0, plain=0
__kmp_allocate_team: done creating a new team -1.
__kmp_allocate_thread: after th_serial/serial_team : new_thr=0x5fa38c5f53c0
__kmp_initialize_info1: T#3:11 this_thread=0x5fa38c5f53c0 curtask=(nil)
__kmp_init_implicit_task(enter): T#:3 team=0x5fa38c5df300 task=0x5fa38c5e6e00, reinit=TRUE
__kmp_push_current_task_to_thread(enter): T#3 this_thread=0x5fa38c5f53c0 curtask=(nil) parent_task=(nil)
__kmp_push_current_task_to_thread(exit): T#3 this_thread=0x5fa38c5f53c0 curtask=0x5fa38c5e6e00 parent_task=(nil)
__kmp_init_implicit_task(exit): T#:3 team=0x5fa38c5df300 task=0x5fa38c5e6e00
__kmp_initialize_info2: T#3:11 this_thread=0x5fa38c5f53c0 curtask=0x5fa38c5e6e00
__kmp_allocate_thread: T#0 init go fork=0, plain=0
__kmp_allocate_thread: before __kmp_create_worker: 0x5fa38c5f53c0
__kmp_create_worker: try to create thread (11)
__kmp_create_worker: T#11, default stacksize = 4194304 bytes, __kmp_stksize = 8388608 bytes, final stacksize = 8390016 bytes
__kmp_hyper_barrier_release: T#9 wait go(0x5fa38c5ef7f8) == 4
__kmp_create_worker: done creating thread (11)
__kmp_allocate_thread: after __kmp_create_worker: 0x5fa38c5f53c0
__kmp_allocate_thread: T#0 forked T#11
__kmp_allocate_team: team -1 init T#11 arrived: join=4294967295, plain=3
__kmp_wait_sleep: T#9 waiting for flag(0x7588ffbfde80)
__kmp_suspend_template: T#9 setting sleep bit for spin(0x5fa38c5ef7f8)
__kmp_suspend_template: T#9 set sleep bit for spin(0x5fa38c5ef7f8)==1, was 0
__kmp_suspend_template: T#9 about to perform pthread_cond_wait
__kmp_allocate_thread: T#0
__kmp_allocate_thread: before th_serial/serial_team
__kmp_allocate_team: called
__kmp_allocate_team: making a new team
__kmp_initialize_team: enter: team=0x5fa38c5f8a00
__kmp_reinitialize_team: enter this_thread=(nil) team=0x5fa38c5f8a00
__kmp_init_implicit_task(enter): T#:0 team=0x5fa38c5f8a00 task=0x5fa38c5f94c0, reinit=FALSE
__kmp_init_implicit_task(exit): T#:0 team=0x5fa38c5f8a00 task=0x5fa38c5f94c0
__kmp_reinitialize_team: exit this_thread=(nil) team=0x5fa38c5f8a00
__kmp_initialize_team: exit: team=0x5fa38c5f8a00
__kmp_allocate_team: setting task_team[0] 0x5fa38c5f8ba8 and task_team[1] 0x5fa38c5f8bb0 to NULL
__kmp_allocate_team: team -1 init arrived: join=0, plain=0
__kmp_allocate_team: done creating a new team -1.
__kmp_allocate_thread: after th_serial/serial_team : new_thr=0x5fa38c5f8380
__kmp_initialize_info1: T#4:12 this_thread=0x5fa38c5f8380 curtask=(nil)
__kmp_init_implicit_task(enter): T#:4 team=0x5fa38c5df300 task=0x5fa38c5e6f40, reinit=TRUE
__kmp_push_current_task_to_thread(enter): T#4 this_thread=0x5fa38c5f8380 curtask=(nil) parent_task=(nil)
__kmp_push_current_task_to_thread(exit): T#4 this_thread=0x5fa38c5f8380 curtask=0x5fa38c5e6f40 parent_task=(nil)
__kmp_init_implicit_task(exit): T#:4 team=0x5fa38c5df300 task=0x5fa38c5e6f40
__kmp_initialize_info2: T#4:12 this_thread=0x5fa38c5f8380 curtask=0x5fa38c5e6f40
__kmp_allocate_thread: T#0 init go fork=0, plain=0
__kmp_allocate_thread: before __kmp_create_worker: 0x5fa38c5f8380
__kmp_create_worker: try to create thread (12)
__kmp_create_worker: T#12, default stacksize = 4194304 bytes, __kmp_stksize = 8388608 bytes, final stacksize = 8390144 bytes
__kmp_check_stack_overlap: called
__kmp_check_stack_overlap: performing extensive checking
__kmp_check_stack_overlap: returning
__kmp_launch_thread: T#10 start
__kmp_launch_thread: T#10 waiting for work
__kmp_hyper_barrier_release: T#10 wait go(0x5fa38c5f27b8) == 4
__kmp_wait_sleep: T#10 waiting for flag(0x7588ff3fbec0)
__kmp_suspend_template: T#10 setting sleep bit for spin(0x5fa38c5f27b8)
__kmp_suspend_template: T#10 set sleep bit for spin(0x5fa38c5f27b8)==1, was 0
__kmp_suspend_template: T#10 about to perform pthread_cond_wait
__kmp_check_stack_overlap: called
__kmp_check_stack_overlap: performing extensive checking
__kmp_check_stack_overlap: returning
__kmp_launch_thread: T#11 start
__kmp_launch_thread: T#11 waiting for work
__kmp_hyper_barrier_release: T#11 wait go(0x5fa38c5f5738) == 4
__kmp_create_worker: done creating thread (12)
__kmp_allocate_thread: after __kmp_create_worker: 0x5fa38c5f8380
__kmp_allocate_thread: T#0 forked T#12
__kmp_allocate_team: team -1 init T#12 arrived: join=4294967295, plain=4
__kmp_allocate_thread: T#0
__kmp_allocate_thread: before th_serial/serial_team
__kmp_allocate_team: called
__kmp_wait_sleep: T#11 waiting for flag(0x7588febf9f00)
__kmp_allocate_team: making a new team
__kmp_initialize_team: enter: team=0x5fa38c5fb9c0
__kmp_reinitialize_team: enter this_thread=(nil) team=0x5fa38c5fb9c0
__kmp_init_implicit_task(enter): T#:0 team=0x5fa38c5fb9c0 task=0x5fa38c5fc440, reinit=FALSE
__kmp_init_implicit_task(exit): T#:0 team=0x5fa38c5fb9c0 task=0x5fa38c5fc440
__kmp_reinitialize_team: exit this_thread=(nil) team=0x5fa38c5fb9c0
__kmp_initialize_team: exit: team=0x5fa38c5fb9c0
__kmp_allocate_team: setting task_team[0] 0x5fa38c5fbb68 and task_team[1] 0x5fa38c5fbb70 to NULL
__kmp_allocate_team: team -1 init arrived: join=0, plain=0
__kmp_allocate_team: done creating a new team -1.
__kmp_allocate_thread: after th_serial/serial_team : new_thr=0x5fa38c5fb340
__kmp_initialize_info1: T#5:13 this_thread=0x5fa38c5fb340 curtask=(nil)
__kmp_init_implicit_task(enter): T#:5 team=0x5fa38c5df300 task=0x5fa38c5e7080, reinit=TRUE
__kmp_push_current_task_to_thread(enter): T#5 this_thread=0x5fa38c5fb340 curtask=(nil) parent_task=(nil)
__kmp_suspend_template: T#11 setting sleep bit for spin(0x5fa38c5f5738)
__kmp_check_stack_overlap: called
__kmp_push_current_task_to_thread(exit): T#5 this_thread=0x5fa38c5fb340 curtask=0x5fa38c5e7080 parent_task=(nil)
__kmp_init_implicit_task(exit): T#:5 team=0x5fa38c5df300 task=0x5fa38c5e7080
__kmp_suspend_template: T#11 set sleep bit for spin(0x5fa38c5f5738)==1, was 0
__kmp_suspend_template: T#11 about to perform pthread_cond_wait
__kmp_initialize_info2: T#5:13 this_thread=0x5fa38c5fb340 curtask=0x5fa38c5e7080
__kmp_check_stack_overlap: performing extensive checking
__kmp_check_stack_overlap: returning
__kmp_allocate_thread: T#0 init go fork=0, plain=0
__kmp_launch_thread: T#12 start
__kmp_launch_thread: T#12 waiting for work
__kmp_hyper_barrier_release: T#12 wait go(0x5fa38c5f86f8) == 4
__kmp_wait_sleep: T#12 waiting for flag(0x7588fe3f7f40)
__kmp_suspend_template: T#12 setting sleep bit for spin(0x5fa38c5f86f8)
__kmp_suspend_template: T#12 set sleep bit for spin(0x5fa38c5f86f8)==1, was 0
__kmp_suspend_template: T#12 about to perform pthread_cond_wait
__kmp_allocate_thread: before __kmp_create_worker: 0x5fa38c5fb340
__kmp_create_worker: try to create thread (13)
__kmp_create_worker: T#13, default stacksize = 4194304 bytes, __kmp_stksize = 8388608 bytes, final stacksize = 8390272 bytes
__kmp_create_worker: done creating thread (13)
__kmp_allocate_thread: after __kmp_create_worker: 0x5fa38c5fb340
__kmp_allocate_thread: T#0 forked T#13
__kmp_allocate_team: team -1 init T#13 arrived: join=4294967295, plain=5
__kmp_allocate_thread: T#0
__kmp_allocate_thread: before th_serial/serial_team
__kmp_allocate_team: called
__kmp_allocate_team: making a new team
__kmp_initialize_team: enter: team=0x5fa38c5fe940
__kmp_reinitialize_team: enter this_thread=(nil) team=0x5fa38c5fe940
__kmp_init_implicit_task(enter): T#:0 team=0x5fa38c5fe940 task=0x5fa38c5ff400, reinit=FALSE
__kmp_init_implicit_task(exit): T#:0 team=0x5fa38c5fe940 task=0x5fa38c5ff400
__kmp_reinitialize_team: exit this_thread=(nil) team=0x5fa38c5fe940
__kmp_initialize_team: exit: team=0x5fa38c5fe940
__kmp_allocate_team: setting task_team[0] 0x5fa38c5feae8 and task_team[1] 0x5fa38c5feaf0 to NULL
__kmp_allocate_team: team -1 init arrived: join=0, plain=0
__kmp_allocate_team: done creating a new team -1.
__kmp_allocate_thread: after th_serial/serial_team : new_thr=0x5fa38c5fe300
__kmp_initialize_info1: T#6:14 this_thread=0x5fa38c5fe300 curtask=(nil)
__kmp_init_implicit_task(enter): T#:6 team=0x5fa38c5df300 task=0x5fa38c5e71c0, reinit=TRUE
__kmp_push_current_task_to_thread(enter): T#6 this_thread=0x5fa38c5fe300 curtask=(nil) parent_task=(nil)
__kmp_push_current_task_to_thread(exit): T#6 this_thread=0x5fa38c5fe300 curtask=0x5fa38c5e71c0 parent_task=(nil)
__kmp_init_implicit_task(exit): T#:6 team=0x5fa38c5df300 task=0x5fa38c5e71c0
__kmp_initialize_info2: T#6:14 this_thread=0x5fa38c5fe300 curtask=0x5fa38c5e71c0
__kmp_allocate_thread: T#0 init go fork=0, plain=0
__kmp_allocate_thread: before __kmp_create_worker: 0x5fa38c5fe300
__kmp_create_worker: try to create thread (14)
__kmp_create_worker: T#14, default stacksize = 4194304 bytes, __kmp_stksize = 8388608 bytes, final stacksize = 8390400 bytes
__kmp_create_worker: done creating thread (14)
__kmp_allocate_thread: after __kmp_create_worker: 0x5fa38c5fe300
__kmp_allocate_thread: T#0 forked T#14
__kmp_allocate_team: team -1 init T#14 arrived: join=4294967295, plain=6
__kmp_allocate_thread: T#0
__kmp_allocate_thread: before th_serial/serial_team
__kmp_check_stack_overlap: called
__kmp_check_stack_overlap: performing extensive checking
__kmp_check_stack_overlap: returning
__kmp_launch_thread: T#13 start
__kmp_launch_thread: T#13 waiting for work
__kmp_hyper_barrier_release: T#13 wait go(0x5fa38c5fb6b8) == 4
__kmp_wait_sleep: T#13 waiting for flag(0x7588fdbf5f80)
__kmp_suspend_template: T#13 setting sleep bit for spin(0x5fa38c5fb6b8)
__kmp_suspend_template: T#13 set sleep bit for spin(0x5fa38c5fb6b8)==1, was 0
__kmp_suspend_template: T#13 about to perform pthread_cond_wait
__kmp_allocate_team: called
__kmp_allocate_team: making a new team
__kmp_initialize_team: enter: team=0x5fa38c601900
__kmp_reinitialize_team: enter this_thread=(nil) team=0x5fa38c601900
__kmp_init_implicit_task(enter): T#:0 team=0x5fa38c601900 task=0x5fa38c6023c0, reinit=FALSE
__kmp_init_implicit_task(exit): T#:0 team=0x5fa38c601900 task=0x5fa38c6023c0
__kmp_reinitialize_team: exit this_thread=(nil) team=0x5fa38c601900
__kmp_initialize_team: exit: team=0x5fa38c601900
__kmp_allocate_team: setting task_team[0] 0x5fa38c601aa8 and task_team[1] 0x5fa38c601ab0 to NULL
__kmp_allocate_team: team -1 init arrived: join=0, plain=0
__kmp_allocate_team: done creating a new team -1.
__kmp_allocate_thread: after th_serial/serial_team : new_thr=0x5fa38c601280
__kmp_initialize_info1: T#7:15 this_thread=0x5fa38c601280 curtask=(nil)
__kmp_init_implicit_task(enter): T#:7 team=0x5fa38c5df300 task=0x5fa38c5e7300, reinit=TRUE
__kmp_push_current_task_to_thread(enter): T#7 this_thread=0x5fa38c601280 curtask=(nil) parent_task=(nil)
__kmp_push_current_task_to_thread(exit): T#7 this_thread=0x5fa38c601280 curtask=0x5fa38c5e7300 parent_task=(nil)
__kmp_init_implicit_task(exit): T#:7 team=0x5fa38c5df300 task=0x5fa38c5e7300
__kmp_initialize_info2: T#7:15 this_thread=0x5fa38c601280 curtask=0x5fa38c5e7300
__kmp_allocate_thread: T#0 init go fork=0, plain=0
__kmp_allocate_thread: before __kmp_create_worker: 0x5fa38c601280
__kmp_create_worker: try to create thread (15)
__kmp_create_worker: T#15, default stacksize = 4194304 bytes, __kmp_stksize = 8388608 bytes, final stacksize = 8390528 bytes
__kmp_create_worker: done creating thread (15)
__kmp_allocate_thread: after __kmp_create_worker: 0x5fa38c601280
__kmp_allocate_thread: T#0 forked T#15
__kmp_allocate_team: team -1 init T#15 arrived: join=4294967295, plain=7
__kmp_allocate_thread: T#0
__kmp_allocate_thread: before th_serial/serial_team
__kmp_allocate_team: called
__kmp_allocate_team: making a new team
__kmp_initialize_team: enter: team=0x5fa38c6048c0
__kmp_reinitialize_team: enter this_thread=(nil) team=0x5fa38c6048c0
__kmp_init_implicit_task(enter): T#:0 team=0x5fa38c6048c0 task=0x5fa38c605380, reinit=FALSE
__kmp_init_implicit_task(exit): T#:0 team=0x5fa38c6048c0 task=0x5fa38c605380
__kmp_reinitialize_team: exit this_thread=(nil) team=0x5fa38c6048c0
__kmp_initialize_team: exit: team=0x5fa38c6048c0
__kmp_allocate_team: setting task_team[0] 0x5fa38c604a68 and task_team[1] 0x5fa38c604a70 to NULL
__kmp_allocate_team: team -1 init arrived: join=0, plain=0
__kmp_allocate_team: done creating a new team -1.
__kmp_allocate_thread: after th_serial/serial_team : new_thr=0x5fa38c604240
__kmp_initialize_info1: T#8:16 this_thread=0x5fa38c604240 curtask=(nil)
__kmp_init_implicit_task(enter): T#:8 team=0x5fa38c5df300 task=0x5fa38c5e7440, reinit=TRUE
__kmp_push_current_task_to_thread(enter): T#8 this_thread=0x5fa38c604240 curtask=(nil) parent_task=(nil)
__kmp_push_current_task_to_thread(exit): T#8 this_thread=0x5fa38c604240 curtask=0x5fa38c5e7440 parent_task=(nil)
__kmp_init_implicit_task(exit): T#:8 team=0x5fa38c5df300 task=0x5fa38c5e7440
__kmp_initialize_info2: T#8:16 this_thread=0x5fa38c604240 curtask=0x5fa38c5e7440
__kmp_allocate_thread: T#0 init go fork=0, plain=0
__kmp_allocate_thread: before __kmp_create_worker: 0x5fa38c604240
__kmp_create_worker: try to create thread (16)
__kmp_create_worker: T#16, default stacksize = 4194304 bytes, __kmp_stksize = 8388608 bytes, final stacksize = 8390656 bytes
__kmp_check_stack_overlap: called
__kmp_check_stack_overlap: performing extensive checking
__kmp_check_stack_overlap: returning
__kmp_launch_thread: T#14 start
__kmp_launch_thread: T#14 waiting for work
__kmp_hyper_barrier_release: T#14 wait go(0x5fa38c5fe678) == 4
__kmp_wait_sleep: T#14 waiting for flag(0x7588fd3f3fc0)
__kmp_suspend_template: T#14 setting sleep bit for spin(0x5fa38c5fe678)
__kmp_suspend_template: T#14 set sleep bit for spin(0x5fa38c5fe678)==1, was 0
__kmp_suspend_template: T#14 about to perform pthread_cond_wait
__kmp_check_stack_overlap: called
__kmp_check_stack_overlap: performing extensive checking
__kmp_check_stack_overlap: returning
__kmp_launch_thread: T#15 start
__kmp_launch_thread: T#15 waiting for work
__kmp_create_worker: done creating thread (16)
__kmp_allocate_thread: after __kmp_create_worker: 0x5fa38c604240
__kmp_allocate_thread: T#0 forked T#16
__kmp_allocate_team: team -1 init T#16 arrived: join=4294967295, plain=8
__kmp_allocate_thread: T#0
__kmp_allocate_thread: before th_serial/serial_team
__kmp_allocate_team: called
__kmp_allocate_team: making a new team
__kmp_initialize_team: enter: team=0x5fa38c607880
__kmp_reinitialize_team: enter this_thread=(nil) team=0x5fa38c607880
__kmp_init_implicit_task(enter): T#:0 team=0x5fa38c607880 task=0x5fa38c608300, reinit=FALSE
__kmp_init_implicit_task(exit): T#:0 team=0x5fa38c607880 task=0x5fa38c608300
__kmp_reinitialize_team: exit this_thread=(nil) team=0x5fa38c607880
__kmp_initialize_team: exit: team=0x5fa38c607880
__kmp_allocate_team: setting task_team[0] 0x5fa38c607a28 and task_team[1] 0x5fa38c607a30 to NULL
__kmp_allocate_team: team -1 init arrived: join=0, plain=0
__kmp_allocate_team: done creating a new team -1.
__kmp_allocate_thread: after th_serial/serial_team : new_thr=0x5fa38c607200
__kmp_initialize_info1: T#9:17 this_thread=0x5fa38c607200 curtask=(nil)
__kmp_init_implicit_task(enter): T#:9 team=0x5fa38c5df300 task=0x5fa38c5e7580, reinit=TRUE
__kmp_push_current_task_to_thread(enter): T#9 this_thread=0x5fa38c607200 curtask=(nil) parent_task=(nil)
__kmp_push_current_task_to_thread(exit): T#9 this_thread=0x5fa38c607200 curtask=0x5fa38c5e7580 parent_task=(nil)
__kmp_init_implicit_task(exit): T#:9 team=0x5fa38c5df300 task=0x5fa38c5e7580
__kmp_initialize_info2: T#9:17 this_thread=0x5fa38c607200 curtask=0x5fa38c5e7580
__kmp_hyper_barrier_release: T#15 wait go(0x5fa38c6015f8) == 4
__kmp_wait_sleep: T#15 waiting for flag(0x7588fcbf2000)
__kmp_suspend_template: T#15 setting sleep bit for spin(0x5fa38c6015f8)
__kmp_allocate_thread: T#0 init go fork=0, plain=0
__kmp_allocate_thread: before __kmp_create_worker: 0x5fa38c607200
__kmp_create_worker: try to create thread (17)
__kmp_create_worker: T#17, default stacksize = 4194304 bytes, __kmp_stksize = 8388608 bytes, final stacksize = 8390784 bytes
__kmp_suspend_template: T#15 set sleep bit for spin(0x5fa38c6015f8)==1, was 0
__kmp_suspend_template: T#15 about to perform pthread_cond_wait
__kmp_check_stack_overlap: called
__kmp_check_stack_overlap: performing extensive checking
__kmp_check_stack_overlap: returning
__kmp_launch_thread: T#16 start
__kmp_launch_thread: T#16 waiting for work
__kmp_hyper_barrier_release: T#16 wait go(0x5fa38c6045b8) == 4
__kmp_wait_sleep: T#16 waiting for flag(0x7588dfffe040)
__kmp_suspend_template: T#16 setting sleep bit for spin(0x5fa38c6045b8)
__kmp_suspend_template: T#16 set sleep bit for spin(0x5fa38c6045b8)==1, was 0
__kmp_suspend_template: T#16 about to perform pthread_cond_wait
__kmp_create_worker: done creating thread (17)
__kmp_allocate_thread: after __kmp_create_worker: 0x5fa38c607200
__kmp_allocate_thread: T#0 forked T#17
__kmp_allocate_team: team -1 init T#17 arrived: join=4294967295, plain=9
__kmp_allocate_thread: T#0
__kmp_allocate_thread: before th_serial/serial_team
__kmp_allocate_team: called
__kmp_allocate_team: making a new team
__kmp_initialize_team: enter: team=0x5fa38c60a800
__kmp_reinitialize_team: enter this_thread=(nil) team=0x5fa38c60a800
__kmp_init_implicit_task(enter): T#:0 team=0x5fa38c60a800 task=0x5fa38c60b2c0, reinit=FALSE
__kmp_init_implicit_task(exit): T#:0 team=0x5fa38c60a800 task=0x5fa38c60b2c0
__kmp_reinitialize_team: exit this_thread=(nil) team=0x5fa38c60a800
__kmp_initialize_team: exit: team=0x5fa38c60a800
__kmp_allocate_team: setting task_team[0] 0x5fa38c60a9a8 and task_team[1] 0x5fa38c60a9b0 to NULL
__kmp_allocate_team: team -1 init arrived: join=0, plain=0
__kmp_allocate_team: done creating a new team -1.
__kmp_allocate_thread: after th_serial/serial_team : new_thr=0x5fa38c60a1c0
__kmp_initialize_info1: T#10:18 this_thread=0x5fa38c60a1c0 curtask=(nil)
__kmp_init_implicit_task(enter): T#:10 team=0x5fa38c5df300 task=0x5fa38c5e76c0, reinit=TRUE
__kmp_push_current_task_to_thread(enter): T#10 this_thread=0x5fa38c60a1c0 curtask=(nil) parent_task=(nil)
__kmp_push_current_task_to_thread(exit): T#10 this_thread=0x5fa38c60a1c0 curtask=0x5fa38c5e76c0 parent_task=(nil)
__kmp_init_implicit_task(exit): T#:10 team=0x5fa38c5df300 task=0x5fa38c5e76c0
__kmp_initialize_info2: T#10:18 this_thread=0x5fa38c60a1c0 curtask=0x5fa38c5e76c0
__kmp_allocate_thread: T#0 init go fork=0, plain=0
__kmp_allocate_thread: before __kmp_create_worker: 0x5fa38c60a1c0
__kmp_create_worker: try to create thread (18)
__kmp_create_worker: T#18, default stacksize = 4194304 bytes, __kmp_stksize = 8388608 bytes, final stacksize = 8390912 bytes
__kmp_create_worker: done creating thread (18)
__kmp_allocate_thread: after __kmp_create_worker: 0x5fa38c60a1c0
__kmp_allocate_thread: T#0 forked T#18
__kmp_allocate_team: team -1 init T#18 arrived: join=4294967295, plain=10
__kmp_initialize_team: enter: team=0x5fa38c5df300
__kmp_reinitialize_team: enter this_thread=0x5fa38c5ea6c0 team=0x5fa38c5df300
__kmp_init_implicit_task(enter): T#:0 team=0x5fa38c5df300 task=0x5fa38c5e6a40, reinit=FALSE
__kmp_init_implicit_task(exit): T#:0 team=0x5fa38c5df300 task=0x5fa38c5e6a40
__kmp_reinitialize_team: exit this_thread=0x5fa38c5ea6c0 team=0x5fa38c5df300
__kmp_initialize_team: exit: team=0x5fa38c5df300
__kmp_initialize_info1: T#0:0 this_thread=0x5fa38c5ea6c0 curtask=0x5fa38c5e1180
__kmp_init_implicit_task(enter): T#:0 team=0x5fa38c5df300 task=0x5fa38c5e6a40, reinit=TRUE
__kmp_push_current_task_to_thread(enter): T#0 this_thread=0x5fa38c5ea6c0 curtask=0x5fa38c5e1180 parent_task=(nil)
__kmp_push_current_task_to_thread(exit): T#0 this_thread=0x5fa38c5ea6c0 curtask=0x5fa38c5e6a40 parent_task=0x5fa38c5e1180
__kmp_init_implicit_task(exit): T#:0 team=0x5fa38c5df300 task=0x5fa38c5e6a40
__kmp_initialize_info2: T#0:0 this_thread=0x5fa38c5ea6c0 curtask=0x5fa38c5e6a40
__kmp_initialize_info1: T#1:9 this_thread=0x5fa38c5ef480 curtask=0x5fa38c5e6b80
__kmp_init_implicit_task(enter): T#:1 team=0x5fa38c5df300 task=0x5fa38c5e6b80, reinit=TRUE
__kmp_push_current_task_to_thread(enter): T#1 this_thread=0x5fa38c5ef480 curtask=0x5fa38c5e6b80 parent_task=(nil)
__kmp_push_current_task_to_thread(exit): T#1 this_thread=0x5fa38c5ef480 curtask=0x5fa38c5e6b80 parent_task=0x5fa38c5e1180
__kmp_init_implicit_task(exit): T#:1 team=0x5fa38c5df300 task=0x5fa38c5e6b80
__kmp_initialize_info2: T#1:9 this_thread=0x5fa38c5ef480 curtask=0x5fa38c5e6b80
__kmp_initialize_info1: T#2:10 this_thread=0x5fa38c5f2440 curtask=0x5fa38c5e6cc0
__kmp_init_implicit_task(enter): T#:2 team=0x5fa38c5df300 task=0x5fa38c5e6cc0, reinit=TRUE
__kmp_push_current_task_to_thread(enter): T#2 this_thread=0x5fa38c5f2440 curtask=0x5fa38c5e6cc0 parent_task=(nil)
__kmp_push_current_task_to_thread(exit): T#2 this_thread=0x5fa38c5f2440 curtask=0x5fa38c5e6cc0 parent_task=0x5fa38c5e1180
__kmp_init_implicit_task(exit): T#:2 team=0x5fa38c5df300 task=0x5fa38c5e6cc0
__kmp_initialize_info2: T#2:10 this_thread=0x5fa38c5f2440 curtask=0x5fa38c5e6cc0
__kmp_initialize_info1: T#3:11 this_thread=0x5fa38c5f53c0 curtask=0x5fa38c5e6e00
__kmp_init_implicit_task(enter): T#:3 team=0x5fa38c5df300 task=0x5fa38c5e6e00, reinit=TRUE
__kmp_push_current_task_to_thread(enter): T#3 this_thread=0x5fa38c5f53c0 curtask=0x5fa38c5e6e00 parent_task=(nil)
__kmp_push_current_task_to_thread(exit): T#3 this_thread=0x5fa38c5f53c0 curtask=0x5fa38c5e6e00 parent_task=0x5fa38c5e1180
__kmp_init_implicit_task(exit): T#:3 team=0x5fa38c5df300 task=0x5fa38c5e6e00
__kmp_initialize_info2: T#3:11 this_thread=0x5fa38c5f53c0 curtask=0x5fa38c5e6e00
__kmp_initialize_info1: T#4:12 this_thread=0x5fa38c5f8380 curtask=0x5fa38c5e6f40
__kmp_init_implicit_task(enter): T#:4 team=0x5fa38c5df300 task=0x5fa38c5e6f40, reinit=TRUE
__kmp_push_current_task_to_thread(enter): T#4 this_thread=0x5fa38c5f8380 curtask=0x5fa38c5e6f40 parent_task=(nil)
__kmp_push_current_task_to_thread(exit): T#4 this_thread=0x5fa38c5f8380 curtask=0x5fa38c5e6f40 parent_task=0x5fa38c5e1180
__kmp_init_implicit_task(exit): T#:4 team=0x5fa38c5df300 task=0x5fa38c5e6f40
__kmp_initialize_info2: T#4:12 this_thread=0x5fa38c5f8380 curtask=0x5fa38c5e6f40
__kmp_initialize_info1: T#5:13 this_thread=0x5fa38c5fb340 curtask=0x5fa38c5e7080
__kmp_init_implicit_task(enter): T#:5 team=0x5fa38c5df300 task=0x5fa38c5e7080, reinit=TRUE
__kmp_push_current_task_to_thread(enter): T#5 this_thread=0x5fa38c5fb340 curtask=0x5fa38c5e7080 parent_task=(nil)
__kmp_push_current_task_to_thread(exit): T#5 this_thread=0x5fa38c5fb340 curtask=0x5fa38c5e7080 parent_task=0x5fa38c5e1180
__kmp_init_implicit_task(exit): T#:5 team=0x5fa38c5df300 task=0x5fa38c5e7080
__kmp_initialize_info2: T#5:13 this_thread=0x5fa38c5fb340 curtask=0x5fa38c5e7080
__kmp_initialize_info1: T#6:14 this_thread=0x5fa38c5fe300 curtask=0x5fa38c5e71c0
__kmp_init_implicit_task(enter): T#:6 team=0x5fa38c5df300 task=0x5fa38c5e71c0, reinit=TRUE
__kmp_push_current_task_to_thread(enter): T#6 this_thread=0x5fa38c5fe300 curtask=0x5fa38c5e71c0 parent_task=(nil)
__kmp_push_current_task_to_thread(exit): T#6 this_thread=0x5fa38c5fe300 curtask=0x5fa38c5e71c0 parent_task=0x5fa38c5e1180
__kmp_init_implicit_task(exit): T#:6 team=0x5fa38c5df300 task=0x5fa38c5e71c0
__kmp_initialize_info2: T#6:14 this_thread=0x5fa38c5fe300 curtask=0x5fa38c5e71c0
__kmp_initialize_info1: T#7:15 this_thread=0x5fa38c601280 curtask=0x5fa38c5e7300
__kmp_init_implicit_task(enter): T#:7 team=0x5fa38c5df300 task=0x5fa38c5e7300, reinit=TRUE
__kmp_push_current_task_to_thread(enter): T#7 this_thread=0x5fa38c601280 curtask=0x5fa38c5e7300 parent_task=(nil)
__kmp_push_current_task_to_thread(exit): T#7 this_thread=0x5fa38c601280 curtask=0x5fa38c5e7300 parent_task=0x5fa38c5e1180
__kmp_init_implicit_task(exit): T#:7 team=0x5fa38c5df300 task=0x5fa38c5e7300
__kmp_initialize_info2: T#7:15 this_thread=0x5fa38c601280 curtask=0x5fa38c5e7300
__kmp_initialize_info1: T#8:16 this_thread=0x5fa38c604240 curtask=0x5fa38c5e7440
__kmp_init_implicit_task(enter): T#:8 team=0x5fa38c5df300 task=0x5fa38c5e7440, reinit=TRUE
__kmp_push_current_task_to_thread(enter): T#8 this_thread=0x5fa38c604240 curtask=0x5fa38c5e7440 parent_task=(nil)
__kmp_push_current_task_to_thread(exit): T#8 this_thread=0x5fa38c604240 curtask=0x5fa38c5e7440 parent_task=0x5fa38c5e1180
__kmp_init_implicit_task(exit): T#:8 team=0x5fa38c5df300 task=0x5fa38c5e7440
__kmp_initialize_info2: T#8:16 this_thread=0x5fa38c604240 curtask=0x5fa38c5e7440
__kmp_initialize_info1: T#9:17 this_thread=0x5fa38c607200 curtask=0x5fa38c5e7580
__kmp_init_implicit_task(enter): T#:9 team=0x5fa38c5df300 task=0x5fa38c5e7580, reinit=TRUE
__kmp_push_current_task_to_thread(enter): T#9 this_thread=0x5fa38c607200 curtask=0x5fa38c5e7580 parent_task=(nil)
__kmp_push_current_task_to_thread(exit): T#9 this_thread=0x5fa38c607200 curtask=0x5fa38c5e7580 parent_task=0x5fa38c5e1180
__kmp_init_implicit_task(exit): T#:9 team=0x5fa38c5df300 task=0x5fa38c5e7580
__kmp_initialize_info2: T#9:17 this_thread=0x5fa38c607200 curtask=0x5fa38c5e7580
__kmp_initialize_info1: T#10:18 this_thread=0x5fa38c60a1c0 curtask=0x5fa38c5e76c0
__kmp_init_implicit_task(enter): T#:10 team=0x5fa38c5df300 task=0x5fa38c5e76c0, reinit=TRUE
__kmp_push_current_task_to_thread(enter): T#10 this_thread=0x5fa38c60a1c0 curtask=0x5fa38c5e76c0 parent_task=(nil)
__kmp_push_current_task_to_thread(exit): T#10 this_thread=0x5fa38c60a1c0 curtask=0x5fa38c5e76c0 parent_task=0x5fa38c5e1180
__kmp_init_implicit_task(exit): T#:10 team=0x5fa38c5df300 task=0x5fa38c5e76c0
__kmp_initialize_info2: T#10:18 this_thread=0x5fa38c60a1c0 curtask=0x5fa38c5e76c0
__kmp_partition_places: enter: proc_bind = 4 T#0(-1:0) bound to place 0 partition = [0,11]
__kmp_partition_places: exit T#-1
 hot_team = 0x5fa38c5df300
__kmp_allocate_team: hot team task_team[0] = (nil) task_team[1] = (nil) after reinit
__kmp_fork_call: after __kmp_allocate_team - team = 0x5fa38c5df300
__kmp_fork_call: T#0(-1:0)->(-1:0) created a team of 11 threads
__kmp_fork_team_threads: new_nprocs = 11
__kmp_fork_team_threads: Primary T#0 pushing task_team (nil) / team 0x5fa38c5dea80, new task_team (nil) / team 0x5fa38c5df300
__kmp_setup_icv_copy: PUSH: T#0 this_thread=0x5fa38c5ea6c0 team=0x5fa38c5df300
__kmp_internal_fork : root=0x5fa38c5e0e00, team=0x5fa38c5df300, master_th=0x5fa38c5ea6c0, gtid=0
__kmp_fork_barrier: T#0(-1:0) has arrived
__kmp_allocate_task_team: T#0 entering; team = 0x5fa38c5df300
__kmp_allocate_task_team: T#0 exiting; task_team = 0x5fa38c60d700 unfinished_threads init'd to 11
__kmp_task_team_setup: Primary T#0 created new task_team 0x5fa38c60d700 for team -1 at parity=0
__kmp_allocate_task_team: T#0 entering; team = 0x5fa38c5df300
__kmp_allocate_task_team: T#0 exiting; task_team = 0x5fa38c60d8c0 unfinished_threads init'd to 11
__kmp_task_team_setup: Primary T#0 created second new task_team 0x5fa38c60d8c0 for team -1 at parity=1
__kmp_hyper_barrier_release: T#0(-1:0) primary enter for barrier type 1
__kmp_hyper_barrier_release: T#0(-1:0) releasing T#16(-1:8)go(0x5fa38c6045b8): 1 => 5
__kmp_release: T#0 releasing flag(8c6045b8)
__kmp_resume_template: T#0 about to wakeup T#16, reset sleep bit for flag's loc(0x5fa38c6045b8): 4
__kmp_check_stack_overlap: called
__kmp_check_stack_overlap: performing extensive checking
__kmp_check_stack_overlap: returning
__kmp_launch_thread: T#18 start
__kmp_launch_thread: T#18 waiting for work
__kmp_hyper_barrier_release: T#16(-1:8) set go(0x5fa38c6045b8) = 0
__kmp_check_stack_overlap: called
__kmp_check_stack_overlap: performing extensive checking
__kmp_check_stack_overlap: returning
__kmp_launch_thread: T#17 start
__kmp_launch_thread: T#17 waiting for work
__kmp_hyper_barrier_release: T#17 wait go(0x5fa38c607578) == 4
__kmp_wait_sleep: T#17 waiting for flag(0x7588df7fc080)
__kmp_suspend_template: T#17 setting sleep bit for spin(0x5fa38c607578)
__kmp_hyper_barrier_release: T#0(-1:0) releasing T#12(-1:4)go(0x5fa38c5f86f8): 1 => 5
__kmp_hyper_barrier_release: T#18 wait go(0x5fa38c60a538) == 4
__kmp_hyper_barrier_release: T#16(-1:8) releasing T#18(-1:10)go(0x5fa38c60a538): 0 => 4
__kmp_release: T#0 releasing flag(8c5f86f8)
__kmp_wait_sleep: T#18 waiting for flag(0x7588deffa0c0)
__kmp_resume_template: T#0 about to wakeup T#12, reset sleep bit for flag's loc(0x5fa38c5f86f8): 4
__kmp_suspend_template: T#18 setting sleep bit for spin(0x5fa38c60a538)
__kmp_suspend_template: T#18 set sleep bit for spin(0x5fa38c60a538)==1, was 0
__kmp_suspend_template: T#18 about to perform pthread_cond_wait
__kmp_hyper_barrier_release: T#0(-1:0) releasing T#11(-1:3)go(0x5fa38c5f5738): 1 => 5
__kmp_release: T#0 releasing flag(8c5f5738)
__kmp_resume_template: T#0 about to wakeup T#11, reset sleep bit for flag's loc(0x5fa38c5f5738): 4
__kmp_release: T#16 releasing flag(8c60a538)
__kmp_resume_template: T#16 about to wakeup T#18, reset sleep bit for flag's loc(0x5fa38c60a538): 4
__kmp_hyper_barrier_release: T#16(-1:8) releasing T#17(-1:9)go(0x5fa38c607578): 1 => 5
__kmp_release: T#16 releasing flag(8c607578)
__kmp_hyper_barrier_release: T#18(-1:10) set go(0x5fa38c60a538) = 0
__kmp_init_implicit_task(enter): T#:10 team=0x5fa38c5df300 task=0x5fa38c5e76c0, reinit=FALSE
__kmp_hyper_barrier_release: T#11(-1:3) set go(0x5fa38c5f5738) = 0
__kmp_init_implicit_task(enter): T#:3 team=0x5fa38c5df300 task=0x5fa38c5e6e00, reinit=FALSE
__kmp_init_implicit_task(exit): T#:3 team=0x5fa38c5df300 task=0x5fa38c5e6e00
__kmp_hyper_barrier_release: T#11(-1:3) exit for barrier type 1
__kmp_task_team_sync: Thread T#11 task team switched to task_team 0x5fa38c60d8c0 from Team #-1 (parity=1)
OMP: Info #254: OMP_PROC_BIND: pid 178729 tid 178733 thread 11 bound to OS proc set 3,15
__kmp_suspend_template: T#17 set sleep bit for spin(0x5fa38c607578)==1, was 0
__kmp_suspend_template: T#17 false alarm, reset sleep bit for spin(0x5fa38c607578)
__kmp_hyper_barrier_release: T#17(-1:9) set go(0x5fa38c607578) = 0
__kmp_init_implicit_task(enter): T#:9 team=0x5fa38c5df300 task=0x5fa38c5e7580, reinit=FALSE
__kmp_resume_template: T#16 exiting, thread T#17 already awake: flag((nil))
__kmp_hyper_barrier_release: T#0(-1:0) releasing T#10(-1:2)go(0x5fa38c5f27b8): 1 => 5
__kmp_release: T#0 releasing flag(8c5f27b8)
__kmp_hyper_barrier_release: T#12(-1:4) set go(0x5fa38c5f86f8) = 0
__kmp_hyper_barrier_release: T#12(-1:4) releasing T#15(-1:7)go(0x5fa38c6015f8): 1 => 5
__kmp_release: T#12 releasing flag(8c6015f8)
__kmp_init_implicit_task(enter): T#:8 team=0x5fa38c5df300 task=0x5fa38c5e7440, reinit=FALSE
__kmp_resume_template: T#12 about to wakeup T#15, reset sleep bit for flag's loc(0x5fa38c6015f8): 4
__kmp_init_implicit_task(exit): T#:9 team=0x5fa38c5df300 task=0x5fa38c5e7580
__kmp_hyper_barrier_release: T#17(-1:9) exit for barrier type 1
__kmp_init_implicit_task(exit): T#:8 team=0x5fa38c5df300 task=0x5fa38c5e7440
__kmp_hyper_barrier_release: T#16(-1:8) exit for barrier type 1
__kmp_task_team_sync: Thread T#16 task team switched to task_team 0x5fa38c60d8c0 from Team #-1 (parity=1)
__kmp_init_implicit_task(exit): T#:10 team=0x5fa38c5df300 task=0x5fa38c5e76c0
__kmp_task_team_sync: Thread T#17 task team switched to task_team 0x5fa38c60d8c0 from Team #-1 (parity=1)
__kmp_resume_template: T#0 about to wakeup T#10, reset sleep bit for flag's loc(0x5fa38c5f27b8): 4
__kmp_hyper_barrier_release: T#0(-1:0) releasing T#9(-1:1)go(0x5fa38c5ef7f8): 1 => 5
__kmp_release: T#0 releasing flag(8c5ef7f8)
__kmp_resume_template: T#0 about to wakeup T#9, reset sleep bit for flag's loc(0x5fa38c5ef7f8): 4
__kmp_hyper_barrier_release: T#10(-1:2) set go(0x5fa38c5f27b8) = 0
__kmp_hyper_barrier_release: T#12(-1:4) releasing T#14(-1:6)go(0x5fa38c5fe678): 1 => 5
__kmp_init_implicit_task(enter): T#:2 team=0x5fa38c5df300 task=0x5fa38c5e6cc0, reinit=FALSE
OMP: Info #254: OMP_PROC_BIND: pid 178729 tid 178738 thread 16 bound to OS proc set 9,21
__kmp_init_implicit_task(exit): T#:2 team=0x5fa38c5df300 task=0x5fa38c5e6cc0
__kmp_hyper_barrier_release: T#15(-1:7) set go(0x5fa38c6015f8) = 0
PID: 178729
Worker launched: gtid=9, tid=1
Worker launched: gtid=10, tid=2
Worker launched: gtid=11, tid=3
Worker launched: gtid=12, tid=4
Worker launched: gtid=13, tid=5
Worker launched: gtid=14, tid=6
Worker launched: gtid=15, tid=7
Worker launched: gtid=16, tid=8
Worker launched: gtid=18, tid=10
Worker launched: gtid=17, tid=9
OMP: pid 178729 tid 178733 thread 3 bound to OS proc set {3,15}
__kmp_release: T#12 releasing flag(8c5fe678)
__kmp_init_implicit_task(enter): T#:7 team=0x5fa38c5df300 task=0x5fa38c5e7300, reinit=FALSE
__kmp_hyper_barrier_release: T#0(-1:0) exit for barrier type 1
__kmp_task_team_sync: Thread T#0 task team switched to task_team 0x5fa38c60d8c0 from Team #-1 (parity=1)
__kmp_fork_barrier: T#11(-1:3) is leaving
__kmp_hyper_barrier_release: T#9(-1:1) set go(0x5fa38c5ef7f8) = 0
__kmp_init_implicit_task(enter): T#:1 team=0x5fa38c5df300 task=0x5fa38c5e6b80, reinit=FALSE
__kmp_init_implicit_task(exit): T#:1 team=0x5fa38c5df300 task=0x5fa38c5e6b80
__kmp_hyper_barrier_release: T#9(-1:1) exit for barrier type 1
__kmp_task_team_sync: Thread T#9 task team switched to task_team 0x5fa38c60d8c0 from Team #-1 (parity=1)
__kmp_hyper_barrier_release: T#10(-1:2) exit for barrier type 1
OMP: Info #254: OMP_PROC_BIND: pid 178729 tid 178739 thread 17 bound to OS proc set 10,22
__kmp_task_team_sync: Thread T#10 task team switched to task_team 0x5fa38c60d8c0 from Team #-1 (parity=1)
__kmp_launch_thread: T#11(-1:3) invoke microtask = 0x5fa37bda5270
__kmp_hyper_barrier_release: T#18(-1:10) exit for barrier type 1
__kmp_task_team_sync: Thread T#18 task team switched to task_team 0x5fa38c60d8c0 from Team #-1 (parity=1)
OMP: pid 178729 tid 178738 thread 8 bound to OS proc set {9,21}
OMP: pid 178729 tid 178729 thread 0 bound to OS proc set {0,12}
__kmp_fork_barrier: T#16(-1:8) is leaving
__kmp_fork_barrier: T#0(-1:0) is leaving
OMP: Info #254: OMP_PROC_BIND: pid 178729 tid 178732 thread 10 bound to OS proc set 2,14
__kmp_init_implicit_task(exit): T#:7 team=0x5fa38c5df300 task=0x5fa38c5e7300
__kmp_hyper_barrier_release: T#15(-1:7) exit for barrier type 1
__kmp_task_team_sync: Thread T#15 task team switched to task_team 0x5fa38c60d8c0 from Team #-1 (parity=1)
__kmp_launch_thread: T#16(-1:8) invoke microtask = 0x5fa37bda5270
__kmp_resume_template: T#12 about to wakeup T#14, reset sleep bit for flag's loc(0x5fa38c5fe678): 4
OMP: Info #254: OMP_PROC_BIND: pid 178729 tid 178740 thread 18 bound to OS proc set 11,23
[REGION 1] pthread id: 129231249976384, omp tid: 3/11
[REGION 1] pthread id: 129230734094016, omp tid: 8/11
OMP: pid 178729 tid 178739 thread 9 bound to OS proc set {10,22}
__kmp_fork_barrier: T#17(-1:9) is leaving
__kmp_internal_fork : after : root=0x5fa38c5e0e00, team=0x5fa38c5df300, master_th=0x5fa38c5ea6c0, gtid=0
__kmp_fork_call: T#0(-1:0) invoke microtask = 0x5fa37bda5270
__kmp_launch_thread: T#17(-1:9) invoke microtask = 0x5fa37bda5270
__kmp_hyper_barrier_release: T#14(-1:6) set go(0x5fa38c5fe678) = 0
OMP: Info #254: OMP_PROC_BIND: pid 178729 tid 178737 thread 15 bound to OS proc set 8,20
OMP: Info #254: OMP_PROC_BIND: pid 178729 tid 178731 thread 9 bound to OS proc set 1,13
[REGION 1] pthread id: 129231270147904, omp tid: 0/11
[REGION 1] pthread id: 129230725697344, omp tid: 9/11
OMP: pid 178729 tid 178732 thread 2 bound to OS proc set {2,14}
__kmp_fork_barrier: T#10(-1:2) is leaving
__kmp_launch_thread: T#10(-1:2) invoke microtask = 0x5fa37bda5270
OMP: pid 178729 tid 178737 thread 7 bound to OS proc set {8,20}
__kmp_fork_barrier: T#15(-1:7) is leaving
__kmp_hyper_barrier_release: T#12(-1:4) releasing T#13(-1:5)go(0x5fa38c5fb6b8): 1 => 5
[REGION 1] pthread id: 129231258373056, omp tid: 2/11
OMP: pid 178729 tid 178740 thread 10 bound to OS proc set {11,23}
__kmp_fork_barrier: T#18(-1:10) is leaving
__kmp_launch_thread: T#18(-1:10) invoke microtask = 0x5fa37bda5270
__kmp_init_implicit_task(enter): T#:6 team=0x5fa38c5df300 task=0x5fa38c5e71c0, reinit=FALSE
__kmp_init_implicit_task(exit): T#:6 team=0x5fa38c5df300 task=0x5fa38c5e71c0
[REGION 1] pthread id: 129230717300672, omp tid: 10/11
OMP: pid 178729 tid 178731 thread 1 bound to OS proc set {1,13}
__kmp_hyper_barrier_release: T#14(-1:6) exit for barrier type 1
__kmp_release: T#12 releasing flag(8c5fb6b8)
__kmp_resume_template: T#12 about to wakeup T#13, reset sleep bit for flag's loc(0x5fa38c5fb6b8): 4
__kmp_launch_thread: T#15(-1:7) invoke microtask = 0x5fa37bda5270
__kmp_init_implicit_task(enter): T#:4 team=0x5fa38c5df300 task=0x5fa38c5e6f40, reinit=FALSE
__kmp_init_implicit_task(exit): T#:4 team=0x5fa38c5df300 task=0x5fa38c5e6f40
__kmp_hyper_barrier_release: T#12(-1:4) exit for barrier type 1
__kmp_task_team_sync: Thread T#12 task team switched to task_team 0x5fa38c60d8c0 from Team #-1 (parity=1)
__kmp_hyper_barrier_release: T#13(-1:5) set go(0x5fa38c5fb6b8) = 0
__kmp_init_implicit_task(enter): T#:5 team=0x5fa38c5df300 task=0x5fa38c5e7080, reinit=FALSE
__kmp_init_implicit_task(exit): T#:5 team=0x5fa38c5df300 task=0x5fa38c5e7080
__kmp_hyper_barrier_release: T#13(-1:5) exit for barrier type 1
__kmp_task_team_sync: Thread T#13 task team switched to task_team 0x5fa38c60d8c0 from Team #-1 (parity=1)
__kmp_task_team_sync: Thread T#14 task team switched to task_team 0x5fa38c60d8c0 from Team #-1 (parity=1)
OMP: Info #254: OMP_PROC_BIND: pid 178729 tid 178735 thread 13 bound to OS proc set 5,17
OMP: Info #254: OMP_PROC_BIND: pid 178729 tid 178734 thread 12 bound to OS proc set 4,16
OMP: Info #254: OMP_PROC_BIND: pid 178729 tid 178736 thread 14 bound to OS proc set 7,19
[REGION 1] pthread id: 129231216389696, omp tid: 7/11
OMP: pid 178729 tid 178735 thread 5 bound to OS proc set {5,17}
__kmp_fork_barrier: T#13(-1:5) is leaving
__kmp_launch_thread: T#13(-1:5) invoke microtask = 0x5fa37bda5270
[REGION 1] pthread id: 129231233183040, omp tid: 5/11
OMP: pid 178729 tid 178736 thread 6 bound to OS proc set {7,19}
__kmp_fork_barrier: T#14(-1:6) is leaving
__kmp_launch_thread: T#14(-1:6) invoke microtask = 0x5fa37bda5270
__kmp_fork_barrier: T#9(-1:1) is leaving
__kmp_launch_thread: T#9(-1:1) invoke microtask = 0x5fa37bda5270
[REGION 1] pthread id: 129231224786368, omp tid: 6/11
OMP: pid 178729 tid 178734 thread 4 bound to OS proc set {4,16}
__kmp_fork_barrier: T#12(-1:4) is leaving
__kmp_launch_thread: T#12(-1:4) invoke microtask = 0x5fa37bda5270
__kmp_launch_thread: T#11(-1:3) done microtask = 0x5fa37bda5270
__kmp_join_barrier: T#11(-1:3) arrived at join barrier
__kmp_join_barrier: T#11, old team = -1, old task_team = 0x5fa38c60d8c0, th_task_team = 0x5fa38c60d8c0
__kmp_launch_thread: T#16(-1:8) done microtask = 0x5fa37bda5270
__kmp_fork_call: T#0(-1:0) done microtask = 0x5fa37bda5270
__kmp_hyper_barrier_gather: T#11(-1:3) enter for barrier type 1
__kmp_fork_call: parallel exit T#0
__kmp_join_call: enter T#0
__kmp_join_call: T#0, old team = 0x5fa38c5df300 old task_team = 0x5fa38c60d8c0, th_task_team = 0x5fa38c60d8c0
__kmp_join_barrier: T#0(-1:0) arrived at join barrier
__kmp_join_barrier: T#0, old team = -1, old task_team = 0x5fa38c60d8c0, th_task_team = 0x5fa38c60d8c0
__kmp_hyper_barrier_gather: T#11(-1:3) releasing T#0(-1:0) arrived(0x5fa38c5f5740): 0 => 4
__kmp_launch_thread: T#10(-1:2) done microtask = 0x5fa37bda5270
__kmp_join_barrier: T#16(-1:8) arrived at join barrier
__kmp_join_barrier: T#10(-1:2) arrived at join barrier
__kmp_join_barrier: T#10, old team = -1, old task_team = 0x5fa38c60d8c0, th_task_team = 0x5fa38c60d8c0
__kmp_hyper_barrier_gather: T#10(-1:2) enter for barrier type 1
__kmp_hyper_barrier_gather: T#10(-1:2) releasing T#0(-1:0) arrived(0x5fa38c5f27c0): 0 => 4
__kmp_launch_thread: T#17(-1:9) done microtask = 0x5fa37bda5270
__kmp_launch_thread: T#18(-1:10) done microtask = 0x5fa37bda5270
__kmp_release: T#11 releasing flag(8c5f5740)
__kmp_hyper_barrier_gather: T#11(-1:3) exit for barrier type 1
__kmp_join_barrier: T#11(-1:3) leaving
__kmp_launch_thread: T#11 waiting for work
__kmp_hyper_barrier_release: T#11 wait go(0x5fa38c5f5738) == 4
__kmp_launch_thread: T#15(-1:7) done microtask = 0x5fa37bda5270
__kmp_join_barrier: T#15(-1:7) arrived at join barrier
__kmp_join_barrier: T#15, old team = -1, old task_team = 0x5fa38c60d8c0, th_task_team = 0x5fa38c60d8c0
__kmp_wait_sleep: T#11 waiting for flag(0x7588febf9f00)
__kmp_release: T#10 releasing flag(8c5f27c0)
__kmp_hyper_barrier_gather: T#10(-1:2) exit for barrier type 1
__kmp_join_barrier: T#17(-1:9) arrived at join barrier
__kmp_join_barrier: T#17, old team = -1, old task_team = 0x5fa38c60d8c0, th_task_team = 0x5fa38c60d8c0
__kmp_join_barrier: T#18(-1:10) arrived at join barrier
__kmp_join_barrier: T#18, old team = -1, old task_team = 0x5fa38c60d8c0, th_task_team = 0x5fa38c60d8c0
__kmp_hyper_barrier_gather: T#15(-1:7) enter for barrier type 1
__kmp_hyper_barrier_gather: T#0(-1:0) enter for barrier type 1
__kmp_hyper_barrier_gather: T#18(-1:10) enter for barrier type 1
__kmp_launch_thread: T#13(-1:5) done microtask = 0x5fa37bda5270
__kmp_launch_thread: T#14(-1:6) done microtask = 0x5fa37bda5270
__kmp_join_barrier: T#14(-1:6) arrived at join barrier
__kmp_hyper_barrier_gather: T#17(-1:9) enter for barrier type 1
__kmp_hyper_barrier_gather: T#17(-1:9) releasing T#16(-1:8) arrived(0x5fa38c607580): 0 => 4
__kmp_launch_thread: T#12(-1:4) done microtask = 0x5fa37bda5270
__kmp_join_barrier: T#12(-1:4) arrived at join barrier
__kmp_join_barrier: T#12, old team = -1, old task_team = 0x5fa38c60d8c0, th_task_team = 0x5fa38c60d8c0
__kmp_hyper_barrier_gather: T#12(-1:4) enter for barrier type 1
__kmp_hyper_barrier_gather: T#12(-1:4) wait T#13(-1:5) arrived(0x5fa38c5fb6c0) == 4
__kmp_join_barrier: T#10(-1:2) leaving
__kmp_launch_thread: T#10 waiting for work
__kmp_hyper_barrier_release: T#10 wait go(0x5fa38c5f27b8) == 4
__kmp_wait_sleep: T#10 waiting for flag(0x7588ff3fbec0)
__kmp_launch_thread: T#9(-1:1) done microtask = 0x5fa37bda5270
__kmp_join_barrier: T#9(-1:1) arrived at join barrier
__kmp_join_barrier: T#9, old team = -1, old task_team = 0x5fa38c60d8c0, th_task_team = 0x5fa38c60d8c0
__kmp_hyper_barrier_gather: T#9(-1:1) enter for barrier type 1
__kmp_hyper_barrier_gather: T#9(-1:1) releasing T#0(-1:0) arrived(0x5fa38c5ef800): 0 => 4
__kmp_release: T#9 releasing flag(8c5ef800)
__kmp_hyper_barrier_gather: T#9(-1:1) exit for barrier type 1
__kmp_join_barrier: T#9(-1:1) leaving
__kmp_launch_thread: T#9 waiting for work
__kmp_hyper_barrier_release: T#9 wait go(0x5fa38c5ef7f8) == 4
__kmp_wait_sleep: T#9 waiting for flag(0x7588ffbfde80)
__kmp_hyper_barrier_gather: T#0(-1:0) wait T#9(-1:1) arrived(0x5fa38c5ef800) == 4
__kmp_hyper_barrier_gather: T#0(-1:0) wait T#10(-1:2) arrived(0x5fa38c5f27c0) == 4
__kmp_hyper_barrier_gather: T#0(-1:0) wait T#11(-1:3) arrived(0x5fa38c5f5740) == 4
__kmp_hyper_barrier_gather: T#0(-1:0) wait T#12(-1:4) arrived(0x5fa38c5f8700) == 4
__kmp_join_barrier: T#16, old team = -1, old task_team = 0x5fa38c60d8c0, th_task_team = 0x5fa38c60d8c0
__kmp_hyper_barrier_gather: T#16(-1:8) enter for barrier type 1
__kmp_hyper_barrier_gather: T#16(-1:8) wait T#17(-1:9) arrived(0x5fa38c607580) == 4
__kmp_wait_sleep: T#16 waiting for flag(0x7588dfffdfc8)
__kmp_wait_sleep: T#12 waiting for flag(0x7588fe3f7ec8)
__kmp_release: T#17 releasing flag(8c607580)
__kmp_hyper_barrier_gather: T#17(-1:9) exit for barrier type 1
__kmp_join_barrier: T#17(-1:9) leaving
__kmp_launch_thread: T#17 waiting for work
__kmp_join_barrier: T#14, old team = -1, old task_team = 0x5fa38c60d8c0, th_task_team = 0x5fa38c60d8c0
__kmp_hyper_barrier_gather: T#14(-1:6) enter for barrier type 1
__kmp_hyper_barrier_gather: T#14(-1:6) releasing T#12(-1:4) arrived(0x5fa38c5fe680): 0 => 4
__kmp_release: T#14 releasing flag(8c5fe680)
__kmp_hyper_barrier_gather: T#14(-1:6) exit for barrier type 1
__kmp_join_barrier: T#14(-1:6) leaving
__kmp_launch_thread: T#14 waiting for work
__kmp_hyper_barrier_release: T#14 wait go(0x5fa38c5fe678) == 4
__kmp_wait_sleep: T#14 waiting for flag(0x7588fd3f3fc0)
__kmp_hyper_barrier_gather: T#15(-1:7) releasing T#12(-1:4) arrived(0x5fa38c601600): 0 => 4
__kmp_release: T#15 releasing flag(8c601600)
__kmp_hyper_barrier_gather: T#15(-1:7) exit for barrier type 1
__kmp_join_barrier: T#15(-1:7) leaving
__kmp_launch_thread: T#15 waiting for work
__kmp_hyper_barrier_release: T#15 wait go(0x5fa38c6015f8) == 4
__kmp_wait_sleep: T#15 waiting for flag(0x7588fcbf2000)
__kmp_hyper_barrier_gather: T#18(-1:10) releasing T#16(-1:8) arrived(0x5fa38c60a540): 0 => 4
__kmp_release: T#18 releasing flag(8c60a540)
__kmp_hyper_barrier_gather: T#18(-1:10) exit for barrier type 1
__kmp_join_barrier: T#18(-1:10) leaving
__kmp_launch_thread: T#18 waiting for work
__kmp_hyper_barrier_release: T#18 wait go(0x5fa38c60a538) == 4
__kmp_wait_sleep: T#18 waiting for flag(0x7588deffa0c0)
__kmp_wait_sleep: T#0 waiting for flag(0x7ffd40f170c8)
__kmp_hyper_barrier_gather: T#16(-1:8) wait T#18(-1:10) arrived(0x5fa38c60a540) == 4
__kmp_hyper_barrier_gather: T#16(-1:8) releasing T#0(-1:0) arrived(0x5fa38c6045c0): 0 => 4
__kmp_release: T#16 releasing flag(8c6045c0)
__kmp_hyper_barrier_gather: T#16(-1:8) exit for barrier type 1
__kmp_join_barrier: T#16(-1:8) leaving
__kmp_launch_thread: T#16 waiting for work
__kmp_hyper_barrier_release: T#16 wait go(0x5fa38c6045b8) == 4
__kmp_wait_sleep: T#16 waiting for flag(0x7588dfffe040)
__kmp_hyper_barrier_release: T#17 wait go(0x5fa38c607578) == 4
__kmp_wait_sleep: T#17 waiting for flag(0x7588df7fc080)
__kmp_join_barrier: T#13(-1:5) arrived at join barrier
__kmp_join_barrier: T#13, old team = -1, old task_team = 0x5fa38c60d8c0, th_task_team = 0x5fa38c60d8c0
__kmp_hyper_barrier_gather: T#13(-1:5) enter for barrier type 1
__kmp_hyper_barrier_gather: T#13(-1:5) releasing T#12(-1:4) arrived(0x5fa38c5fb6c0): 0 => 4
__kmp_release: T#13 releasing flag(8c5fb6c0)
__kmp_hyper_barrier_gather: T#13(-1:5) exit for barrier type 1
__kmp_hyper_barrier_gather: T#12(-1:4) wait T#14(-1:6) arrived(0x5fa38c5fe680) == 4
__kmp_hyper_barrier_gather: T#12(-1:4) wait T#15(-1:7) arrived(0x5fa38c601600) == 4
__kmp_hyper_barrier_gather: T#12(-1:4) releasing T#0(-1:0) arrived(0x5fa38c5f8700): 0 => 4
__kmp_release: T#12 releasing flag(8c5f8700)
__kmp_hyper_barrier_gather: T#12(-1:4) exit for barrier type 1
__kmp_join_barrier: T#13(-1:5) leaving
__kmp_join_barrier: T#12(-1:4) leaving
__kmp_hyper_barrier_gather: T#0(-1:0) wait T#16(-1:8) arrived(0x5fa38c6045c0) == 4
__kmp_hyper_barrier_gather: T#0(-1:0) set team -1 arrived(0x5fa38c5df380) = 4
__kmp_launch_thread: T#13 waiting for work
__kmp_hyper_barrier_release: T#13 wait go(0x5fa38c5fb6b8) == 4
__kmp_hyper_barrier_gather: T#0(-1:0) exit for barrier type 1
__kmp_join_barrier: T#0(-1:0) says all 11 team threads arrived
__kmp_join_barrier: T#0(-1:0) leaving
__kmp_launch_thread: T#12 waiting for work
__kmp_join_call1: T#0, this_thread=0x5fa38c5ea6c0 team=0x5fa38c5df300
__kmp_pop_current_task_from_thread(enter): T#0 this_thread=0x5fa38c5ea6c0, curtask=0x5fa38c5e6a40, curtask_parent=0x5fa38c5e1180
__kmp_pop_current_task_from_thread(exit): T#0 this_thread=0x5fa38c5ea6c0, curtask=0x5fa38c5e1180, curtask_parent=(nil)
__kmp_free_team: T#0 freeing team -1
__kmp_join_call: Primary T#0 restoring task_team (nil), team 0x5fa38c5dea80
__kmp_wait_sleep: T#13 waiting for flag(0x7588fdbf5f80)
__kmp_join_call: exit T#0
__kmp_fork_call: enter T#0
__kmp_hyper_barrier_release: T#12 wait go(0x5fa38c5f86f8) == 4
__kmp_wait_sleep: T#12 waiting for flag(0x7588fe3f7f40)
__kmp_determine_teamsize: called
__kmp_determine_teamsize: returning 7
__kmp_fork_call: parent_team_aclevel=0, master_th=0x5fa38c5ea6c0, curtask=0x5fa38c5e1180, curtask_max_aclevel=1
__kmp_fork_call: before __kmp_allocate_team
__kmp_allocate_team: called
__kmp_allocate_team: hot team task_team[0] = 0x5fa38c60d700 task_team[1] = 0x5fa38c60d8c0 before reinit
__kmp_allocate_team: decreasing hot team thread count to 7
__kmp_free_thread: T#0 putting T#15 back on free pool.
__kmp_free_thread: T#0 putting T#16 back on free pool.
__kmp_free_thread: T#0 putting T#17 back on free pool.
__kmp_free_thread: T#0 putting T#18 back on free pool.
__kmp_reinitialize_team: enter this_thread=0x5fa38c5ea6c0 team=0x5fa38c5df300
__kmp_init_implicit_task(enter): T#:0 team=0x5fa38c5df300 task=0x5fa38c5e6a40, reinit=FALSE
__kmp_init_implicit_task(exit): T#:0 team=0x5fa38c5df300 task=0x5fa38c5e6a40
__kmp_reinitialize_team: exit this_thread=0x5fa38c5ea6c0 team=0x5fa38c5df300
__kmp_allocate_team: T#0, this_thread=0x5fa38c5ea6c0 team=0x5fa38c5df300
__kmp_push_current_task_to_thread(enter): T#0 this_thread=0x5fa38c5ea6c0 curtask=0x5fa38c5e1180 parent_task=0x5fa38c5e1180
__kmp_push_current_task_to_thread(exit): T#0 this_thread=0x5fa38c5ea6c0 curtask=0x5fa38c5e6a40 parent_task=0x5fa38c5e1180
__kmp_partition_places: enter: proc_bind = 4 T#0(-1:0) bound to place 0 partition = [0,11]
__kmp_partition_places: exit T#-1
 hot_team = 0x5fa38c5df300
__kmp_allocate_team: hot team task_team[0] = 0x5fa38c60d700 task_team[1] = 0x5fa38c60d8c0 after reinit
__kmp_fork_call: after __kmp_allocate_team - team = 0x5fa38c5df300
__kmp_fork_call: T#0(-1:0)->(-1:0) created a team of 7 threads
__kmp_fork_team_threads: new_nprocs = 7
__kmp_fork_team_threads: Primary T#0 pushing task_team (nil) / team 0x5fa38c5dea80, new task_team 0x5fa38c60d700 / team 0x5fa38c5df300
__kmp_setup_icv_copy: PUSH: T#0 this_thread=0x5fa38c5ea6c0 team=0x5fa38c5df300
__kmp_internal_fork : root=0x5fa38c5e0e00, team=0x5fa38c5df300, master_th=0x5fa38c5ea6c0, gtid=0
__kmp_fork_barrier: T#0(-1:0) has arrived
__kmp_task_team_setup: Primary T#0 reset next task_team 0x5fa38c60d700 for team -1 at parity=0
__kmp_hyper_barrier_release: T#0(-1:0) primary enter for barrier type 1
__kmp_hyper_barrier_release: T#0(-1:0) releasing T#12(-1:4)go(0x5fa38c5f86f8): 0 => 4
__kmp_release: T#0 releasing flag(8c5f86f8)
__kmp_hyper_barrier_release: T#0(-1:0) releasing T#11(-1:3)go(0x5fa38c5f5738): 0 => 4
__kmp_release: T#0 releasing flag(8c5f5738)
__kmp_hyper_barrier_release: T#0(-1:0) releasing T#10(-1:2)go(0x5fa38c5f27b8): 0 => 4
__kmp_hyper_barrier_release: T#11(-1:3) set go(0x5fa38c5f5738) = 0
__kmp_hyper_barrier_release: T#12(-1:4) set go(0x5fa38c5f86f8) = 0
__kmp_hyper_barrier_release: T#12(-1:4) releasing T#14(-1:6)go(0x5fa38c5fe678): 0 => 4
__kmp_release: T#12 releasing flag(8c5fe678)
__kmp_hyper_barrier_release: T#12(-1:4) releasing T#13(-1:5)go(0x5fa38c5fb6b8): 0 => 4
__kmp_release: T#12 releasing flag(8c5fb6b8)
__kmp_init_implicit_task(enter): T#:3 team=0x5fa38c5df300 task=0x5fa38c5e6e00, reinit=FALSE
__kmp_init_implicit_task(exit): T#:3 team=0x5fa38c5df300 task=0x5fa38c5e6e00
__kmp_release: T#0 releasing flag(8c5f27b8)
__kmp_hyper_barrier_release: T#0(-1:0) releasing T#9(-1:1)go(0x5fa38c5ef7f8): 0 => 4
__kmp_hyper_barrier_release: T#10(-1:2) set go(0x5fa38c5f27b8) = 0
__kmp_hyper_barrier_release: T#14(-1:6) set go(0x5fa38c5fe678) = 0
__kmp_init_implicit_task(enter): T#:6 team=0x5fa38c5df300 task=0x5fa38c5e71c0, reinit=FALSE
__kmp_hyper_barrier_release: T#11(-1:3) exit for barrier type 1
__kmp_task_team_sync: Thread T#11 task team switched to task_team 0x5fa38c60d700 from Team #-1 (parity=0)
__kmp_init_implicit_task(enter): T#:2 team=0x5fa38c5df300 task=0x5fa38c5e6cc0, reinit=FALSE
__kmp_init_implicit_task(exit): T#:2 team=0x5fa38c5df300 task=0x5fa38c5e6cc0
__kmp_hyper_barrier_release: T#10(-1:2) exit for barrier type 1
__kmp_task_team_sync: Thread T#10 task team switched to task_team 0x5fa38c60d700 from Team #-1 (parity=0)
__kmp_init_implicit_task(enter): T#:4 team=0x5fa38c5df300 task=0x5fa38c5e6f40, reinit=FALSE
__kmp_hyper_barrier_release: T#13(-1:5) set go(0x5fa38c5fb6b8) = 0
__kmp_release: T#0 releasing flag(8c5ef7f8)
__kmp_hyper_barrier_release: T#0(-1:0) exit for barrier type 1
__kmp_hyper_barrier_release: T#9(-1:1) set go(0x5fa38c5ef7f8) = 0
__kmp_init_implicit_task(exit): T#:6 team=0x5fa38c5df300 task=0x5fa38c5e71c0
OMP: Info #254: OMP_PROC_BIND: pid 178729 tid 178732 thread 10 bound to OS proc set 3,15
OMP: Info #254: OMP_PROC_BIND: pid 178729 tid 178733 thread 11 bound to OS proc set 5,17
__kmp_init_implicit_task(enter): T#:5 team=0x5fa38c5df300 task=0x5fa38c5e7080, reinit=FALSE
__kmp_init_implicit_task(exit): T#:5 team=0x5fa38c5df300 task=0x5fa38c5e7080
__kmp_hyper_barrier_release: T#13(-1:5) exit for barrier type 1
__kmp_init_implicit_task(exit): T#:4 team=0x5fa38c5df300 task=0x5fa38c5e6f40
__kmp_task_team_sync: Thread T#13 task team switched to task_team 0x5fa38c60d700 from Team #-1 (parity=0)
__kmp_task_team_sync: Thread T#0 task team switched to task_team 0x5fa38c60d700 from Team #-1 (parity=0)
__kmp_hyper_barrier_release: T#12(-1:4) exit for barrier type 1
__kmp_task_team_sync: Thread T#12 task team switched to task_team 0x5fa38c60d700 from Team #-1 (parity=0)
__kmp_hyper_barrier_release: T#14(-1:6) exit for barrier type 1
__kmp_task_team_sync: Thread T#14 task team switched to task_team 0x5fa38c60d700 from Team #-1 (parity=0)
__kmp_init_implicit_task(enter): T#:1 team=0x5fa38c5df300 task=0x5fa38c5e6b80, reinit=FALSE
__kmp_init_implicit_task(exit): T#:1 team=0x5fa38c5df300 task=0x5fa38c5e6b80
__kmp_hyper_barrier_release: T#9(-1:1) exit for barrier type 1
__kmp_task_team_sync: Thread T#9 task team switched to task_team 0x5fa38c60d700 from Team #-1 (parity=0)
OMP: Info #254: OMP_PROC_BIND: pid 178729 tid 178735 thread 13 bound to OS proc set 9,21
[REGION 1] pthread id: 129231266769728, omp tid: 1/11
[REGION 1] pthread id: 129231241579712, omp tid: 4/11
OMP: pid 178729 tid 178732 thread 2 bound to OS proc set {3,15}
__kmp_fork_barrier: T#10(-1:2) is leaving
OMP: pid 178729 tid 178729 thread 0 bound to OS proc set {0,12}
__kmp_launch_thread: T#10(-1:2) invoke microtask = 0x5fa37bda5290
__kmp_fork_barrier: T#0(-1:0) is leaving
__kmp_internal_fork : after : root=0x5fa38c5e0e00, team=0x5fa38c5df300, master_th=0x5fa38c5ea6c0, gtid=0
__kmp_fork_call: T#0(-1:0) invoke microtask = 0x5fa37bda5290
OMP: Info #254: OMP_PROC_BIND: pid 178729 tid 178734 thread 12 bound to OS proc set 7,19
[REGION 2] pthread id: 129231258373056, omp tid: 2/7
[REGION 2] pthread id: 129231270147904, omp tid: 0/7
OMP: pid 178729 tid 178733 thread 3 bound to OS proc set {5,17}
__kmp_fork_barrier: T#11(-1:3) is leaving
__kmp_launch_thread: T#11(-1:3) invoke microtask = 0x5fa37bda5290
OMP: Info #254: OMP_PROC_BIND: pid 178729 tid 178736 thread 14 bound to OS proc set 11,23
[REGION 2] pthread id: 129231249976384, omp tid: 3/7
OMP: pid 178729 tid 178731 thread 1 bound to OS proc set {1,13}
__kmp_fork_barrier: T#9(-1:1) is leaving
__kmp_launch_thread: T#9(-1:1) invoke microtask = 0x5fa37bda5290
[REGION 2] pthread id: 129231266769728, omp tid: 1/7
OMP: pid 178729 tid 178735 thread 5 bound to OS proc set {9,21}
__kmp_fork_barrier: T#13(-1:5) is leaving
OMP: pid 178729 tid 178734 thread 4 bound to OS proc set {7,19}
__kmp_fork_barrier: T#12(-1:4) is leaving
OMP: pid 178729 tid 178736 thread 6 bound to OS proc set {11,23}
__kmp_fork_barrier: T#14(-1:6) is leaving
__kmp_launch_thread: T#14(-1:6) invoke microtask = 0x5fa37bda5290
__kmp_launch_thread: T#12(-1:4) invoke microtask = 0x5fa37bda5290
__kmp_launch_thread: T#13(-1:5) invoke microtask = 0x5fa37bda5290
__kmp_suspend_template: T#15 setting sleep bit for spin(0x5fa38c6015f8)
__kmp_suspend_template: T#15 set sleep bit for spin(0x5fa38c6015f8)==1, was 0
__kmp_suspend_template: T#15 about to perform pthread_cond_wait
__kmp_suspend_template: T#18 setting sleep bit for spin(0x5fa38c60a538)
__kmp_suspend_template: T#18 set sleep bit for spin(0x5fa38c60a538)==1, was 0
__kmp_suspend_template: T#18 about to perform pthread_cond_wait
__kmp_suspend_template: T#16 setting sleep bit for spin(0x5fa38c6045b8)
__kmp_suspend_template: T#17 setting sleep bit for spin(0x5fa38c607578)
__kmp_suspend_template: T#17 set sleep bit for spin(0x5fa38c607578)==1, was 0
__kmp_suspend_template: T#17 about to perform pthread_cond_wait
__kmp_suspend_template: T#16 set sleep bit for spin(0x5fa38c6045b8)==1, was 0
__kmp_suspend_template: T#16 about to perform pthread_cond_wait
__kmp_fork_call: T#0(-1:0) done microtask = 0x5fa37bda5290
__kmp_fork_call: parallel exit T#0
__kmp_join_call: enter T#0
__kmp_launch_thread: T#10(-1:2) done microtask = 0x5fa37bda5290
__kmp_join_barrier: T#10(-1:2) arrived at join barrier
__kmp_join_barrier: T#10, old team = -1, old task_team = 0x5fa38c60d700, th_task_team = 0x5fa38c60d700
__kmp_hyper_barrier_gather: T#10(-1:2) enter for barrier type 1
__kmp_join_call: T#0, old team = 0x5fa38c5df300 old task_team = 0x5fa38c60d700, th_task_team = 0x5fa38c60d700
__kmp_join_barrier: T#0(-1:0) arrived at join barrier
__kmp_launch_thread: T#9(-1:1) done microtask = 0x5fa37bda5290
__kmp_join_barrier: T#9(-1:1) arrived at join barrier
__kmp_join_barrier: T#9, old team = -1, old task_team = 0x5fa38c60d700, th_task_team = 0x5fa38c60d700
__kmp_hyper_barrier_gather: T#9(-1:1) enter for barrier type 1
__kmp_hyper_barrier_gather: T#9(-1:1) releasing T#0(-1:0) arrived(0x5fa38c5ef800): 4 => 8
__kmp_release: T#9 releasing flag(8c5ef800)
__kmp_hyper_barrier_gather: T#9(-1:1) exit for barrier type 1
__kmp_join_barrier: T#0, old team = -1, old task_team = 0x5fa38c60d700, th_task_team = 0x5fa38c60d700
__kmp_hyper_barrier_gather: T#0(-1:0) enter for barrier type 1
__kmp_hyper_barrier_gather: T#0(-1:0) wait T#9(-1:1) arrived(0x5fa38c5ef800) == 8
__kmp_launch_thread: T#11(-1:3) done microtask = 0x5fa37bda5290
__kmp_join_barrier: T#11(-1:3) arrived at join barrier
__kmp_join_barrier: T#11, old team = -1, old task_team = 0x5fa38c60d700, th_task_team = 0x5fa38c60d700
__kmp_hyper_barrier_gather: T#11(-1:3) enter for barrier type 1
__kmp_hyper_barrier_gather: T#11(-1:3) releasing T#0(-1:0) arrived(0x5fa38c5f5740): 4 => 8
__kmp_release: T#11 releasing flag(8c5f5740)
__kmp_hyper_barrier_gather: T#11(-1:3) exit for barrier type 1
__kmp_join_barrier: T#11(-1:3) leaving
__kmp_launch_thread: T#11 waiting for work
__kmp_hyper_barrier_release: T#11 wait go(0x5fa38c5f5738) == 4
__kmp_wait_sleep: T#11 waiting for flag(0x7588febf9f00)
__kmp_launch_thread: T#14(-1:6) done microtask = 0x5fa37bda5290
__kmp_join_barrier: T#14(-1:6) arrived at join barrier
__kmp_join_barrier: T#14, old team = -1, old task_team = 0x5fa38c60d700, th_task_team = 0x5fa38c60d700
__kmp_hyper_barrier_gather: T#14(-1:6) enter for barrier type 1
__kmp_launch_thread: T#13(-1:5) done microtask = 0x5fa37bda5290
__kmp_join_barrier: T#9(-1:1) leaving
__kmp_launch_thread: T#9 waiting for work
__kmp_hyper_barrier_release: T#9 wait go(0x5fa38c5ef7f8) == 4
__kmp_wait_sleep: T#9 waiting for flag(0x7588ffbfde80)
__kmp_hyper_barrier_gather: T#0(-1:0) wait T#10(-1:2) arrived(0x5fa38c5f27c0) == 8
__kmp_wait_sleep: T#0 waiting for flag(0x7ffd40f170c8)
__kmp_hyper_barrier_gather: T#10(-1:2) releasing T#0(-1:0) arrived(0x5fa38c5f27c0): 4 => 8
__kmp_launch_thread: T#12(-1:4) done microtask = 0x5fa37bda5290
__kmp_join_barrier: T#12(-1:4) arrived at join barrier
__kmp_join_barrier: T#12, old team = -1, old task_team = 0x5fa38c60d700, th_task_team = 0x5fa38c60d700
__kmp_hyper_barrier_gather: T#12(-1:4) enter for barrier type 1
__kmp_hyper_barrier_gather: T#12(-1:4) wait T#13(-1:5) arrived(0x5fa38c5fb6c0) == 8
__kmp_wait_sleep: T#12 waiting for flag(0x7588fe3f7ec8)
__kmp_release: T#10 releasing flag(8c5f27c0)
__kmp_hyper_barrier_gather: T#0(-1:0) wait T#11(-1:3) arrived(0x5fa38c5f5740) == 8
__kmp_hyper_barrier_gather: T#0(-1:0) wait T#12(-1:4) arrived(0x5fa38c5f8700) == 8
__kmp_wait_sleep: T#0 waiting for flag(0x7ffd40f170c8)
__kmp_hyper_barrier_gather: T#14(-1:6) releasing T#12(-1:4) arrived(0x5fa38c5fe680): 4 => 8
__kmp_release: T#14 releasing flag(8c5fe680)
__kmp_hyper_barrier_gather: T#14(-1:6) exit for barrier type 1
__kmp_join_barrier: T#14(-1:6) leaving
__kmp_hyper_barrier_gather: T#10(-1:2) exit for barrier type 1
__kmp_join_barrier: T#10(-1:2) leaving
__kmp_launch_thread: T#10 waiting for work
__kmp_hyper_barrier_release: T#10 wait go(0x5fa38c5f27b8) == 4
__kmp_wait_sleep: T#10 waiting for flag(0x7588ff3fbec0)
__kmp_launch_thread: T#14 waiting for work
__kmp_hyper_barrier_release: T#14 wait go(0x5fa38c5fe678) == 4
__kmp_wait_sleep: T#14 waiting for flag(0x7588fd3f3fc0)
__kmp_join_barrier: T#13(-1:5) arrived at join barrier
__kmp_join_barrier: T#13, old team = -1, old task_team = 0x5fa38c60d700, th_task_team = 0x5fa38c60d700
__kmp_hyper_barrier_gather: T#13(-1:5) enter for barrier type 1
__kmp_hyper_barrier_gather: T#13(-1:5) releasing T#12(-1:4) arrived(0x5fa38c5fb6c0): 4 => 8
__kmp_release: T#13 releasing flag(8c5fb6c0)
__kmp_hyper_barrier_gather: T#13(-1:5) exit for barrier type 1
__kmp_join_barrier: T#13(-1:5) leaving
__kmp_launch_thread: T#13 waiting for work
__kmp_hyper_barrier_release: T#13 wait go(0x5fa38c5fb6b8) == 4
__kmp_wait_sleep: T#13 waiting for flag(0x7588fdbf5f80)
__kmp_hyper_barrier_gather: T#12(-1:4) wait T#14(-1:6) arrived(0x5fa38c5fe680) == 8
__kmp_hyper_barrier_gather: T#12(-1:4) releasing T#0(-1:0) arrived(0x5fa38c5f8700): 4 => 8
__kmp_release: T#12 releasing flag(8c5f8700)
__kmp_hyper_barrier_gather: T#12(-1:4) exit for barrier type 1
__kmp_join_barrier: T#12(-1:4) leaving
__kmp_launch_thread: T#12 waiting for work
__kmp_hyper_barrier_release: T#12 wait go(0x5fa38c5f86f8) == 4
__kmp_hyper_barrier_gather: T#0(-1:0) set team -1 arrived(0x5fa38c5df380) = 8
__kmp_hyper_barrier_gather: T#0(-1:0) exit for barrier type 1
__kmp_join_barrier: T#0(-1:0) says all 7 team threads arrived
__kmp_join_barrier: T#0(-1:0) leaving
__kmp_join_call1: T#0, this_thread=0x5fa38c5ea6c0 team=0x5fa38c5df300
__kmp_pop_current_task_from_thread(enter): T#0 this_thread=0x5fa38c5ea6c0, curtask=0x5fa38c5e6a40, curtask_parent=0x5fa38c5e1180
__kmp_pop_current_task_from_thread(exit): T#0 this_thread=0x5fa38c5ea6c0, curtask=0x5fa38c5e1180, curtask_parent=(nil)
__kmp_free_team: T#0 freeing team -1
__kmp_wait_sleep: T#12 waiting for flag(0x7588fe3f7f40)
__kmp_join_call: Primary T#0 restoring task_team (nil), team 0x5fa38c5dea80
__kmp_join_call: exit T#0
__kmp_fork_call: enter T#0
__kmp_determine_teamsize: called
__kmp_determine_teamsize: returning 4
__kmp_fork_call: parent_team_aclevel=0, master_th=0x5fa38c5ea6c0, curtask=0x5fa38c5e1180, curtask_max_aclevel=1
__kmp_fork_call: before __kmp_allocate_team
__kmp_allocate_team: called
__kmp_allocate_team: hot team task_team[0] = 0x5fa38c60d700 task_team[1] = 0x5fa38c60d8c0 before reinit
__kmp_allocate_team: decreasing hot team thread count to 4
__kmp_free_thread: T#0 putting T#12 back on free pool.
__kmp_free_thread: T#0 putting T#13 back on free pool.
__kmp_free_thread: T#0 putting T#14 back on free pool.
__kmp_reinitialize_team: enter this_thread=0x5fa38c5ea6c0 team=0x5fa38c5df300
__kmp_init_implicit_task(enter): T#:0 team=0x5fa38c5df300 task=0x5fa38c5e6a40, reinit=FALSE
__kmp_init_implicit_task(exit): T#:0 team=0x5fa38c5df300 task=0x5fa38c5e6a40
__kmp_reinitialize_team: exit this_thread=0x5fa38c5ea6c0 team=0x5fa38c5df300
__kmp_allocate_team: T#0, this_thread=0x5fa38c5ea6c0 team=0x5fa38c5df300
__kmp_push_current_task_to_thread(enter): T#0 this_thread=0x5fa38c5ea6c0 curtask=0x5fa38c5e1180 parent_task=0x5fa38c5e1180
__kmp_push_current_task_to_thread(exit): T#0 this_thread=0x5fa38c5ea6c0 curtask=0x5fa38c5e6a40 parent_task=0x5fa38c5e1180
__kmp_partition_places: enter: proc_bind = 4 T#0(-1:0) bound to place 0 partition = [0,11]
__kmp_partition_places: exit T#-1
 hot_team = 0x5fa38c5df300
__kmp_allocate_team: hot team task_team[0] = 0x5fa38c60d700 task_team[1] = 0x5fa38c60d8c0 after reinit
__kmp_fork_call: after __kmp_allocate_team - team = 0x5fa38c5df300
__kmp_fork_call: T#0(-1:0)->(-1:0) created a team of 4 threads
__kmp_fork_team_threads: new_nprocs = 4
__kmp_fork_team_threads: Primary T#0 pushing task_team (nil) / team 0x5fa38c5dea80, new task_team 0x5fa38c60d700 / team 0x5fa38c5df300
__kmp_setup_icv_copy: PUSH: T#0 this_thread=0x5fa38c5ea6c0 team=0x5fa38c5df300
__kmp_internal_fork : root=0x5fa38c5e0e00, team=0x5fa38c5df300, master_th=0x5fa38c5ea6c0, gtid=0
__kmp_fork_barrier: T#0(-1:0) has arrived
__kmp_task_team_setup: Primary T#0 reset next task_team 0x5fa38c60d8c0 for team -1 at parity=1
__kmp_hyper_barrier_release: T#0(-1:0) primary enter for barrier type 1
__kmp_hyper_barrier_release: T#0(-1:0) releasing T#11(-1:3)go(0x5fa38c5f5738): 0 => 4
__kmp_release: T#0 releasing flag(8c5f5738)
__kmp_hyper_barrier_release: T#0(-1:0) releasing T#10(-1:2)go(0x5fa38c5f27b8): 0 => 4
__kmp_hyper_barrier_release: T#11(-1:3) set go(0x5fa38c5f5738) = 0
__kmp_init_implicit_task(enter): T#:3 team=0x5fa38c5df300 task=0x5fa38c5e6e00, reinit=FALSE
__kmp_init_implicit_task(exit): T#:3 team=0x5fa38c5df300 task=0x5fa38c5e6e00
__kmp_hyper_barrier_release: T#11(-1:3) exit for barrier type 1
__kmp_task_team_sync: Thread T#11 task team switched to task_team 0x5fa38c60d8c0 from Team #-1 (parity=1)
__kmp_release: T#0 releasing flag(8c5f27b8)
__kmp_hyper_barrier_release: T#0(-1:0) releasing T#9(-1:1)go(0x5fa38c5ef7f8): 0 => 4
__kmp_release: T#0 releasing flag(8c5ef7f8)
__kmp_hyper_barrier_release: T#0(-1:0) exit for barrier type 1
__kmp_hyper_barrier_release: T#10(-1:2) set go(0x5fa38c5f27b8) = 0
__kmp_init_implicit_task(enter): T#:2 team=0x5fa38c5df300 task=0x5fa38c5e6cc0, reinit=FALSE
__kmp_init_implicit_task(exit): T#:2 team=0x5fa38c5df300 task=0x5fa38c5e6cc0
__kmp_hyper_barrier_release: T#10(-1:2) exit for barrier type 1
__kmp_task_team_sync: Thread T#10 task team switched to task_team 0x5fa38c60d8c0 from Team #-1 (parity=1)
__kmp_task_team_sync: Thread T#0 task team switched to task_team 0x5fa38c60d8c0 from Team #-1 (parity=1)
OMP: Info #254: OMP_PROC_BIND: pid 178729 tid 178733 thread 11 bound to OS proc set 9,21
__kmp_hyper_barrier_release: T#9(-1:1) set go(0x5fa38c5ef7f8) = 0
OMP: Info #254: OMP_PROC_BIND: pid 178729 tid 178732 thread 10 bound to OS proc set 6,18
[REGION 2] pthread id: 129231224786368, omp tid: 6/7
[REGION 2] pthread id: 129231241579712, omp tid: 4/7
[REGION 2] pthread id: 129231233183040, omp tid: 5/7
OMP: pid 178729 tid 178729 thread 0 bound to OS proc set {0,12}
__kmp_init_implicit_task(enter): T#:1 team=0x5fa38c5df300 task=0x5fa38c5e6b80, reinit=FALSE
__kmp_init_implicit_task(exit): T#:1 team=0x5fa38c5df300 task=0x5fa38c5e6b80
__kmp_hyper_barrier_release: T#9(-1:1) exit for barrier type 1
__kmp_task_team_sync: Thread T#9 task team switched to task_team 0x5fa38c60d8c0 from Team #-1 (parity=1)
__kmp_fork_barrier: T#0(-1:0) is leaving
__kmp_internal_fork : after : root=0x5fa38c5e0e00, team=0x5fa38c5df300, master_th=0x5fa38c5ea6c0, gtid=0
__kmp_fork_call: T#0(-1:0) invoke microtask = 0x5fa37bda52b0
OMP: Info #254: OMP_PROC_BIND: pid 178729 tid 178731 thread 9 bound to OS proc set 3,15
[REGION 3] pthread id: 129231270147904, omp tid: 0/4
OMP: pid 178729 tid 178731 thread 1 bound to OS proc set {3,15}
__kmp_fork_barrier: T#9(-1:1) is leaving
__kmp_launch_thread: T#9(-1:1) invoke microtask = 0x5fa37bda52b0
OMP: pid 178729 tid 178732 thread 2 bound to OS proc set {6,18}
OMP: pid 178729 tid 178733 thread 3 bound to OS proc set {9,21}
__kmp_fork_barrier: T#10(-1:2) is leaving
__kmp_launch_thread: T#10(-1:2) invoke microtask = 0x5fa37bda52b0
__kmp_fork_barrier: T#11(-1:3) is leaving
__kmp_launch_thread: T#11(-1:3) invoke microtask = 0x5fa37bda52b0
__kmp_suspend_template: T#14 setting sleep bit for spin(0x5fa38c5fe678)
__kmp_suspend_template: T#14 set sleep bit for spin(0x5fa38c5fe678)==1, was 0
__kmp_suspend_template: T#14 about to perform pthread_cond_wait
__kmp_suspend_template: T#13 setting sleep bit for spin(0x5fa38c5fb6b8)
__kmp_suspend_template: T#13 set sleep bit for spin(0x5fa38c5fb6b8)==1, was 0
__kmp_suspend_template: T#13 about to perform pthread_cond_wait
__kmp_suspend_template: T#12 setting sleep bit for spin(0x5fa38c5f86f8)
__kmp_suspend_template: T#12 set sleep bit for spin(0x5fa38c5f86f8)==1, was 0
__kmp_suspend_template: T#12 about to perform pthread_cond_wait
__kmp_fork_call: T#0(-1:0) done microtask = 0x5fa37bda52b0
__kmp_fork_call: parallel exit T#0
__kmp_join_call: enter T#0
__kmp_join_call: T#0, old team = 0x5fa38c5df300 old task_team = 0x5fa38c60d8c0, th_task_team = 0x5fa38c60d8c0
__kmp_join_barrier: T#0(-1:0) arrived at join barrier
__kmp_join_barrier: T#0, old team = -1, old task_team = 0x5fa38c60d8c0, th_task_team = 0x5fa38c60d8c0
__kmp_hyper_barrier_gather: T#0(-1:0) enter for barrier type 1
__kmp_hyper_barrier_gather: T#0(-1:0) wait T#9(-1:1) arrived(0x5fa38c5ef800) == 12
__kmp_wait_sleep: T#0 waiting for flag(0x7ffd40f170c8)
__kmp_launch_thread: T#9(-1:1) done microtask = 0x5fa37bda52b0
__kmp_join_barrier: T#9(-1:1) arrived at join barrier
__kmp_join_barrier: T#9, old team = -1, old task_team = 0x5fa38c60d8c0, th_task_team = 0x5fa38c60d8c0
__kmp_hyper_barrier_gather: T#9(-1:1) enter for barrier type 1
__kmp_hyper_barrier_gather: T#9(-1:1) releasing T#0(-1:0) arrived(0x5fa38c5ef800): 8 => 12
__kmp_release: T#9 releasing flag(8c5ef800)
__kmp_hyper_barrier_gather: T#9(-1:1) exit for barrier type 1
__kmp_hyper_barrier_gather: T#0(-1:0) wait T#10(-1:2) arrived(0x5fa38c5f27c0) == 12
__kmp_launch_thread: T#11(-1:3) done microtask = 0x5fa37bda52b0
__kmp_launch_thread: T#10(-1:2) done microtask = 0x5fa37bda52b0
__kmp_join_barrier: T#10(-1:2) arrived at join barrier
__kmp_join_barrier: T#10, old team = -1, old task_team = 0x5fa38c60d8c0, th_task_team = 0x5fa38c60d8c0
__kmp_join_barrier: T#9(-1:1) leaving
__kmp_join_barrier: T#11(-1:3) arrived at join barrier
__kmp_join_barrier: T#11, old team = -1, old task_team = 0x5fa38c60d8c0, th_task_team = 0x5fa38c60d8c0
__kmp_hyper_barrier_gather: T#11(-1:3) enter for barrier type 1
__kmp_hyper_barrier_gather: T#11(-1:3) releasing T#0(-1:0) arrived(0x5fa38c5f5740): 8 => 12
__kmp_release: T#11 releasing flag(8c5f5740)
__kmp_hyper_barrier_gather: T#11(-1:3) exit for barrier type 1
__kmp_join_barrier: T#11(-1:3) leaving
__kmp_launch_thread: T#11 waiting for work
__kmp_hyper_barrier_release: T#11 wait go(0x5fa38c5f5738) == 4
__kmp_wait_sleep: T#11 waiting for flag(0x7588febf9f00)
__kmp_wait_sleep: T#0 waiting for flag(0x7ffd40f170c8)
__kmp_launch_thread: T#9 waiting for work
__kmp_hyper_barrier_release: T#9 wait go(0x5fa38c5ef7f8) == 4
__kmp_wait_sleep: T#9 waiting for flag(0x7588ffbfde80)
__kmp_hyper_barrier_gather: T#10(-1:2) enter for barrier type 1
__kmp_hyper_barrier_gather: T#10(-1:2) releasing T#0(-1:0) arrived(0x5fa38c5f27c0): 8 => 12
__kmp_release: T#10 releasing flag(8c5f27c0)
__kmp_hyper_barrier_gather: T#10(-1:2) exit for barrier type 1
__kmp_hyper_barrier_gather: T#0(-1:0) wait T#11(-1:3) arrived(0x5fa38c5f5740) == 12
__kmp_hyper_barrier_gather: T#0(-1:0) set team -1 arrived(0x5fa38c5df380) = 12
__kmp_hyper_barrier_gather: T#0(-1:0) exit for barrier type 1
__kmp_join_barrier: T#0(-1:0) says all 4 team threads arrived
__kmp_join_barrier: T#0(-1:0) leaving
__kmp_join_barrier: T#10(-1:2) leaving
__kmp_launch_thread: T#10 waiting for work
__kmp_hyper_barrier_release: T#10 wait go(0x5fa38c5f27b8) == 4
__kmp_wait_sleep: T#10 waiting for flag(0x7588ff3fbec0)
__kmp_join_call1: T#0, this_thread=0x5fa38c5ea6c0 team=0x5fa38c5df300
__kmp_pop_current_task_from_thread(enter): T#0 this_thread=0x5fa38c5ea6c0, curtask=0x5fa38c5e6a40, curtask_parent=0x5fa38c5e1180
__kmp_pop_current_task_from_thread(exit): T#0 this_thread=0x5fa38c5ea6c0, curtask=0x5fa38c5e1180, curtask_parent=(nil)
__kmp_free_team: T#0 freeing team -1
__kmp_join_call: Primary T#0 restoring task_team (nil), team 0x5fa38c5dea80
__kmp_join_call: exit T#0
__kmp_internal_end_library: enter T#0  (-1)
__kmp_internal_end_library: unregistering sibling T#0
__kmp_unregister_root_current_thread: enter T#0
__kmp_free_team: T#0 freeing team -1
__kmp_free_team: T#0 freeing team -1
__kmp_free_team: T#0 deactivating task_team 0x5fa38c60d700 on team -1
__kmp_free_task_team: T#-1 task_team = 0x5fa38c60d700
__kmp_free_team: T#0 deactivating task_team 0x5fa38c60d8c0 on team -1
__kmp_free_task_team: T#-1 task_team = 0x5fa38c60d8c0
__kmp_free_thread: T#0 putting T#9 back on free pool.
__kmp_free_thread: T#0 putting T#10 back on free pool.
__kmp_free_thread: T#0 putting T#11 back on free pool.
__kmp_wait_to_unref_task_team: T#9 task_team == NULL
__kmp_wait_to_unref_task_team: T#10 task_team == NULL
__kmp_wait_to_unref_task_team: T#11 task_team == NULL
__kmp_wait_to_unref_task_team: T#12 task_team == NULL
__kmp_wait_to_unref_task_team: T#13 task_team == NULL
__kmp_wait_to_unref_task_team: T#14 task_team == NULL
__kmp_wait_to_unref_task_team: T#15 task_team == NULL
__kmp_wait_to_unref_task_team: T#16 task_team == NULL
__kmp_wait_to_unref_task_team: T#17 task_team == NULL
__kmp_wait_to_unref_task_team: T#18 task_team == NULL
__kmp_reap_thread: releasing T#9 from fork barrier for reap
__kmp_fork_barrier: T#11 is leaving early
__kmp_launch_thread: T#11 done
__kmp_fork_barrier: T#9 is leaving early
__kmp_launch_thread: T#9 done
__kmp_fork_barrier: T#10 is leaving early
__kmp_launch_thread: T#10 done
__kmp_internal_end_thread: already finished
__kmp_internal_end_thread: already finished
__kmp_release: T#0 releasing flag(8c5ef7f8)
__kmp_reap_worker: try to reap T#9
__kmp_internal_end_thread: already finished
__kmp_reap_worker: done reaping T#9
__kmp_reap_thread: releasing T#10 from fork barrier for reap
__kmp_release: T#0 releasing flag(8c5f27b8)
__kmp_reap_worker: try to reap T#10
__kmp_reap_worker: done reaping T#10
__kmp_reap_thread: releasing T#11 from fork barrier for reap
__kmp_release: T#0 releasing flag(8c5f5738)
__kmp_reap_worker: try to reap T#11
__kmp_reap_worker: done reaping T#11
__kmp_reap_thread: releasing T#12 from fork barrier for reap
__kmp_release: T#0 releasing flag(8c5f86f8)
__kmp_resume_template: T#0 about to wakeup T#12, reset sleep bit for flag's loc(0x5fa38c5f86f8): 4
__kmp_reap_worker: try to reap T#12
__kmp_fork_barrier: T#12 is leaving early
__kmp_launch_thread: T#12 done
__kmp_internal_end_thread: already finished
__kmp_reap_worker: done reaping T#12
__kmp_reap_thread: releasing T#13 from fork barrier for reap
__kmp_release: T#0 releasing flag(8c5fb6b8)
__kmp_resume_template: T#0 about to wakeup T#13, reset sleep bit for flag's loc(0x5fa38c5fb6b8): 4
__kmp_reap_worker: try to reap T#13
__kmp_fork_barrier: T#13 is leaving early
__kmp_launch_thread: T#13 done
__kmp_internal_end_thread: already finished
__kmp_reap_worker: done reaping T#13
__kmp_reap_thread: releasing T#14 from fork barrier for reap
__kmp_release: T#0 releasing flag(8c5fe678)
__kmp_resume_template: T#0 about to wakeup T#14, reset sleep bit for flag's loc(0x5fa38c5fe678): 4
__kmp_reap_worker: try to reap T#14
__kmp_fork_barrier: T#14 is leaving early
__kmp_launch_thread: T#14 done
__kmp_internal_end_thread: already finished
__kmp_reap_worker: done reaping T#14
__kmp_reap_thread: releasing T#15 from fork barrier for reap
__kmp_release: T#0 releasing flag(8c6015f8)
__kmp_resume_template: T#0 about to wakeup T#15, reset sleep bit for flag's loc(0x5fa38c6015f8): 4
__kmp_reap_worker: try to reap T#15
__kmp_fork_barrier: T#15 is leaving early
__kmp_launch_thread: T#15 done
__kmp_internal_end_thread: already finished
__kmp_reap_worker: done reaping T#15
__kmp_reap_thread: releasing T#16 from fork barrier for reap
__kmp_release: T#0 releasing flag(8c6045b8)
__kmp_resume_template: T#0 about to wakeup T#16, reset sleep bit for flag's loc(0x5fa38c6045b8): 4
__kmp_reap_worker: try to reap T#16
__kmp_fork_barrier: T#16 is leaving early
__kmp_launch_thread: T#16 done
__kmp_internal_end_thread: already finished
__kmp_reap_worker: done reaping T#16
__kmp_reap_thread: releasing T#17 from fork barrier for reap
__kmp_release: T#0 releasing flag(8c607578)
__kmp_resume_template: T#0 about to wakeup T#17, reset sleep bit for flag's loc(0x5fa38c607578): 4
__kmp_reap_worker: try to reap T#17
__kmp_fork_barrier: T#17 is leaving early
__kmp_launch_thread: T#17 done
__kmp_internal_end_thread: already finished
__kmp_reap_worker: done reaping T#17
__kmp_reap_thread: releasing T#18 from fork barrier for reap
__kmp_release: T#0 releasing flag(8c60a538)
__kmp_resume_template: T#0 about to wakeup T#18, reset sleep bit for flag's loc(0x5fa38c60a538): 4
__kmp_reap_worker: try to reap T#18
__kmp_fork_barrier: T#18 is leaving early
__kmp_launch_thread: T#18 done
__kmp_internal_end_thread: already finished
__kmp_reap_worker: done reaping T#18
__kmp_internal_end: all workers reaped
__kmp_cleanup: enter
__kmp_cleanup: go serial cleanup
__kmp_cleanup: exit
__kmp_internal_end_library: exit
[REGION 3] pthread id: 129231266769728, omp tid: 1/4
[REGION 3] pthread id: 129231258373056, omp tid: 2/4
[REGION 3] pthread id: 129231249976384, omp tid: 3/4
done
