__kmp_affinity_determine_capable: affinity supported (mask size 8)
__kmp_register_root: entered
__kmp_register_root: found slot in threads array: T#0
__kmp_allocate_team: called
__kmp_allocate_team: making a new team
__kmp_allocate_team: setting task_team[0] 0x57e95cb78c28 and task_team[1] 0x57e95cb78c30 to NULL
__kmp_allocate_team: team -1 init arrived: join=0, plain=0
__kmp_allocate_team: done creating a new team -1.
__kmp_initialize_root: init root team -1 arrived: join=0, plain=0
__kmp_allocate_team: called
__kmp_allocate_team: making a new team
__kmp_allocate_team: setting task_team[0] 0x57e95cb794a8 and task_team[1] 0x57e95cb794b0 to NULL
__kmp_allocate_team: team -1 init arrived: join=0, plain=0
__kmp_allocate_team: done creating a new team -1.
__kmp_allocate_team: called
__kmp_allocate_team: making a new team
__kmp_allocate_team: setting task_team[0] 0x57e95cb85328 and task_team[1] 0x57e95cb85330 to NULL
__kmp_allocate_team: team -1 init arrived: join=0, plain=0
__kmp_allocate_team: done creating a new team -1.
__kmp_create_worker: uber thread (0)
__kmp_check_stack_overlap: called
__kmp_check_stack_overlap: returning
__kmp_register_root: T#0 init T#0(-1:0) arrived: join=0, plain=0
__kmp_do_serial_initialize  T#0

User settings:

   KMP_AFFINITY=verbose
   KMP_A_DEBUG=20
   KMP_DEBUG=1
   KMP_SETTINGS=1
   OMP_DISPLAY_AFFINITY=true
   OMP_PLACES=threads
   OMP_PROC_BIND=spread

Effective settings:

   KMP_ABORT_DELAY=0
   KMP_ADAPTIVE_LOCK_PROPS='1,1024'
   KMP_ALIGN_ALLOC=64
   KMP_ALL_THREADPRIVATE=128
   KMP_ATOMIC_MODE=2
   KMP_A_DEBUG=20
   KMP_BLOCKTIME=200ms
   KMP_B_DEBUG=1
   KMP_CONSISTENCY_CHECK=none
   KMP_CPUINFO_FILE: value is not defined
   KMP_C_DEBUG=1
   KMP_DEBUG_BUF=false
   KMP_DEBUG_BUF_ATOMIC=false
   KMP_DEBUG_BUF_CHARS=128
   KMP_DEBUG_BUF_LINES=512
   KMP_DETERMINISTIC_REDUCTION=false
   KMP_DEVICE_THREAD_LIMIT=2147483647
   KMP_DIAG=0
   KMP_DISP_NUM_BUFFERS=7
   KMP_DUPLICATE_LIB_OK=false
   KMP_DYNAMIC_MODE: value is not defined 
   KMP_D_DEBUG=1
   KMP_ENABLE_TASK_THROTTLING=true
   KMP_E_DEBUG=1
   KMP_FORCE_MONOTONIC_DYNAMIC_SCHEDULE=false
   KMP_FORCE_REDUCTION: value is not defined
   KMP_FOREIGN_THREADS_THREADPRIVATE=true
   KMP_FORKJOIN_BARRIER='2,2'
   KMP_FORKJOIN_BARRIER_PATTERN='hyper,hyper'
   KMP_FORKJOIN_FRAMES=true
   KMP_FORKJOIN_FRAMES_MODE=3
   KMP_F_DEBUG=1
   KMP_GTID_MODE=3
   KMP_HANDLE_SIGNALS=false
   KMP_HIDDEN_HELPER_AFFINITY='noverbose,warnings,granularity=core,none'
   KMP_HOT_TEAMS_MAX_LEVEL=1
   KMP_HOT_TEAMS_MODE=0
   KMP_INHERIT_FP_CONTROL=true
   KMP_INIT_AT_FORK=true
   KMP_ITT_PREPARE_DELAY=0
   KMP_LIBRARY=throughput
   KMP_LOAD_BALANCE_INTERVAL=1.000000
   KMP_LOCK_KIND=queuing
   KMP_MALLOC_POOL_INCR=1M
   KMP_MWAIT_HINTS=0
   KMP_NESTING_MODE=0
   KMP_NUM_LOCKS_IN_BLOCK=1
   KMP_PLAIN_BARRIER='2,2'
   KMP_PLAIN_BARRIER_PATTERN='hyper,hyper'
   KMP_REDUCTION_BARRIER='1,1'
   KMP_REDUCTION_BARRIER_PATTERN='hyper,hyper'
   KMP_SCHEDULE='static,balanced;guided,iterative'
   KMP_SETTINGS=true
   KMP_SPIN_BACKOFF_PARAMS='4096,100'
   KMP_STACKOFFSET=64
   KMP_STACKPAD=0
   KMP_STACKSIZE=8M
   KMP_STORAGE_MAP=false
   KMP_TASKING=2
   KMP_TASKLOOP_MIN_TASKS=0
   KMP_TASK_STEALING_CONSTRAINT=1
   KMP_TEAMS_PROC_BIND=spread
   KMP_TEAMS_THREAD_LIMIT=24
   KMP_TOPOLOGY_METHOD=all
   KMP_TPAUSE=0
   KMP_USER_LEVEL_MWAIT=false
   KMP_USE_YIELD=1
   KMP_VERSION=false
   KMP_WARNINGS=true
   LIBOMP_NUM_HIDDEN_HELPER_THREADS=7
   LIBOMP_USE_HIDDEN_HELPER_TASK=true
   OMP_AFFINITY_FORMAT='OMP: pid %P tid %i thread %n bound to OS proc set {%A}'
   OMP_ALLOCATOR=omp_default_mem_alloc
   OMP_CANCELLATION=false
   OMP_DEFAULT_DEVICE=0
   OMP_DISPLAY_AFFINITY=true
   OMP_DISPLAY_ENV=false
   OMP_DYNAMIC=false
   OMP_MAX_ACTIVE_LEVELS=1
   OMP_MAX_TASK_PRIORITY=0
   OMP_NESTED: deprecated; max-active-levels-var=1
   OMP_NUM_TEAMS=0
   OMP_NUM_THREADS: value is not defined
   OMP_PLACES='threads'
   OMP_PROC_BIND='spread'
   OMP_SCHEDULE='static'
   OMP_STACKSIZE=8M
   OMP_TARGET_OFFLOAD=DEFAULT
   OMP_TEAMS_THREAD_LIMIT=0
   OMP_THREAD_LIMIT=2147483647
   OMP_TOOL=enabled
   OMP_TOOL_LIBRARIES: value is not defined
   OMP_TOOL_VERBOSE_INIT: value is not defined
   OMP_WAIT_POLICY=PASSIVE
   KMP_AFFINITY='verbose,warnings,respect,noreset,granularity=thread,compact,0,0'

__kmp_do_serial_initialize: exit
__kmpc_push_num_threads: enter T#0 num_threads=16
__kmp_fork_call: enter T#0
__kmp_middle_initialize: enter
OMP: Info #155: KMP_AFFINITY: Initial OS proc set respected: 0-23
OMP: Info #216: KMP_AFFINITY: decoding x2APIC ids.
OMP: Info #157: KMP_AFFINITY: 24 available OS procs
OMP: Info #158: KMP_AFFINITY: Uniform topology
OMP: Info #289: KMP_AFFINITY: topology layer "LL cache" is equivalent to "socket".
OMP: Info #191: KMP_AFFINITY: 1 socket x 12 cores/socket x 2 threads/core (12 total cores)
OMP: Info #218: KMP_AFFINITY: OS proc to physical thread map:
OMP: Info #172: KMP_AFFINITY: OS proc 0 maps to socket 0 core 0 thread 0 
OMP: Info #172: KMP_AFFINITY: OS proc 12 maps to socket 0 core 0 thread 1 
OMP: Info #172: KMP_AFFINITY: OS proc 1 maps to socket 0 core 1 thread 2 
OMP: Info #172: KMP_AFFINITY: OS proc 13 maps to socket 0 core 1 thread 3 
OMP: Info #172: KMP_AFFINITY: OS proc 2 maps to socket 0 core 2 thread 4 
OMP: Info #172: KMP_AFFINITY: OS proc 14 maps to socket 0 core 2 thread 5 
OMP: Info #172: KMP_AFFINITY: OS proc 3 maps to socket 0 core 3 thread 6 
OMP: Info #172: KMP_AFFINITY: OS proc 15 maps to socket 0 core 3 thread 7 
OMP: Info #172: KMP_AFFINITY: OS proc 4 maps to socket 0 core 4 thread 8 
OMP: Info #172: KMP_AFFINITY: OS proc 16 maps to socket 0 core 4 thread 9 
OMP: Info #172: KMP_AFFINITY: OS proc 5 maps to socket 0 core 5 thread 10 
OMP: Info #172: KMP_AFFINITY: OS proc 17 maps to socket 0 core 5 thread 11 
OMP: Info #172: KMP_AFFINITY: OS proc 6 maps to socket 0 core 6 thread 12 
OMP: Info #172: KMP_AFFINITY: OS proc 18 maps to socket 0 core 6 thread 13 
OMP: Info #172: KMP_AFFINITY: OS proc 7 maps to socket 0 core 7 thread 14 
OMP: Info #172: KMP_AFFINITY: OS proc 19 maps to socket 0 core 7 thread 15 
OMP: Info #172: KMP_AFFINITY: OS proc 8 maps to socket 0 core 8 thread 16 
OMP: Info #172: KMP_AFFINITY: OS proc 20 maps to socket 0 core 8 thread 17 
OMP: Info #172: KMP_AFFINITY: OS proc 9 maps to socket 0 core 9 thread 18 
OMP: Info #172: KMP_AFFINITY: OS proc 21 maps to socket 0 core 9 thread 19 
OMP: Info #172: KMP_AFFINITY: OS proc 10 maps to socket 0 core 10 thread 20 
OMP: Info #172: KMP_AFFINITY: OS proc 22 maps to socket 0 core 10 thread 21 
OMP: Info #172: KMP_AFFINITY: OS proc 11 maps to socket 0 core 11 thread 22 
OMP: Info #172: KMP_AFFINITY: OS proc 23 maps to socket 0 core 11 thread 23 
__kmp_middle_initialize: setting __kmp_dflt_team_nth = __kmp_avail_proc(24)
__kmp_middle_initialize: final value for __kmp_dflt_team_nth = 24
__kmp_do_middle_initialize: exit
OMP: Info #254: OMP_PROC_BIND: pid 159564 tid 159564 thread 0 bound to OS proc set 0
__kmp_parallel_initialize: enter
__kmp_parallel_initialize: exit
__kmp_allocate_team: called
__kmp_allocate_team: hot team task_team[0] = (nil) task_team[1] = (nil) before reinit
__kmp_allocate_team: increasing hot team thread count to 16
__kmp_allocate_thread: T#0
__kmp_allocate_team: called
__kmp_allocate_team: making a new team
__kmp_allocate_team: setting task_team[0] 0x57e95cb8b5a8 and task_team[1] 0x57e95cb8b5b0 to NULL
__kmp_allocate_team: team -1 init arrived: join=0, plain=0
__kmp_allocate_team: done creating a new team -1.
__kmp_allocate_thread: T#0 init go fork=0, plain=0
__kmp_create_worker: try to create thread (9)
__kmp_create_worker: T#9, default stacksize = 4194304 bytes, __kmp_stksize = 8388608 bytes, final stacksize = 8389760 bytes
__kmp_create_worker: done creating thread (9)
__kmp_allocate_thread: T#0 forked T#9
__kmp_allocate_team: team -1 init T#9 arrived: join=4294967295, plain=1
__kmp_allocate_thread: T#0
__kmp_allocate_team: called
__kmp_allocate_team: making a new team
__kmp_allocate_team: setting task_team[0] 0x57e95cb8e528 and task_team[1] 0x57e95cb8e530 to NULL
__kmp_allocate_team: team -1 init arrived: join=0, plain=0
__kmp_allocate_team: done creating a new team -1.
__kmp_allocate_thread: T#0 init go fork=0, plain=0
__kmp_create_worker: try to create thread (10)
__kmp_create_worker: T#10, default stacksize = 4194304 bytes, __kmp_stksize = 8388608 bytes, final stacksize = 8389888 bytes
__kmp_create_worker: done creating thread (10)
__kmp_allocate_thread: T#0 forked T#10
__kmp_allocate_team: team -1 init T#10 arrived: join=4294967295, plain=2
__kmp_allocate_thread: T#0
__kmp_allocate_team: called
__kmp_allocate_team: making a new team
__kmp_allocate_team: setting task_team[0] 0x57e95cb914e8 and task_team[1] 0x57e95cb914f0 to NULL
__kmp_allocate_team: team -1 init arrived: join=0, plain=0
__kmp_allocate_team: done creating a new team -1.
__kmp_check_stack_overlap: called
__kmp_allocate_thread: T#0 init go fork=0, plain=0
__kmp_create_worker: try to create thread (11)
__kmp_create_worker: T#11, default stacksize = 4194304 bytes, __kmp_stksize = 8388608 bytes, final stacksize = 8390016 bytes
__kmp_check_stack_overlap: performing extensive checking
__kmp_check_stack_overlap: returning
__kmp_launch_thread: T#9 start
__kmp_launch_thread: T#9 waiting for work
__kmp_hyper_barrier_release: T#9 wait go(0x57e95cb8b0f8) == 4
__kmp_wait_sleep: T#9 waiting for flag(0x7ad3acdfde80)
__kmp_check_stack_overlap: called
__kmp_check_stack_overlap: performing extensive checking
__kmp_check_stack_overlap: returning
__kmp_launch_thread: T#10 start
__kmp_launch_thread: T#10 waiting for work
__kmp_hyper_barrier_release: T#10 wait go(0x57e95cb8e0b8) == 4
__kmp_wait_sleep: T#10 waiting for flag(0x7ad3ac5fbec0)
__kmp_create_worker: done creating thread (11)
__kmp_allocate_thread: T#0 forked T#11
__kmp_allocate_team: team -1 init T#11 arrived: join=4294967295, plain=3
__kmp_allocate_thread: T#0
__kmp_allocate_team: called
__kmp_allocate_team: making a new team
__kmp_allocate_team: setting task_team[0] 0x57e95cb944a8 and task_team[1] 0x57e95cb944b0 to NULL
__kmp_allocate_team: team -1 init arrived: join=0, plain=0
__kmp_allocate_team: done creating a new team -1.
__kmp_allocate_thread: T#0 init go fork=0, plain=0
__kmp_create_worker: try to create thread (12)
__kmp_create_worker: T#12, default stacksize = 4194304 bytes, __kmp_stksize = 8388608 bytes, final stacksize = 8390144 bytes
__kmp_check_stack_overlap: called
__kmp_check_stack_overlap: performing extensive checking
__kmp_check_stack_overlap: returning
__kmp_launch_thread: T#11 start
__kmp_launch_thread: T#11 waiting for work
__kmp_hyper_barrier_release: T#11 wait go(0x57e95cb91038) == 4
__kmp_wait_sleep: T#11 waiting for flag(0x7ad3abdf9f00)
__kmp_create_worker: done creating thread (12)
__kmp_allocate_thread: T#0 forked T#12
__kmp_allocate_team: team -1 init T#12 arrived: join=4294967295, plain=4
__kmp_allocate_thread: T#0
__kmp_allocate_team: called
__kmp_allocate_team: making a new team
__kmp_allocate_team: setting task_team[0] 0x57e95cb97468 and task_team[1] 0x57e95cb97470 to NULL
__kmp_allocate_team: team -1 init arrived: join=0, plain=0
__kmp_allocate_team: done creating a new team -1.
__kmp_allocate_thread: T#0 init go fork=0, plain=0
__kmp_create_worker: try to create thread (13)
__kmp_create_worker: T#13, default stacksize = 4194304 bytes, __kmp_stksize = 8388608 bytes, final stacksize = 8390272 bytes
__kmp_check_stack_overlap: called
__kmp_check_stack_overlap: performing extensive checking
__kmp_check_stack_overlap: returning
__kmp_launch_thread: T#12 start
__kmp_launch_thread: T#12 waiting for work
__kmp_hyper_barrier_release: T#12 wait go(0x57e95cb93ff8) == 4
__kmp_wait_sleep: T#12 waiting for flag(0x7ad3ab5f7f40)
__kmp_create_worker: done creating thread (13)
__kmp_allocate_thread: T#0 forked T#13
__kmp_allocate_team: team -1 init T#13 arrived: join=4294967295, plain=5
__kmp_allocate_thread: T#0
__kmp_allocate_team: called
__kmp_allocate_team: making a new team
__kmp_allocate_team: setting task_team[0] 0x57e95cb9a3e8 and task_team[1] 0x57e95cb9a3f0 to NULL
__kmp_allocate_team: team -1 init arrived: join=0, plain=0
__kmp_allocate_team: done creating a new team -1.
__kmp_allocate_thread: T#0 init go fork=0, plain=0
__kmp_create_worker: try to create thread (14)
__kmp_create_worker: T#14, default stacksize = 4194304 bytes, __kmp_stksize = 8388608 bytes, final stacksize = 8390400 bytes
__kmp_check_stack_overlap: called
__kmp_check_stack_overlap: performing extensive checking
__kmp_check_stack_overlap: returning
__kmp_launch_thread: T#13 start
__kmp_launch_thread: T#13 waiting for work
__kmp_hyper_barrier_release: T#13 wait go(0x57e95cb96fb8) == 4
__kmp_wait_sleep: T#13 waiting for flag(0x7ad3aadf5f80)
__kmp_create_worker: done creating thread (14)
__kmp_allocate_thread: T#0 forked T#14
__kmp_allocate_team: team -1 init T#14 arrived: join=4294967295, plain=6
__kmp_allocate_thread: T#0
__kmp_allocate_team: called
__kmp_allocate_team: making a new team
__kmp_allocate_team: setting task_team[0] 0x57e95cb9d3a8 and task_team[1] 0x57e95cb9d3b0 to NULL
__kmp_allocate_team: team -1 init arrived: join=0, plain=0
__kmp_allocate_team: done creating a new team -1.
__kmp_allocate_thread: T#0 init go fork=0, plain=0
__kmp_create_worker: try to create thread (15)
__kmp_create_worker: T#15, default stacksize = 4194304 bytes, __kmp_stksize = 8388608 bytes, final stacksize = 8390528 bytes
__kmp_check_stack_overlap: called
__kmp_check_stack_overlap: performing extensive checking
__kmp_check_stack_overlap: returning
__kmp_launch_thread: T#14 start
__kmp_launch_thread: T#14 waiting for work
__kmp_hyper_barrier_release: T#14 wait go(0x57e95cb99f78) == 4
__kmp_wait_sleep: T#14 waiting for flag(0x7ad3aa5f3fc0)
__kmp_create_worker: done creating thread (15)
__kmp_allocate_thread: T#0 forked T#15
__kmp_allocate_team: team -1 init T#15 arrived: join=4294967295, plain=7
__kmp_allocate_thread: T#0
__kmp_allocate_team: called
__kmp_allocate_team: making a new team
__kmp_allocate_team: setting task_team[0] 0x57e95cba0368 and task_team[1] 0x57e95cba0370 to NULL
__kmp_allocate_team: team -1 init arrived: join=0, plain=0
__kmp_allocate_team: done creating a new team -1.
__kmp_allocate_thread: T#0 init go fork=0, plain=0
__kmp_create_worker: try to create thread (16)
__kmp_create_worker: T#16, default stacksize = 4194304 bytes, __kmp_stksize = 8388608 bytes, final stacksize = 8390656 bytes
__kmp_check_stack_overlap: called
__kmp_check_stack_overlap: performing extensive checking
__kmp_check_stack_overlap: returning
__kmp_launch_thread: T#15 start
__kmp_launch_thread: T#15 waiting for work
__kmp_hyper_barrier_release: T#15 wait go(0x57e95cb9cef8) == 4
__kmp_wait_sleep: T#15 waiting for flag(0x7ad3a9df2000)
__kmp_create_worker: done creating thread (16)
__kmp_allocate_thread: T#0 forked T#16
__kmp_allocate_team: team -1 init T#16 arrived: join=4294967295, plain=8
__kmp_allocate_thread: T#0
__kmp_allocate_team: called
__kmp_allocate_team: making a new team
__kmp_allocate_team: setting task_team[0] 0x57e95cba3328 and task_team[1] 0x57e95cba3330 to NULL
__kmp_allocate_team: team -1 init arrived: join=0, plain=0
__kmp_allocate_team: done creating a new team -1.
__kmp_allocate_thread: T#0 init go fork=0, plain=0
__kmp_create_worker: try to create thread (17)
__kmp_create_worker: T#17, default stacksize = 4194304 bytes, __kmp_stksize = 8388608 bytes, final stacksize = 8390784 bytes
__kmp_create_worker: done creating thread (17)
__kmp_allocate_thread: T#0 forked T#17
__kmp_allocate_team: team -1 init T#17 arrived: join=4294967295, plain=9
__kmp_check_stack_overlap: called
__kmp_check_stack_overlap: performing extensive checking
__kmp_check_stack_overlap: returning
__kmp_launch_thread: T#16 start
__kmp_launch_thread: T#16 waiting for work
__kmp_hyper_barrier_release: T#16 wait go(0x57e95cb9feb8) == 4
__kmp_wait_sleep: T#16 waiting for flag(0x7ad3a95f0040)
__kmp_allocate_thread: T#0
__kmp_allocate_team: called
__kmp_allocate_team: making a new team
__kmp_allocate_team: setting task_team[0] 0x57e95cba62a8 and task_team[1] 0x57e95cba62b0 to NULL
__kmp_allocate_team: team -1 init arrived: join=0, plain=0
__kmp_allocate_team: done creating a new team -1.
__kmp_check_stack_overlap: called
__kmp_check_stack_overlap: performing extensive checking
__kmp_allocate_thread: T#0 init go fork=0, plain=0
__kmp_create_worker: try to create thread (18)
__kmp_create_worker: T#18, default stacksize = 4194304 bytes, __kmp_stksize = 8388608 bytes, final stacksize = 8390912 bytes
__kmp_check_stack_overlap: returning
__kmp_launch_thread: T#17 start
__kmp_launch_thread: T#17 waiting for work
__kmp_hyper_barrier_release: T#17 wait go(0x57e95cba2e78) == 4
__kmp_wait_sleep: T#17 waiting for flag(0x7ad3a8dee080)
__kmp_create_worker: done creating thread (18)
__kmp_allocate_thread: T#0 forked T#18
__kmp_allocate_team: team -1 init T#18 arrived: join=4294967295, plain=10
__kmp_allocate_thread: T#0
__kmp_allocate_team: called
__kmp_allocate_team: making a new team
__kmp_allocate_team: setting task_team[0] 0x57e95cba9268 and task_team[1] 0x57e95cba9270 to NULL
__kmp_allocate_team: team -1 init arrived: join=0, plain=0
__kmp_allocate_team: done creating a new team -1.
__kmp_allocate_thread: T#0 init go fork=0, plain=0
__kmp_create_worker: try to create thread (19)
__kmp_create_worker: T#19, default stacksize = 4194304 bytes, __kmp_stksize = 8388608 bytes, final stacksize = 8391040 bytes
__kmp_check_stack_overlap: called
__kmp_check_stack_overlap: performing extensive checking
__kmp_check_stack_overlap: returning
__kmp_launch_thread: T#18 start
__kmp_launch_thread: T#18 waiting for work
__kmp_hyper_barrier_release: T#18 wait go(0x57e95cba5e38) == 4
__kmp_wait_sleep: T#18 waiting for flag(0x7ad383ffe0c0)
__kmp_create_worker: done creating thread (19)
__kmp_allocate_thread: T#0 forked T#19
__kmp_allocate_team: team -1 init T#19 arrived: join=4294967295, plain=11
__kmp_allocate_thread: T#0
__kmp_allocate_team: called
__kmp_allocate_team: making a new team
__kmp_allocate_team: setting task_team[0] 0x57e95cbac228 and task_team[1] 0x57e95cbac230 to NULL
__kmp_allocate_team: team -1 init arrived: join=0, plain=0
__kmp_allocate_team: done creating a new team -1.
__kmp_allocate_thread: T#0 init go fork=0, plain=0
__kmp_create_worker: try to create thread (20)
__kmp_create_worker: T#20, default stacksize = 4194304 bytes, __kmp_stksize = 8388608 bytes, final stacksize = 8391168 bytes
__kmp_create_worker: done creating thread (20)
__kmp_allocate_thread: T#0 forked T#20
__kmp_allocate_team: team -1 init T#20 arrived: join=4294967295, plain=12
__kmp_allocate_thread: T#0
__kmp_allocate_team: called
__kmp_allocate_team: making a new team
__kmp_allocate_team: setting task_team[0] 0x57e95cbaf1e8 and task_team[1] 0x57e95cbaf1f0 to NULL
__kmp_allocate_team: team -1 init arrived: join=0, plain=0
__kmp_allocate_team: done creating a new team -1.
__kmp_allocate_thread: T#0 init go fork=0, plain=0
__kmp_create_worker: try to create thread (21)
__kmp_create_worker: T#21, default stacksize = 4194304 bytes, __kmp_stksize = 8388608 bytes, final stacksize = 8391296 bytes
__kmp_check_stack_overlap: called
__kmp_check_stack_overlap: performing extensive checking
__kmp_check_stack_overlap: returning
__kmp_launch_thread: T#19 start
__kmp_launch_thread: T#19 waiting for work
__kmp_hyper_barrier_release: T#19 wait go(0x57e95cba8db8) == 4
__kmp_wait_sleep: T#19 waiting for flag(0x7ad3837fc100)
__kmp_create_worker: done creating thread (21)
__kmp_allocate_thread: T#0 forked T#21
__kmp_allocate_team: team -1 init T#21 arrived: join=4294967295, plain=13
__kmp_allocate_thread: T#0
__kmp_allocate_team: called
__kmp_allocate_team: making a new team
__kmp_allocate_team: setting task_team[0] 0x57e95cbb2168 and task_team[1] 0x57e95cbb2170 to NULL
__kmp_allocate_team: team -1 init arrived: join=0, plain=0
__kmp_allocate_team: done creating a new team -1.
__kmp_allocate_thread: T#0 init go fork=0, plain=0
__kmp_create_worker: try to create thread (22)
__kmp_create_worker: T#22, default stacksize = 4194304 bytes, __kmp_stksize = 8388608 bytes, final stacksize = 8391424 bytes
__kmp_check_stack_overlap: called
__kmp_check_stack_overlap: performing extensive checking
__kmp_check_stack_overlap: returning
__kmp_launch_thread: T#20 start
__kmp_launch_thread: T#20 waiting for work
__kmp_hyper_barrier_release: T#20 wait go(0x57e95cbabd78) == 4
__kmp_wait_sleep: T#20 waiting for flag(0x7ad382ffa140)
__kmp_create_worker: done creating thread (22)
__kmp_allocate_thread: T#0 forked T#22
__kmp_allocate_team: team -1 init T#22 arrived: join=4294967295, plain=14
__kmp_allocate_thread: T#0
__kmp_allocate_team: called
__kmp_check_stack_overlap: called
__kmp_check_stack_overlap: performing extensive checking
__kmp_check_stack_overlap: returning
__kmp_launch_thread: T#21 start
__kmp_launch_thread: T#21 waiting for work
__kmp_hyper_barrier_release: T#21 wait go(0x57e95cbaed38) == 4
__kmp_wait_sleep: T#21 waiting for flag(0x7ad3827f8180)
__kmp_allocate_team: making a new team
__kmp_allocate_team: setting task_team[0] 0x57e95cbb5128 and task_team[1] 0x57e95cbb5130 to NULL
__kmp_allocate_team: team -1 init arrived: join=0, plain=0
__kmp_allocate_team: done creating a new team -1.
__kmp_allocate_thread: T#0 init go fork=0, plain=0
__kmp_create_worker: try to create thread (23)
__kmp_create_worker: T#23, default stacksize = 4194304 bytes, __kmp_stksize = 8388608 bytes, final stacksize = 8391552 bytes
__kmp_check_stack_overlap: called
__kmp_check_stack_overlap: performing extensive checking
__kmp_check_stack_overlap: returning
__kmp_launch_thread: T#22 start
__kmp_launch_thread: T#22 waiting for work
__kmp_hyper_barrier_release: T#22 wait go(0x57e95cbb1cf8) == 4
__kmp_wait_sleep: T#22 waiting for flag(0x7ad381ff61c0)
__kmp_create_worker: done creating thread (23)
__kmp_allocate_thread: T#0 forked T#23
__kmp_allocate_team: team -1 init T#23 arrived: join=4294967295, plain=15
__kmp_partition_places: enter: proc_bind = 4 T#0(-1:0) bound to place 0 partition = [0,23]
__kmp_partition_places: exit T#-1
__kmp_allocate_team: hot team task_team[0] = (nil) task_team[1] = (nil) after reinit
__kmp_fork_call: T#0(-1:0)->(-1:0) created a team of 16 threads
__kmp_check_stack_overlap: called
__kmp_check_stack_overlap: performing extensive checking
__kmp_check_stack_overlap: returning
__kmp_launch_thread: T#23 start
__kmp_launch_thread: T#23 waiting for work
__kmp_hyper_barrier_release: T#23 wait go(0x57e95cbb4c78) == 4
__kmp_wait_sleep: T#23 waiting for flag(0x7ad3817f4200)
__kmp_fork_team_threads: new_nprocs = 16
__kmp_fork_team_threads: Primary T#0 pushing task_team (nil) / team 0x57e95cb78a80, new task_team (nil) / team 0x57e95cb79300
__kmp_fork_barrier: T#0(-1:0) has arrived
__kmp_allocate_task_team: T#0 entering; team = 0x57e95cb79300
__kmp_allocate_task_team: T#0 exiting; task_team = 0x57e95cbb7e80 unfinished_threads init'd to 16
__kmp_task_team_setup: Primary T#0 created new task_team 0x57e95cbb7e80 for team -1 at parity=0
__kmp_allocate_task_team: T#0 entering; team = 0x57e95cb79300
__kmp_allocate_task_team: T#0 exiting; task_team = 0x57e95cbb8040 unfinished_threads init'd to 16
__kmp_task_team_setup: Primary T#0 created second new task_team 0x57e95cbb8040 for team -1 at parity=1
__kmp_hyper_barrier_release: T#0(-1:0) primary enter for barrier type 1
__kmp_hyper_barrier_release: T#0(-1:0) releasing T#20(-1:12)go(0x57e95cbabd78): 1 => 5
__kmp_hyper_barrier_release: T#0(-1:0) releasing T#16(-1:8)go(0x57e95cb9feb8): 1 => 5
__kmp_hyper_barrier_release: T#0(-1:0) releasing T#12(-1:4)go(0x57e95cb93ff8): 1 => 5
__kmp_hyper_barrier_release: T#20(-1:12) set go(0x57e95cbabd78) = 0
__kmp_hyper_barrier_release: T#0(-1:0) releasing T#11(-1:3)go(0x57e95cb91038): 1 => 5
__kmp_hyper_barrier_release: T#12(-1:4) set go(0x57e95cb93ff8) = 0
__kmp_hyper_barrier_release: T#20(-1:12) releasing T#23(-1:15)go(0x57e95cbb4c78): 1 => 5
__kmp_hyper_barrier_release: T#16(-1:8) set go(0x57e95cb9feb8) = 0
__kmp_hyper_barrier_release: T#20(-1:12) releasing T#22(-1:14)go(0x57e95cbb1cf8): 1 => 5
__kmp_hyper_barrier_release: T#23(-1:15) set go(0x57e95cbb4c78) = 0
__kmp_hyper_barrier_release: T#11(-1:3) set go(0x57e95cb91038) = 0
__kmp_hyper_barrier_release: T#12(-1:4) releasing T#15(-1:7)go(0x57e95cb9cef8): 1 => 5
__kmp_hyper_barrier_release: T#12(-1:4) releasing T#14(-1:6)go(0x57e95cb99f78): 1 => 5
__kmp_hyper_barrier_release: T#16(-1:8) releasing T#19(-1:11)go(0x57e95cba8db8): 1 => 5
__kmp_hyper_barrier_release: T#11(-1:3) exit for barrier type 1
__kmp_task_team_sync: Thread T#11 task team switched to task_team 0x57e95cbb8040 from Team #-1 (parity=1)
__kmp_hyper_barrier_release: T#0(-1:0) releasing T#10(-1:2)go(0x57e95cb8e0b8): 1 => 5
__kmp_hyper_barrier_release: T#19(-1:11) set go(0x57e95cba8db8) = 0
__kmp_hyper_barrier_release: T#19(-1:11) exit for barrier type 1
__kmp_task_team_sync: Thread T#19 task team switched to task_team 0x57e95cbb8040 from Team #-1 (parity=1)
OMP: Info #254: OMP_PROC_BIND: pid 159564 tid 159568 thread 11 bound to OS proc set 2
__kmp_hyper_barrier_release: T#16(-1:8) releasing T#18(-1:10)go(0x57e95cba5e38): 1 => 5
__kmp_hyper_barrier_release: T#12(-1:4) releasing T#13(-1:5)go(0x57e95cb96fb8): 1 => 5
__kmp_hyper_barrier_release: T#12(-1:4) exit for barrier type 1
PID: 159564
Worker launched: gtid=9, tid=1
Worker launched: gtid=10, tid=2
Worker launched: gtid=11, tid=3
Worker launched: gtid=12, tid=4
Worker launched: gtid=13, tid=5
Worker launched: gtid=14, tid=6
Worker launched: gtid=15, tid=7
Worker launched: gtid=16, tid=8
Worker launched: gtid=17, tid=9
Worker launched: gtid=18, tid=10
Worker launched: gtid=19, tid=11
Worker launched: gtid=20, tid=12
Worker launched: gtid=21, tid=13
Worker launched: gtid=22, tid=14
Worker launched: gtid=23, tid=15
OMP: pid 159564 tid 159568 thread 3 bound to OS proc set {2}
__kmp_hyper_barrier_release: T#15(-1:7) set go(0x57e95cb9cef8) = 0
__kmp_hyper_barrier_release: T#23(-1:15) exit for barrier type 1
__kmp_task_team_sync: Thread T#23 task team switched to task_team 0x57e95cbb8040 from Team #-1 (parity=1)
__kmp_hyper_barrier_release: T#15(-1:7) exit for barrier type 1
__kmp_task_team_sync: Thread T#15 task team switched to task_team 0x57e95cbb8040 from Team #-1 (parity=1)
__kmp_task_team_sync: Thread T#12 task team switched to task_team 0x57e95cbb8040 from Team #-1 (parity=1)
__kmp_fork_barrier: T#11(-1:3) is leaving
__kmp_launch_thread: T#11(-1:3) invoke microtask = 0x57e939a68290
OMP: Info #254: OMP_PROC_BIND: pid 159564 tid 159576 thread 19 bound to OS proc set 20
OMP: Info #254: OMP_PROC_BIND: pid 159564 tid 159569 thread 12 bound to OS proc set 3
__kmp_hyper_barrier_release: T#13(-1:5) set go(0x57e95cb96fb8) = 0
__kmp_hyper_barrier_release: T#13(-1:5) exit for barrier type 1
[REGION 1] pthread id: 135049540250688, omp tid: 3/16
OMP: pid 159564 tid 159576 thread 11 bound to OS proc set {20}
__kmp_task_team_sync: Thread T#13 task team switched to task_team 0x57e95cbb8040 from Team #-1 (parity=1)
__kmp_hyper_barrier_release: T#0(-1:0) releasing T#9(-1:1)go(0x57e95cb8b0f8): 1 => 5
__kmp_hyper_barrier_release: T#0(-1:0) exit for barrier type 1
__kmp_task_team_sync: Thread T#0 task team switched to task_team 0x57e95cbb8040 from Team #-1 (parity=1)
__kmp_hyper_barrier_release: T#22(-1:14) set go(0x57e95cbb1cf8) = 0
__kmp_hyper_barrier_release: T#14(-1:6) set go(0x57e95cb99f78) = 0
__kmp_hyper_barrier_release: T#14(-1:6) exit for barrier type 1
__kmp_task_team_sync: Thread T#14 task team switched to task_team 0x57e95cbb8040 from Team #-1 (parity=1)
__kmp_fork_barrier: T#19(-1:11) is leaving
__kmp_launch_thread: T#19(-1:11) invoke microtask = 0x57e939a68290
OMP: Info #254: OMP_PROC_BIND: pid 159564 tid 159572 thread 15 bound to OS proc set 5
__kmp_hyper_barrier_release: T#20(-1:12) releasing T#21(-1:13)go(0x57e95cbaed38): 1 => 5
__kmp_hyper_barrier_release: T#10(-1:2) set go(0x57e95cb8e0b8) = 0
__kmp_hyper_barrier_release: T#10(-1:2) exit for barrier type 1
__kmp_task_team_sync: Thread T#10 task team switched to task_team 0x57e95cbb8040 from Team #-1 (parity=1)
__kmp_hyper_barrier_release: T#16(-1:8) releasing T#17(-1:9)go(0x57e95cba2e78): 1 => 5
__kmp_hyper_barrier_release: T#18(-1:10) set go(0x57e95cba5e38) = 0
__kmp_hyper_barrier_release: T#18(-1:10) exit for barrier type 1
__kmp_hyper_barrier_release: T#17(-1:9) set go(0x57e95cba2e78) = 0
__kmp_hyper_barrier_release: T#17(-1:9) exit for barrier type 1
__kmp_task_team_sync: Thread T#17 task team switched to task_team 0x57e95cbb8040 from Team #-1 (parity=1)
__kmp_hyper_barrier_release: T#9(-1:1) set go(0x57e95cb8b0f8) = 0
[REGION 1] pthread id: 135048862879808, omp tid: 11/16
OMP: pid 159564 tid 159569 thread 4 bound to OS proc set {3}
OMP: Info #254: OMP_PROC_BIND: pid 159564 tid 159580 thread 23 bound to OS proc set 23
__kmp_hyper_barrier_release: T#9(-1:1) exit for barrier type 1
__kmp_task_team_sync: Thread T#9 task team switched to task_team 0x57e95cbb8040 from Team #-1 (parity=1)
__kmp_hyper_barrier_release: T#21(-1:13) set go(0x57e95cbaed38) = 0
__kmp_hyper_barrier_release: T#16(-1:8) exit for barrier type 1
__kmp_hyper_barrier_release: T#21(-1:13) exit for barrier type 1
__kmp_task_team_sync: Thread T#16 task team switched to task_team 0x57e95cbb8040 from Team #-1 (parity=1)
__kmp_fork_barrier: T#12(-1:4) is leaving
__kmp_launch_thread: T#12(-1:4) invoke microtask = 0x57e939a68290
OMP: Info #254: OMP_PROC_BIND: pid 159564 tid 159570 thread 13 bound to OS proc set 15
[REGION 1] pthread id: 135049531854016, omp tid: 4/16
OMP: pid 159564 tid 159564 thread 0 bound to OS proc set {0}
__kmp_task_team_sync: Thread T#21 task team switched to task_team 0x57e95cbb8040 from Team #-1 (parity=1)
OMP: Info #254: OMP_PROC_BIND: pid 159564 tid 159571 thread 14 bound to OS proc set 16
__kmp_hyper_barrier_release: T#20(-1:12) exit for barrier type 1
__kmp_fork_barrier: T#0(-1:0) is leaving
__kmp_fork_call: T#0(-1:0) invoke microtask = 0x57e939a68290
__kmp_hyper_barrier_release: T#22(-1:14) exit for barrier type 1
__kmp_task_team_sync: Thread T#22 task team switched to task_team 0x57e95cbb8040 from Team #-1 (parity=1)
__kmp_task_team_sync: Thread T#18 task team switched to task_team 0x57e95cbb8040 from Team #-1 (parity=1)
OMP: Info #254: OMP_PROC_BIND: pid 159564 tid 159567 thread 10 bound to OS proc set 13
__kmp_task_team_sync: Thread T#20 task team switched to task_team 0x57e95cbb8040 from Team #-1 (parity=1)
OMP: Info #254: OMP_PROC_BIND: pid 159564 tid 159574 thread 17 bound to OS proc set 7
OMP: Info #254: OMP_PROC_BIND: pid 159564 tid 159573 thread 16 bound to OS proc set 6
OMP: Info #254: OMP_PROC_BIND: pid 159564 tid 159566 thread 9 bound to OS proc set 12
OMP: Info #254: OMP_PROC_BIND: pid 159564 tid 159578 thread 21 bound to OS proc set 10
[REGION 1] pthread id: 135049559701312, omp tid: 0/16
OMP: pid 159564 tid 159570 thread 5 bound to OS proc set {15}
__kmp_fork_barrier: T#13(-1:5) is leaving
OMP: Info #254: OMP_PROC_BIND: pid 159564 tid 159579 thread 22 bound to OS proc set 22
__kmp_launch_thread: T#13(-1:5) invoke microtask = 0x57e939a68290
[REGION 1] pthread id: 135049523457344, omp tid: 5/16
OMP: pid 159564 tid 159571 thread 6 bound to OS proc set {16}
__kmp_fork_barrier: T#14(-1:6) is leaving
OMP: pid 159564 tid 159572 thread 7 bound to OS proc set {5}
__kmp_launch_thread: T#14(-1:6) invoke microtask = 0x57e939a68290
OMP: pid 159564 tid 159580 thread 15 bound to OS proc set {23}
__kmp_fork_barrier: T#23(-1:15) is leaving
__kmp_fork_barrier: T#15(-1:7) is leaving
__kmp_launch_thread: T#15(-1:7) invoke microtask = 0x57e939a68290
OMP: Info #254: OMP_PROC_BIND: pid 159564 tid 159575 thread 18 bound to OS proc set 19
__kmp_launch_thread: T#23(-1:15) invoke microtask = 0x57e939a68290
OMP: Info #254: OMP_PROC_BIND: pid 159564 tid 159577 thread 20 bound to OS proc set 9
[REGION 1] pthread id: 135049515060672, omp tid: 6/16
[REGION 1] pthread id: 135049506664000, omp tid: 7/16
[REGION 1] pthread id: 135048829293120, omp tid: 15/16
OMP: pid 159564 tid 159573 thread 8 bound to OS proc set {6}
__kmp_fork_barrier: T#16(-1:8) is leaving
OMP: pid 159564 tid 159574 thread 9 bound to OS proc set {7}
__kmp_launch_thread: T#16(-1:8) invoke microtask = 0x57e939a68290
__kmp_fork_barrier: T#17(-1:9) is leaving
OMP: pid 159564 tid 159567 thread 2 bound to OS proc set {13}
__kmp_launch_thread: T#17(-1:9) invoke microtask = 0x57e939a68290
__kmp_fork_barrier: T#10(-1:2) is leaving
OMP: pid 159564 tid 159566 thread 1 bound to OS proc set {12}
__kmp_launch_thread: T#10(-1:2) invoke microtask = 0x57e939a68290
__kmp_fork_barrier: T#9(-1:1) is leaving
__kmp_launch_thread: T#9(-1:1) invoke microtask = 0x57e939a68290
[REGION 1] pthread id: 135049498267328, omp tid: 8/16
OMP: pid 159564 tid 159579 thread 14 bound to OS proc set {22}
__kmp_fork_barrier: T#22(-1:14) is leaving
[REGION 1] pthread id: 135049557044032, omp tid: 1/16
[REGION 1] pthread id: 135049489870656, omp tid: 9/16
OMP: pid 159564 tid 159578 thread 13 bound to OS proc set {10}
__kmp_launch_thread: T#22(-1:14) invoke microtask = 0x57e939a68290
OMP: pid 159564 tid 159575 thread 10 bound to OS proc set {19}
OMP: pid 159564 tid 159577 thread 12 bound to OS proc set {9}
__kmp_fork_barrier: T#18(-1:10) is leaving
__kmp_launch_thread: T#18(-1:10) invoke microtask = 0x57e939a68290
__kmp_fork_barrier: T#20(-1:12) is leaving
__kmp_launch_thread: T#20(-1:12) invoke microtask = 0x57e939a68290
__kmp_fork_barrier: T#21(-1:13) is leaving
__kmp_launch_thread: T#21(-1:13) invoke microtask = 0x57e939a68290
__kmp_launch_thread: T#11(-1:3) done microtask = 0x57e939a68290
__kmp_join_barrier: T#11(-1:3) arrived at join barrier
__kmp_join_barrier: T#11, old team = -1, old task_team = 0x57e95cbb8040, th_task_team = 0x57e95cbb8040
__kmp_hyper_barrier_gather: T#11(-1:3) enter for barrier type 1
__kmp_hyper_barrier_gather: T#11(-1:3) releasing T#0(-1:0) arrived(0x57e95cb91040): 0 => 4
__kmp_hyper_barrier_gather: T#11(-1:3) exit for barrier type 1
__kmp_join_barrier: T#11(-1:3) leaving
__kmp_launch_thread: T#11 waiting for work
__kmp_hyper_barrier_release: T#11 wait go(0x57e95cb91038) == 4
__kmp_wait_sleep: T#11 waiting for flag(0x7ad3abdf9f00)
__kmp_launch_thread: T#19(-1:11) done microtask = 0x57e939a68290
__kmp_launch_thread: T#12(-1:4) done microtask = 0x57e939a68290
__kmp_join_barrier: T#12(-1:4) arrived at join barrier
__kmp_join_barrier: T#12, old team = -1, old task_team = 0x57e95cbb8040, th_task_team = 0x57e95cbb8040
__kmp_hyper_barrier_gather: T#12(-1:4) enter for barrier type 1
__kmp_hyper_barrier_gather: T#12(-1:4) wait T#13(-1:5) arrived(0x57e95cb96fc0) == 4
__kmp_wait_sleep: T#12 waiting for flag(0x7ad3ab5f7ec8)
__kmp_join_barrier: T#19(-1:11) arrived at join barrier
__kmp_join_barrier: T#19, old team = -1, old task_team = 0x57e95cbb8040, th_task_team = 0x57e95cbb8040
__kmp_hyper_barrier_gather: T#19(-1:11) enter for barrier type 1
__kmp_hyper_barrier_gather: T#19(-1:11) releasing T#16(-1:8) arrived(0x57e95cba8dc0): 0 => 4
__kmp_hyper_barrier_gather: T#19(-1:11) exit for barrier type 1
__kmp_join_barrier: T#19(-1:11) leaving
__kmp_launch_thread: T#19 waiting for work
__kmp_fork_call: T#0(-1:0) done microtask = 0x57e939a68290
__kmp_fork_call: parallel exit T#0
__kmp_join_call: enter T#0
__kmp_join_call: T#0, old team = 0x57e95cb79300 old task_team = 0x57e95cbb8040, th_task_team = 0x57e95cbb8040
__kmp_join_barrier: T#0(-1:0) arrived at join barrier
__kmp_join_barrier: T#0, old team = -1, old task_team = 0x57e95cbb8040, th_task_team = 0x57e95cbb8040
__kmp_hyper_barrier_gather: T#0(-1:0) enter for barrier type 1
__kmp_hyper_barrier_gather: T#0(-1:0) wait T#9(-1:1) arrived(0x57e95cb8b100) == 4
__kmp_wait_sleep: T#0 waiting for flag(0x7ffe56dc7be8)
__kmp_hyper_barrier_release: T#19 wait go(0x57e95cba8db8) == 4
__kmp_wait_sleep: T#19 waiting for flag(0x7ad3837fc100)
__kmp_launch_thread: T#14(-1:6) done microtask = 0x57e939a68290
__kmp_join_barrier: T#14(-1:6) arrived at join barrier
__kmp_join_barrier: T#14, old team = -1, old task_team = 0x57e95cbb8040, th_task_team = 0x57e95cbb8040
__kmp_hyper_barrier_gather: T#14(-1:6) enter for barrier type 1
__kmp_hyper_barrier_gather: T#14(-1:6) releasing T#12(-1:4) arrived(0x57e95cb99f80): 0 => 4
__kmp_hyper_barrier_gather: T#14(-1:6) exit for barrier type 1
__kmp_join_barrier: T#14(-1:6) leaving
__kmp_launch_thread: T#14 waiting for work
__kmp_launch_thread: T#15(-1:7) done microtask = 0x57e939a68290
__kmp_join_barrier: T#15(-1:7) arrived at join barrier
__kmp_hyper_barrier_release: T#14 wait go(0x57e95cb99f78) == 4
__kmp_wait_sleep: T#14 waiting for flag(0x7ad3aa5f3fc0)
__kmp_launch_thread: T#23(-1:15) done microtask = 0x57e939a68290
__kmp_launch_thread: T#22(-1:14) done microtask = 0x57e939a68290
__kmp_launch_thread: T#17(-1:9) done microtask = 0x57e939a68290
__kmp_launch_thread: T#21(-1:13) done microtask = 0x57e939a68290
__kmp_launch_thread: T#13(-1:5) done microtask = 0x57e939a68290
__kmp_join_barrier: T#13(-1:5) arrived at join barrier
__kmp_join_barrier: T#13, old team = -1, old task_team = 0x57e95cbb8040, th_task_team = 0x57e95cbb8040
__kmp_launch_thread: T#16(-1:8) done microtask = 0x57e939a68290
__kmp_join_barrier: T#16(-1:8) arrived at join barrier
__kmp_join_barrier: T#16, old team = -1, old task_team = 0x57e95cbb8040, th_task_team = 0x57e95cbb8040
__kmp_launch_thread: T#20(-1:12) done microtask = 0x57e939a68290
__kmp_join_barrier: T#20(-1:12) arrived at join barrier
__kmp_join_barrier: T#20, old team = -1, old task_team = 0x57e95cbb8040, th_task_team = 0x57e95cbb8040
__kmp_hyper_barrier_gather: T#20(-1:12) enter for barrier type 1
__kmp_hyper_barrier_gather: T#20(-1:12) wait T#21(-1:13) arrived(0x57e95cbaed40) == 4
__kmp_wait_sleep: T#20 waiting for flag(0x7ad382ffa0c8)
__kmp_join_barrier: T#23(-1:15) arrived at join barrier
__kmp_join_barrier: T#23, old team = -1, old task_team = 0x57e95cbb8040, th_task_team = 0x57e95cbb8040
__kmp_launch_thread: T#9(-1:1) done microtask = 0x57e939a68290
__kmp_join_barrier: T#9(-1:1) arrived at join barrier
__kmp_join_barrier: T#9, old team = -1, old task_team = 0x57e95cbb8040, th_task_team = 0x57e95cbb8040
__kmp_hyper_barrier_gather: T#9(-1:1) enter for barrier type 1
__kmp_hyper_barrier_gather: T#9(-1:1) releasing T#0(-1:0) arrived(0x57e95cb8b100): 0 => 4
__kmp_hyper_barrier_gather: T#9(-1:1) exit for barrier type 1
__kmp_hyper_barrier_gather: T#13(-1:5) enter for barrier type 1
__kmp_join_barrier: T#9(-1:1) leaving
__kmp_hyper_barrier_gather: T#16(-1:8) enter for barrier type 1
__kmp_join_barrier: T#22(-1:14) arrived at join barrier
__kmp_join_barrier: T#17(-1:9) arrived at join barrier
__kmp_hyper_barrier_gather: T#0(-1:0) wait T#10(-1:2) arrived(0x57e95cb8e0c0) == 4
__kmp_launch_thread: T#9 waiting for work
__kmp_hyper_barrier_gather: T#13(-1:5) releasing T#12(-1:4) arrived(0x57e95cb96fc0): 0 => 4
__kmp_launch_thread: T#10(-1:2) done microtask = 0x57e939a68290
__kmp_join_barrier: T#10(-1:2) arrived at join barrier
__kmp_join_barrier: T#22, old team = -1, old task_team = 0x57e95cbb8040, th_task_team = 0x57e95cbb8040
__kmp_hyper_barrier_gather: T#22(-1:14) enter for barrier type 1
__kmp_hyper_barrier_gather: T#13(-1:5) exit for barrier type 1
__kmp_join_barrier: T#13(-1:5) leaving
__kmp_launch_thread: T#13 waiting for work
__kmp_join_barrier: T#21(-1:13) arrived at join barrier
__kmp_launch_thread: T#18(-1:10) done microtask = 0x57e939a68290
__kmp_join_barrier: T#18(-1:10) arrived at join barrier
__kmp_hyper_barrier_release: T#9 wait go(0x57e95cb8b0f8) == 4
__kmp_wait_sleep: T#9 waiting for flag(0x7ad3acdfde80)
__kmp_hyper_barrier_gather: T#22(-1:14) releasing T#20(-1:12) arrived(0x57e95cbb1d00): 0 => 4
__kmp_join_barrier: T#10, old team = -1, old task_team = 0x57e95cbb8040, th_task_team = 0x57e95cbb8040
__kmp_hyper_barrier_gather: T#10(-1:2) enter for barrier type 1
__kmp_hyper_barrier_gather: T#10(-1:2) releasing T#0(-1:0) arrived(0x57e95cb8e0c0): 0 => 4
__kmp_wait_sleep: T#0 waiting for flag(0x7ffe56dc7be8)
__kmp_join_barrier: T#18, old team = -1, old task_team = 0x57e95cbb8040, th_task_team = 0x57e95cbb8040
__kmp_hyper_barrier_gather: T#12(-1:4) wait T#14(-1:6) arrived(0x57e95cb99f80) == 4
__kmp_hyper_barrier_gather: T#16(-1:8) wait T#17(-1:9) arrived(0x57e95cba2e80) == 4
__kmp_join_barrier: T#15, old team = -1, old task_team = 0x57e95cbb8040, th_task_team = 0x57e95cbb8040
__kmp_join_barrier: T#21, old team = -1, old task_team = 0x57e95cbb8040, th_task_team = 0x57e95cbb8040
__kmp_hyper_barrier_gather: T#21(-1:13) enter for barrier type 1
__kmp_hyper_barrier_gather: T#21(-1:13) releasing T#20(-1:12) arrived(0x57e95cbaed40): 0 => 4
__kmp_hyper_barrier_gather: T#21(-1:13) exit for barrier type 1
__kmp_hyper_barrier_gather: T#23(-1:15) enter for barrier type 1
__kmp_join_barrier: T#21(-1:13) leaving
__kmp_launch_thread: T#21 waiting for work
__kmp_hyper_barrier_release: T#21 wait go(0x57e95cbaed38) == 4
__kmp_hyper_barrier_gather: T#0(-1:0) wait T#11(-1:3) arrived(0x57e95cb91040) == 4
__kmp_hyper_barrier_release: T#13 wait go(0x57e95cb96fb8) == 4
__kmp_hyper_barrier_gather: T#22(-1:14) exit for barrier type 1
__kmp_hyper_barrier_gather: T#12(-1:4) wait T#15(-1:7) arrived(0x57e95cb9cf00) == 4
__kmp_wait_sleep: T#13 waiting for flag(0x7ad3aadf5f80)
__kmp_hyper_barrier_gather: T#23(-1:15) releasing T#20(-1:12) arrived(0x57e95cbb4c80): 0 => 4
__kmp_wait_sleep: T#21 waiting for flag(0x7ad3827f8180)
__kmp_hyper_barrier_gather: T#23(-1:15) exit for barrier type 1
__kmp_join_barrier: T#23(-1:15) leaving
__kmp_hyper_barrier_gather: T#20(-1:12) wait T#22(-1:14) arrived(0x57e95cbb1d00) == 4
__kmp_hyper_barrier_gather: T#15(-1:7) enter for barrier type 1
__kmp_launch_thread: T#23 waiting for work
__kmp_join_barrier: T#17, old team = -1, old task_team = 0x57e95cbb8040, th_task_team = 0x57e95cbb8040
__kmp_hyper_barrier_gather: T#10(-1:2) exit for barrier type 1
__kmp_wait_sleep: T#16 waiting for flag(0x7ad3a95effc8)
__kmp_hyper_barrier_gather: T#20(-1:12) wait T#23(-1:15) arrived(0x57e95cbb4c80) == 4
__kmp_join_barrier: T#22(-1:14) leaving
__kmp_hyper_barrier_gather: T#20(-1:12) releasing T#0(-1:0) arrived(0x57e95cbabd80): 0 => 4
__kmp_hyper_barrier_gather: T#0(-1:0) wait T#12(-1:4) arrived(0x57e95cb94000) == 4
__kmp_join_barrier: T#10(-1:2) leaving
__kmp_wait_sleep: T#0 waiting for flag(0x7ffe56dc7be8)
__kmp_launch_thread: T#22 waiting for work
__kmp_hyper_barrier_gather: T#15(-1:7) releasing T#12(-1:4) arrived(0x57e95cb9cf00): 0 => 4
__kmp_hyper_barrier_gather: T#15(-1:7) exit for barrier type 1
__kmp_join_barrier: T#15(-1:7) leaving
__kmp_launch_thread: T#15 waiting for work
__kmp_hyper_barrier_release: T#15 wait go(0x57e95cb9cef8) == 4
__kmp_launch_thread: T#10 waiting for work
__kmp_hyper_barrier_release: T#10 wait go(0x57e95cb8e0b8) == 4
__kmp_wait_sleep: T#15 waiting for flag(0x7ad3a9df2000)
__kmp_hyper_barrier_gather: T#20(-1:12) exit for barrier type 1
__kmp_wait_sleep: T#10 waiting for flag(0x7ad3ac5fbec0)
__kmp_hyper_barrier_gather: T#18(-1:10) enter for barrier type 1
__kmp_hyper_barrier_release: T#22 wait go(0x57e95cbb1cf8) == 4
__kmp_wait_sleep: T#22 waiting for flag(0x7ad381ff61c0)
__kmp_hyper_barrier_gather: T#18(-1:10) releasing T#16(-1:8) arrived(0x57e95cba5e40): 0 => 4
__kmp_hyper_barrier_gather: T#18(-1:10) exit for barrier type 1
__kmp_join_barrier: T#18(-1:10) leaving
__kmp_launch_thread: T#18 waiting for work
__kmp_hyper_barrier_release: T#18 wait go(0x57e95cba5e38) == 4
__kmp_wait_sleep: T#18 waiting for flag(0x7ad383ffe0c0)
__kmp_hyper_barrier_gather: T#12(-1:4) releasing T#0(-1:0) arrived(0x57e95cb94000): 0 => 4
__kmp_hyper_barrier_gather: T#12(-1:4) exit for barrier type 1
__kmp_join_barrier: T#12(-1:4) leaving
__kmp_launch_thread: T#12 waiting for work
__kmp_hyper_barrier_release: T#12 wait go(0x57e95cb93ff8) == 4
__kmp_wait_sleep: T#12 waiting for flag(0x7ad3ab5f7f40)
__kmp_hyper_barrier_gather: T#17(-1:9) enter for barrier type 1
__kmp_hyper_barrier_release: T#23 wait go(0x57e95cbb4c78) == 4
__kmp_wait_sleep: T#23 waiting for flag(0x7ad3817f4200)
__kmp_hyper_barrier_gather: T#0(-1:0) wait T#16(-1:8) arrived(0x57e95cb9fec0) == 4
__kmp_wait_sleep: T#0 waiting for flag(0x7ffe56dc7be8)
__kmp_hyper_barrier_gather: T#17(-1:9) releasing T#16(-1:8) arrived(0x57e95cba2e80): 0 => 4
__kmp_hyper_barrier_gather: T#17(-1:9) exit for barrier type 1
__kmp_join_barrier: T#17(-1:9) leaving
__kmp_launch_thread: T#17 waiting for work
__kmp_hyper_barrier_release: T#17 wait go(0x57e95cba2e78) == 4
__kmp_wait_sleep: T#17 waiting for flag(0x7ad3a8dee080)
__kmp_hyper_barrier_gather: T#16(-1:8) wait T#18(-1:10) arrived(0x57e95cba5e40) == 4
__kmp_hyper_barrier_gather: T#16(-1:8) wait T#19(-1:11) arrived(0x57e95cba8dc0) == 4
__kmp_hyper_barrier_gather: T#16(-1:8) releasing T#0(-1:0) arrived(0x57e95cb9fec0): 0 => 4
__kmp_hyper_barrier_gather: T#16(-1:8) exit for barrier type 1
__kmp_hyper_barrier_gather: T#0(-1:0) wait T#20(-1:12) arrived(0x57e95cbabd80) == 4
__kmp_hyper_barrier_gather: T#0(-1:0) set team -1 arrived(0x57e95cb79380) = 4
__kmp_hyper_barrier_gather: T#0(-1:0) exit for barrier type 1
__kmp_join_barrier: T#0(-1:0) says all 16 team threads arrived
__kmp_join_barrier: T#0(-1:0) leaving
__kmp_free_team: T#0 freeing team -1
__kmp_join_call: Primary T#0 restoring task_team (nil), team 0x57e95cb78a80
__kmp_join_call: exit T#0
__kmp_join_barrier: T#20(-1:12) leaving
__kmp_launch_thread: T#20 waiting for work
__kmp_hyper_barrier_release: T#20 wait go(0x57e95cbabd78) == 4
__kmp_wait_sleep: T#20 waiting for flag(0x7ad382ffa140)
__kmp_join_barrier: T#16(-1:8) leaving
__kmp_launch_thread: T#16 waiting for work
__kmp_hyper_barrier_release: T#16 wait go(0x57e95cb9feb8) == 4
__kmp_wait_sleep: T#16 waiting for flag(0x7ad3a95f0040)
__kmpc_push_num_threads: enter T#0 num_threads=4
__kmp_fork_call: enter T#0
__kmp_allocate_team: called
__kmp_allocate_team: hot team task_team[0] = 0x57e95cbb7e80 task_team[1] = 0x57e95cbb8040 before reinit
__kmp_allocate_team: decreasing hot team thread count to 4
__kmp_free_thread: T#0 putting T#12 back on free pool.
__kmp_free_thread: T#0 putting T#13 back on free pool.
__kmp_free_thread: T#0 putting T#14 back on free pool.
__kmp_free_thread: T#0 putting T#15 back on free pool.
__kmp_free_thread: T#0 putting T#16 back on free pool.
__kmp_free_thread: T#0 putting T#17 back on free pool.
__kmp_free_thread: T#0 putting T#18 back on free pool.
__kmp_free_thread: T#0 putting T#19 back on free pool.
__kmp_free_thread: T#0 putting T#20 back on free pool.
__kmp_free_thread: T#0 putting T#21 back on free pool.
__kmp_free_thread: T#0 putting T#22 back on free pool.
__kmp_free_thread: T#0 putting T#23 back on free pool.
__kmp_partition_places: enter: proc_bind = 4 T#0(-1:0) bound to place 0 partition = [0,23]
__kmp_partition_places: exit T#-1
__kmp_allocate_team: hot team task_team[0] = 0x57e95cbb7e80 task_team[1] = 0x57e95cbb8040 after reinit
__kmp_fork_call: T#0(-1:0)->(-1:0) created a team of 4 threads
__kmp_fork_team_threads: new_nprocs = 4
__kmp_fork_team_threads: Primary T#0 pushing task_team (nil) / team 0x57e95cb78a80, new task_team 0x57e95cbb7e80 / team 0x57e95cb79300
__kmp_fork_barrier: T#0(-1:0) has arrived
__kmp_task_team_setup: Primary T#0 reset next task_team 0x57e95cbb7e80 for team -1 at parity=0
__kmp_hyper_barrier_release: T#0(-1:0) primary enter for barrier type 1
__kmp_hyper_barrier_release: T#0(-1:0) releasing T#11(-1:3)go(0x57e95cb91038): 0 => 4
__kmp_hyper_barrier_release: T#0(-1:0) releasing T#10(-1:2)go(0x57e95cb8e0b8): 0 => 4
__kmp_hyper_barrier_release: T#0(-1:0) releasing T#9(-1:1)go(0x57e95cb8b0f8): 0 => 4
__kmp_hyper_barrier_release: T#0(-1:0) exit for barrier type 1
__kmp_task_team_sync: Thread T#0 task team switched to task_team 0x57e95cbb7e80 from Team #-1 (parity=0)
__kmp_hyper_barrier_release: T#10(-1:2) set go(0x57e95cb8e0b8) = 0
__kmp_hyper_barrier_release: T#10(-1:2) exit for barrier type 1
__kmp_task_team_sync: Thread T#10 task team switched to task_team 0x57e95cbb7e80 from Team #-1 (parity=0)
[REGION 1] pthread id: 135048871276480, omp tid: 10/16
[REGION 1] pthread id: 135048854483136, omp tid: 12/16
[REGION 1] pthread id: 135049548647360, omp tid: 2/16
[REGION 1] pthread id: 135048837689792, omp tid: 14/16
[REGION 1] pthread id: 135048846086464, omp tid: 13/16
OMP: pid 159564 tid 159564 thread 0 bound to OS proc set {0}
__kmp_fork_barrier: T#0(-1:0) is leaving
__kmp_fork_call: T#0(-1:0) invoke microtask = 0x57e939a682e0
OMP: Info #254: OMP_PROC_BIND: pid 159564 tid 159567 thread 10 bound to OS proc set 6
__kmp_hyper_barrier_release: T#9(-1:1) set go(0x57e95cb8b0f8) = 0
__kmp_hyper_barrier_release: T#9(-1:1) exit for barrier type 1
__kmp_task_team_sync: Thread T#9 task team switched to task_team 0x57e95cbb7e80 from Team #-1 (parity=0)
__kmp_hyper_barrier_release: T#11(-1:3) set go(0x57e95cb91038) = 0
__kmp_hyper_barrier_release: T#11(-1:3) exit for barrier type 1
__kmp_task_team_sync: Thread T#11 task team switched to task_team 0x57e95cbb7e80 from Team #-1 (parity=0)
OMP: Info #254: OMP_PROC_BIND: pid 159564 tid 159566 thread 9 bound to OS proc set 3
[REGION 2] pthread id: 135049559701312, omp tid: 0/4
OMP: pid 159564 tid 159567 thread 2 bound to OS proc set {6}
__kmp_fork_barrier: T#10(-1:2) is leaving
__kmp_launch_thread: T#10(-1:2) invoke microtask = 0x57e939a682e0
OMP: Info #254: OMP_PROC_BIND: pid 159564 tid 159568 thread 11 bound to OS proc set 9
[REGION 2] pthread id: 135049548647360, omp tid: 2/4
OMP: pid 159564 tid 159566 thread 1 bound to OS proc set {3}
__kmp_fork_barrier: T#9(-1:1) is leaving
__kmp_launch_thread: T#9(-1:1) invoke microtask = 0x57e939a682e0
[REGION 2] pthread id: 135049557044032, omp tid: 1/4
OMP: pid 159564 tid 159568 thread 3 bound to OS proc set {9}
__kmp_fork_barrier: T#11(-1:3) is leaving
__kmp_launch_thread: T#11(-1:3) invoke microtask = 0x57e939a682e0
__kmp_fork_call: T#0(-1:0) done microtask = 0x57e939a682e0
__kmp_fork_call: parallel exit T#0
__kmp_join_call: enter T#0
__kmp_join_call: T#0, old team = 0x57e95cb79300 old task_team = 0x57e95cbb7e80, th_task_team = 0x57e95cbb7e80
__kmp_join_barrier: T#0(-1:0) arrived at join barrier
__kmp_join_barrier: T#0, old team = -1, old task_team = 0x57e95cbb7e80, th_task_team = 0x57e95cbb7e80
__kmp_hyper_barrier_gather: T#0(-1:0) enter for barrier type 1
__kmp_hyper_barrier_gather: T#0(-1:0) wait T#9(-1:1) arrived(0x57e95cb8b100) == 8
__kmp_wait_sleep: T#0 waiting for flag(0x7ffe56dc7be8)
__kmp_launch_thread: T#10(-1:2) done microtask = 0x57e939a682e0
__kmp_join_barrier: T#10(-1:2) arrived at join barrier
__kmp_join_barrier: T#10, old team = -1, old task_team = 0x57e95cbb7e80, th_task_team = 0x57e95cbb7e80
__kmp_hyper_barrier_gather: T#10(-1:2) enter for barrier type 1
__kmp_launch_thread: T#9(-1:1) done microtask = 0x57e939a682e0
__kmp_join_barrier: T#9(-1:1) arrived at join barrier
__kmp_join_barrier: T#9, old team = -1, old task_team = 0x57e95cbb7e80, th_task_team = 0x57e95cbb7e80
__kmp_hyper_barrier_gather: T#9(-1:1) enter for barrier type 1
__kmp_hyper_barrier_gather: T#10(-1:2) releasing T#0(-1:0) arrived(0x57e95cb8e0c0): 4 => 8
__kmp_hyper_barrier_gather: T#10(-1:2) exit for barrier type 1
__kmp_join_barrier: T#10(-1:2) leaving
__kmp_launch_thread: T#10 waiting for work
__kmp_hyper_barrier_release: T#10 wait go(0x57e95cb8e0b8) == 4
__kmp_hyper_barrier_gather: T#9(-1:1) releasing T#0(-1:0) arrived(0x57e95cb8b100): 4 => 8
__kmp_hyper_barrier_gather: T#9(-1:1) exit for barrier type 1
__kmp_hyper_barrier_gather: T#0(-1:0) wait T#10(-1:2) arrived(0x57e95cb8e0c0) == 8
__kmp_wait_sleep: T#10 waiting for flag(0x7ad3ac5fbec0)
__kmp_join_barrier: T#9(-1:1) leaving
__kmp_launch_thread: T#9 waiting for work
__kmp_hyper_barrier_release: T#9 wait go(0x57e95cb8b0f8) == 4
__kmp_hyper_barrier_gather: T#0(-1:0) wait T#11(-1:3) arrived(0x57e95cb91040) == 8
__kmp_wait_sleep: T#0 waiting for flag(0x7ffe56dc7be8)
__kmp_launch_thread: T#11(-1:3) done microtask = 0x57e939a682e0
__kmp_join_barrier: T#11(-1:3) arrived at join barrier
__kmp_join_barrier: T#11, old team = -1, old task_team = 0x57e95cbb7e80, th_task_team = 0x57e95cbb7e80
__kmp_hyper_barrier_gather: T#11(-1:3) enter for barrier type 1
__kmp_hyper_barrier_gather: T#11(-1:3) releasing T#0(-1:0) arrived(0x57e95cb91040): 4 => 8
__kmp_hyper_barrier_gather: T#11(-1:3) exit for barrier type 1
__kmp_join_barrier: T#11(-1:3) leaving
__kmp_wait_sleep: T#9 waiting for flag(0x7ad3acdfde80)
__kmp_hyper_barrier_gather: T#0(-1:0) set team -1 arrived(0x57e95cb79380) = 8
__kmp_hyper_barrier_gather: T#0(-1:0) exit for barrier type 1
__kmp_join_barrier: T#0(-1:0) says all 4 team threads arrived
__kmp_join_barrier: T#0(-1:0) leaving
__kmp_launch_thread: T#11 waiting for work
__kmp_hyper_barrier_release: T#11 wait go(0x57e95cb91038) == 4
__kmp_wait_sleep: T#11 waiting for flag(0x7ad3abdf9f00)
__kmp_free_team: T#0 freeing team -1
__kmp_join_call: Primary T#0 restoring task_team (nil), team 0x57e95cb78a80
__kmp_join_call: exit T#0
__kmpc_push_num_threads: enter T#0 num_threads=4
__kmp_fork_call: enter T#0
__kmp_allocate_team: called
__kmp_allocate_team: hot team task_team[0] = 0x57e95cbb7e80 task_team[1] = 0x57e95cbb8040 before reinit
__kmp_allocate_team: reusing hot team
__kmp_partition_places: enter: proc_bind = 4 T#0(-1:0) bound to place 0 partition = [0,23]
__kmp_partition_places: exit T#-1
__kmp_allocate_team: hot team task_team[0] = 0x57e95cbb7e80 task_team[1] = 0x57e95cbb8040 after reinit
__kmp_fork_call: T#0(-1:0)->(-1:0) created a team of 4 threads
__kmp_fork_team_threads: new_nprocs = 4
__kmp_fork_team_threads: Primary T#0 pushing task_team (nil) / team 0x57e95cb78a80, new task_team 0x57e95cbb7e80 / team 0x57e95cb79300
__kmp_fork_barrier: T#0(-1:0) has arrived
__kmp_task_team_setup: Primary T#0 reset next task_team 0x57e95cbb8040 for team -1 at parity=1
__kmp_hyper_barrier_release: T#0(-1:0) primary enter for barrier type 1
__kmp_hyper_barrier_release: T#0(-1:0) releasing T#11(-1:3)go(0x57e95cb91038): 0 => 4
__kmp_hyper_barrier_release: T#0(-1:0) releasing T#10(-1:2)go(0x57e95cb8e0b8): 0 => 4
__kmp_hyper_barrier_release: T#11(-1:3) set go(0x57e95cb91038) = 0
__kmp_hyper_barrier_release: T#11(-1:3) exit for barrier type 1
__kmp_task_team_sync: Thread T#11 task team switched to task_team 0x57e95cbb8040 from Team #-1 (parity=1)
__kmp_fork_barrier: T#11(-1:3) is leaving
__kmp_launch_thread: T#11(-1:3) invoke microtask = 0x57e939a68330
__kmp_hyper_barrier_release: T#0(-1:0) releasing T#9(-1:1)go(0x57e95cb8b0f8): 0 => 4
__kmp_hyper_barrier_release: T#0(-1:0) exit for barrier type 1
__kmp_task_team_sync: Thread T#0 task team switched to task_team 0x57e95cbb8040 from Team #-1 (parity=1)
__kmp_fork_barrier: T#0(-1:0) is leaving
__kmp_hyper_barrier_release: T#9(-1:1) set go(0x57e95cb8b0f8) = 0
__kmp_fork_call: T#0(-1:0) invoke microtask = 0x57e939a68330
__kmp_hyper_barrier_release: T#9(-1:1) exit for barrier type 1
__kmp_hyper_barrier_release: T#10(-1:2) set go(0x57e95cb8e0b8) = 0
__kmp_hyper_barrier_release: T#10(-1:2) exit for barrier type 1
__kmp_task_team_sync: Thread T#10 task team switched to task_team 0x57e95cbb8040 from Team #-1 (parity=1)
__kmp_fork_barrier: T#10(-1:2) is leaving
__kmp_launch_thread: T#10(-1:2) invoke microtask = 0x57e939a68330
__kmp_task_team_sync: Thread T#9 task team switched to task_team 0x57e95cbb8040 from Team #-1 (parity=1)
__kmp_fork_barrier: T#9(-1:1) is leaving
__kmp_launch_thread: T#9(-1:1) invoke microtask = 0x57e939a68330
__kmp_launch_thread: T#9(-1:1) done microtask = 0x57e939a68330
__kmp_launch_thread: T#10(-1:2) done microtask = 0x57e939a68330
__kmp_join_barrier: T#10(-1:2) arrived at join barrier
__kmp_join_barrier: T#10, old team = -1, old task_team = 0x57e95cbb8040, th_task_team = 0x57e95cbb8040
__kmp_hyper_barrier_gather: T#10(-1:2) enter for barrier type 1
__kmp_hyper_barrier_gather: T#10(-1:2) releasing T#0(-1:0) arrived(0x57e95cb8e0c0): 8 => 12
__kmp_hyper_barrier_gather: T#10(-1:2) exit for barrier type 1
__kmp_launch_thread: T#11(-1:3) done microtask = 0x57e939a68330
__kmp_join_barrier: T#11(-1:3) arrived at join barrier
__kmp_join_barrier: T#11, old team = -1, old task_team = 0x57e95cbb8040, th_task_team = 0x57e95cbb8040
__kmp_hyper_barrier_gather: T#11(-1:3) enter for barrier type 1
__kmp_hyper_barrier_gather: T#11(-1:3) releasing T#0(-1:0) arrived(0x57e95cb91040): 8 => 12
__kmp_join_barrier: T#9(-1:1) arrived at join barrier
__kmp_join_barrier: T#9, old team = -1, old task_team = 0x57e95cbb8040, th_task_team = 0x57e95cbb8040
__kmp_hyper_barrier_gather: T#11(-1:3) exit for barrier type 1
__kmp_join_barrier: T#11(-1:3) leaving
__kmp_launch_thread: T#11 waiting for work
__kmp_hyper_barrier_release: T#11 wait go(0x57e95cb91038) == 4
__kmp_wait_sleep: T#11 waiting for flag(0x7ad3abdf9f00)
__kmp_hyper_barrier_gather: T#9(-1:1) enter for barrier type 1
__kmp_hyper_barrier_gather: T#9(-1:1) releasing T#0(-1:0) arrived(0x57e95cb8b100): 8 => 12
__kmp_fork_call: T#0(-1:0) done microtask = 0x57e939a68330
__kmp_fork_call: parallel exit T#0
__kmp_join_call: enter T#0
__kmp_join_call: T#0, old team = 0x57e95cb79300 old task_team = 0x57e95cbb8040, th_task_team = 0x57e95cbb8040
__kmp_join_barrier: T#0(-1:0) arrived at join barrier
__kmp_join_barrier: T#0, old team = -1, old task_team = 0x57e95cbb8040, th_task_team = 0x57e95cbb8040
__kmp_hyper_barrier_gather: T#0(-1:0) enter for barrier type 1
__kmp_hyper_barrier_gather: T#0(-1:0) wait T#9(-1:1) arrived(0x57e95cb8b100) == 12
__kmp_hyper_barrier_gather: T#0(-1:0) wait T#10(-1:2) arrived(0x57e95cb8e0c0) == 12
__kmp_hyper_barrier_gather: T#0(-1:0) wait T#11(-1:3) arrived(0x57e95cb91040) == 12
__kmp_hyper_barrier_gather: T#0(-1:0) set team -1 arrived(0x57e95cb79380) = 12
__kmp_hyper_barrier_gather: T#0(-1:0) exit for barrier type 1
__kmp_join_barrier: T#0(-1:0) says all 4 team threads arrived
__kmp_join_barrier: T#0(-1:0) leaving
__kmp_free_team: T#0 freeing team -1
__kmp_join_call: Primary T#0 restoring task_team (nil), team 0x57e95cb78a80
__kmp_join_call: exit T#0
__kmp_hyper_barrier_gather: T#9(-1:1) exit for barrier type 1
__kmp_join_barrier: T#9(-1:1) leaving
__kmp_launch_thread: T#9 waiting for work
__kmp_hyper_barrier_release: T#9 wait go(0x57e95cb8b0f8) == 4
__kmp_internal_end_library: enter T#0  (-1)
__kmp_join_barrier: T#10(-1:2) leaving
__kmp_launch_thread: T#10 waiting for work
__kmp_internal_end_library: unregistering sibling T#0
__kmp_unregister_root_current_thread: enter T#0
__kmp_wait_sleep: T#9 waiting for flag(0x7ad3acdfde80)
__kmp_hyper_barrier_release: T#10 wait go(0x57e95cb8e0b8) == 4
__kmp_wait_sleep: T#10 waiting for flag(0x7ad3ac5fbec0)
__kmp_free_team: T#0 freeing team -1
__kmp_free_team: T#0 freeing team -1
__kmp_free_team: T#0 deactivating task_team 0x57e95cbb7e80 on team -1
__kmp_free_task_team: T#-1 task_team = 0x57e95cbb7e80
__kmp_free_team: T#0 deactivating task_team 0x57e95cbb8040 on team -1
__kmp_free_task_team: T#-1 task_team = 0x57e95cbb8040
__kmp_free_thread: T#0 putting T#9 back on free pool.
__kmp_free_thread: T#0 putting T#10 back on free pool.
__kmp_free_thread: T#0 putting T#11 back on free pool.
__kmp_wait_to_unref_task_team: T#9 task_team == NULL
__kmp_wait_to_unref_task_team: T#10 task_team == NULL
__kmp_wait_to_unref_task_team: T#11 task_team == NULL
__kmp_wait_to_unref_task_team: T#12 task_team == NULL
__kmp_wait_to_unref_task_team: T#13 task_team == NULL
__kmp_wait_to_unref_task_team: T#14 task_team == NULL
__kmp_wait_to_unref_task_team: T#15 task_team == NULL
__kmp_wait_to_unref_task_team: T#16 task_team == NULL
__kmp_wait_to_unref_task_team: T#17 task_team == NULL
__kmp_wait_to_unref_task_team: T#18 task_team == NULL
__kmp_wait_to_unref_task_team: T#19 task_team == NULL
__kmp_wait_to_unref_task_team: T#20 task_team == NULL
__kmp_wait_to_unref_task_team: T#21 task_team == NULL
__kmp_wait_to_unref_task_team: T#22 task_team == NULL
__kmp_wait_to_unref_task_team: T#23 task_team == NULL
__kmp_reap_thread: releasing T#9 from fork barrier for reap
__kmp_fork_barrier: T#9 is leaving early
__kmp_reap_worker: try to reap T#9
__kmp_launch_thread: T#9 done
__kmp_internal_end_thread: already finished
__kmp_fork_barrier: T#10 is leaving early
__kmp_launch_thread: T#10 done
__kmp_internal_end_thread: already finished
__kmp_fork_barrier: T#11 is leaving early
__kmp_launch_thread: T#11 done
__kmp_internal_end_thread: already finished
__kmp_reap_worker: done reaping T#9
__kmp_reap_thread: releasing T#10 from fork barrier for reap
__kmp_reap_worker: try to reap T#10
__kmp_reap_worker: done reaping T#10
__kmp_reap_thread: releasing T#11 from fork barrier for reap
__kmp_reap_worker: try to reap T#11
__kmp_reap_worker: done reaping T#11
__kmp_reap_thread: releasing T#12 from fork barrier for reap
__kmp_reap_worker: try to reap T#12
__kmp_fork_barrier: T#12 is leaving early
__kmp_launch_thread: T#12 done
__kmp_internal_end_thread: already finished
__kmp_reap_worker: done reaping T#12
__kmp_reap_thread: releasing T#13 from fork barrier for reap
__kmp_reap_worker: try to reap T#13
__kmp_fork_barrier: T#13 is leaving early
__kmp_launch_thread: T#13 done
__kmp_internal_end_thread: already finished
__kmp_reap_worker: done reaping T#13
__kmp_reap_thread: releasing T#14 from fork barrier for reap
__kmp_reap_worker: try to reap T#14
__kmp_fork_barrier: T#14 is leaving early
__kmp_launch_thread: T#14 done
__kmp_internal_end_thread: already finished
__kmp_reap_worker: done reaping T#14
__kmp_reap_thread: releasing T#15 from fork barrier for reap
__kmp_reap_worker: try to reap T#15
__kmp_fork_barrier: T#15 is leaving early
__kmp_launch_thread: T#15 done
__kmp_internal_end_thread: already finished
__kmp_reap_worker: done reaping T#15
__kmp_reap_thread: releasing T#16 from fork barrier for reap
__kmp_reap_worker: try to reap T#16
__kmp_fork_barrier: T#16 is leaving early
__kmp_launch_thread: T#16 done
__kmp_internal_end_thread: already finished
__kmp_reap_worker: done reaping T#16
__kmp_reap_thread: releasing T#17 from fork barrier for reap
__kmp_reap_worker: try to reap T#17
__kmp_fork_barrier: T#17 is leaving early
__kmp_launch_thread: T#17 done
__kmp_internal_end_thread: already finished
__kmp_reap_worker: done reaping T#17
__kmp_reap_thread: releasing T#18 from fork barrier for reap
__kmp_reap_worker: try to reap T#18
__kmp_fork_barrier: T#18 is leaving early
__kmp_launch_thread: T#18 done
__kmp_internal_end_thread: already finished
__kmp_reap_worker: done reaping T#18
__kmp_reap_thread: releasing T#19 from fork barrier for reap
__kmp_reap_worker: try to reap T#19
__kmp_fork_barrier: T#19 is leaving early
__kmp_launch_thread: T#19 done
__kmp_internal_end_thread: already finished
__kmp_reap_worker: done reaping T#19
__kmp_reap_thread: releasing T#20 from fork barrier for reap
__kmp_reap_worker: try to reap T#20
__kmp_fork_barrier: T#20 is leaving early
__kmp_launch_thread: T#20 done
__kmp_internal_end_thread: already finished
__kmp_reap_worker: done reaping T#20
__kmp_reap_thread: releasing T#21 from fork barrier for reap
__kmp_reap_worker: try to reap T#21
__kmp_fork_barrier: T#21 is leaving early
__kmp_launch_thread: T#21 done
__kmp_internal_end_thread: already finished
__kmp_reap_worker: done reaping T#21
__kmp_reap_thread: releasing T#22 from fork barrier for reap
__kmp_reap_worker: try to reap T#22
__kmp_fork_barrier: T#22 is leaving early
__kmp_launch_thread: T#22 done
__kmp_internal_end_thread: already finished
__kmp_reap_worker: done reaping T#22
__kmp_reap_thread: releasing T#23 from fork barrier for reap
__kmp_reap_worker: try to reap T#23
__kmp_fork_barrier: T#23 is leaving early
__kmp_launch_thread: T#23 done
__kmp_internal_end_thread: already finished
__kmp_reap_worker: done reaping T#23
__kmp_internal_end: all workers reaped
__kmp_cleanup: enter
__kmp_cleanup: go serial cleanup
__kmp_cleanup: exit
__kmp_internal_end_library: exit
[REGION 2] pthread id: 135049540250688, omp tid: 3/4
[REGION 3] pthread id: 135049540250688, omp tid: 3/4
[REGION 3] pthread id: 135049548647360, omp tid: 2/4
[REGION 3] pthread id: 135049559701312, omp tid: 0/4
[REGION 3] pthread id: 135049557044032, omp tid: 1/4
done
